Component: Arm Compiler for Embedded 6.24 Tool: armlink [5f371500]

==============================================================================

Section Cross References

    empty.o(.text.LED_Test) refers to empty.o(.text.DL_GPIO_togglePins) for DL_GPIO_togglePins
    empty.o(.ARM.exidx.text.LED_Test) refers to empty.o(.text.LED_Test) for [Anonymous Symbol]
    empty.o(.ARM.exidx.text.DL_GPIO_togglePins) refers to empty.o(.text.DL_GPIO_togglePins) for [Anonymous Symbol]
    empty.o(.text.NULL_Test) refers to my_ticks.o(.text.WR_GetTick) for WR_GetTick
    empty.o(.text.NULL_Test) refers to empty.o(.bss.NULL_Test.task_next_time_NULL_test_task) for [Anonymous Symbol]
    empty.o(.ARM.exidx.text.NULL_Test) refers to empty.o(.text.NULL_Test) for [Anonymous Symbol]
    empty.o(.text.Turn_leftangle) refers to fadd.o(.text) for __aeabi_fadd
    empty.o(.text.Turn_leftangle) refers to pid.o(.data.Angleloop_PIDParam) for Angleloop_PIDParam
    empty.o(.ARM.exidx.text.Turn_leftangle) refers to empty.o(.text.Turn_leftangle) for [Anonymous Symbol]
    empty.o(.text.main) refers to ti_msp_dl_config.o(.text.SYSCFG_DL_init) for SYSCFG_DL_init
    empty.o(.text.main) refers to bsp_key.o(.text.BspKey_Init) for BspKey_Init
    empty.o(.text.main) refers to bsp_uart.o(.text.BspUART_Init) for BspUART_Init
    empty.o(.text.main) refers to bsp_encouder.o(.text.BspEncoder_Init) for BspEncoder_Init
    empty.o(.text.main) refers to bsp_motor.o(.text.BspMotor_Init) for BspMotor_Init
    empty.o(.text.main) refers to pid.o(.text.anglebase_init) for anglebase_init
    empty.o(.text.main) refers to pid.o(.text.SpeedLop_Init) for SpeedLop_Init
    empty.o(.text.main) refers to bsp_key.o(.text.WR_KeyControlTask) for WR_KeyControlTask
    empty.o(.text.main) refers to bsp_uart.o(.text.VOFA_SendData) for VOFA_SendData
    empty.o(.text.main) refers to bsp_key.o(.data.bsp_key_param) for bsp_key_param
    empty.o(.text.main) refers to pid.o(.text.TrackLop_Init) for TrackLop_Init
    empty.o(.text.main) refers to pid.o(.text.AngleLop_Init) for AngleLop_Init
    empty.o(.text.main) refers to empty.o(.text.Turn_leftangle) for Turn_leftangle
    empty.o(.text.main) refers to empty.o(.text.LED_Test) for LED_Test
    empty.o(.text.main) refers to bsp_uart.o(.bss.Yaw_received) for Yaw_received
    empty.o(.text.main) refers to empty.o(.bss.vofa_arry) for vofa_arry
    empty.o(.text.main) refers to pid.o(.data.Angleloop_PIDParam) for Angleloop_PIDParam
    empty.o(.text.main) refers to bsp_track.o(.bss.coord) for coord
    empty.o(.text.main) refers to bsp_track.o(.data.last_coord) for last_coord
    empty.o(.ARM.exidx.text.main) refers to empty.o(.text.main) for [Anonymous Symbol]
    startup_mspm0g350x_uvision.o(RESET) refers to startup_mspm0g350x_uvision.o(STACK) for __initial_sp
    startup_mspm0g350x_uvision.o(RESET) refers to startup_mspm0g350x_uvision.o(.text) for Reset_Handler
    startup_mspm0g350x_uvision.o(RESET) refers to my_ticks.o(.text.SysTick_Handler) for SysTick_Handler
    startup_mspm0g350x_uvision.o(RESET) refers to bsp_encouder.o(.text.GROUP1_IRQHandler) for GROUP1_IRQHandler
    startup_mspm0g350x_uvision.o(RESET) refers to pid.o(.text.TIMG8_IRQHandler) for TIMG8_IRQHandler
    startup_mspm0g350x_uvision.o(RESET) refers to bsp_uart.o(.text.UART1_IRQHandler) for UART1_IRQHandler
    startup_mspm0g350x_uvision.o(RESET) refers to bsp_uart.o(.text.UART0_IRQHandler) for UART0_IRQHandler
    startup_mspm0g350x_uvision.o(RESET) refers to pid.o(.text.TIMG0_IRQHandler) for TIMG0_IRQHandler
    startup_mspm0g350x_uvision.o(RESET) refers to pid.o(.text.TIMG6_IRQHandler) for TIMG6_IRQHandler
    startup_mspm0g350x_uvision.o(RESET) refers to bsp_key.o(.text.TIMG12_IRQHandler) for TIMG12_IRQHandler
    startup_mspm0g350x_uvision.o(.text) refers to entry.o(.ARM.Collect$$$$00000000) for __main
    ti_msp_dl_config.o(.text.SYSCFG_DL_init) refers to ti_msp_dl_config.o(.text.SYSCFG_DL_initPower) for SYSCFG_DL_initPower
    ti_msp_dl_config.o(.text.SYSCFG_DL_init) refers to ti_msp_dl_config.o(.text.SYSCFG_DL_GPIO_init) for SYSCFG_DL_GPIO_init
    ti_msp_dl_config.o(.text.SYSCFG_DL_init) refers to ti_msp_dl_config.o(.text.SYSCFG_DL_SYSCTL_init) for SYSCFG_DL_SYSCTL_init
    ti_msp_dl_config.o(.text.SYSCFG_DL_init) refers to ti_msp_dl_config.o(.text.SYSCFG_DL_Motor_A_init) for SYSCFG_DL_Motor_A_init
    ti_msp_dl_config.o(.text.SYSCFG_DL_init) refers to ti_msp_dl_config.o(.text.SYSCFG_DL_Motor_B_init) for SYSCFG_DL_Motor_B_init
    ti_msp_dl_config.o(.text.SYSCFG_DL_init) refers to ti_msp_dl_config.o(.text.SYSCFG_DL_Debug_Buzzer_init) for SYSCFG_DL_Debug_Buzzer_init
    ti_msp_dl_config.o(.text.SYSCFG_DL_init) refers to ti_msp_dl_config.o(.text.SYSCFG_DL_Key_task_init) for SYSCFG_DL_Key_task_init
    ti_msp_dl_config.o(.text.SYSCFG_DL_init) refers to ti_msp_dl_config.o(.text.SYSCFG_DL_PidSpeed_Task_init) for SYSCFG_DL_PidSpeed_Task_init
[...]
    [Anonymous Symbol]                       0x00001364   Section        0  bsp_encouder.o(.text.DL_GPIO_getEnabledInterruptStatus)
    __arm_cp.5_0                             0x00001378   Number         4  bsp_encouder.o(.text.DL_GPIO_getEnabledInterruptStatus)
    DL_GPIO_initDigitalInputFeatures         0x0000137d   Thumb Code    44  ti_msp_dl_config.o(.text.DL_GPIO_initDigitalInputFeatures)
    [Anonymous Symbol]                       0x0000137c   Section        0  ti_msp_dl_config.o(.text.DL_GPIO_initDigitalInputFeatures)
    __arm_cp.27_0                            0x000013a8   Number         4  ti_msp_dl_config.o(.text.DL_GPIO_initDigitalInputFeatures)
    DL_GPIO_initDigitalOutput                0x000013ad   Thumb Code    20  ti_msp_dl_config.o(.text.DL_GPIO_initDigitalOutput)
    [Anonymous Symbol]                       0x000013ac   Section        0  ti_msp_dl_config.o(.text.DL_GPIO_initDigitalOutput)
    DL_GPIO_initDigitalOutputFeatures        0x000013c1   Thumb Code    44  ti_msp_dl_config.o(.text.DL_GPIO_initDigitalOutputFeatures)
    [Anonymous Symbol]                       0x000013c0   Section        0  ti_msp_dl_config.o(.text.DL_GPIO_initDigitalOutputFeatures)
    DL_GPIO_initPeripheralAnalogFunction     0x000013ed   Thumb Code    20  ti_msp_dl_config.o(.text.DL_GPIO_initPeripheralAnalogFunction)
    [Anonymous Symbol]                       0x000013ec   Section        0  ti_msp_dl_config.o(.text.DL_GPIO_initPeripheralAnalogFunction)
    DL_GPIO_initPeripheralInputFunction      0x00001401   Thumb Code    24  ti_msp_dl_config.o(.text.DL_GPIO_initPeripheralInputFunction)
    [Anonymous Symbol]                       0x00001400   Section        0  ti_msp_dl_config.o(.text.DL_GPIO_initPeripheralInputFunction)
    __arm_cp.25_0                            0x00001418   Number         4  ti_msp_dl_config.o(.text.DL_GPIO_initPeripheralInputFunction)
    DL_GPIO_initPeripheralOutputFunction     0x0000141d   Thumb Code    24  ti_msp_dl_config.o(.text.DL_GPIO_initPeripheralOutputFunction)
    [Anonymous Symbol]                       0x0000141c   Section        0  ti_msp_dl_config.o(.text.DL_GPIO_initPeripheralOutputFunction)
    __arm_cp.23_0                            0x00001434   Number         4  ti_msp_dl_config.o(.text.DL_GPIO_initPeripheralOutputFunction)
    DL_GPIO_readPins                         0x00001439   Thumb Code    22  bsp_key.o(.text.DL_GPIO_readPins)
    [Anonymous Symbol]                       0x00001438   Section        0  bsp_key.o(.text.DL_GPIO_readPins)
    DL_GPIO_readPins                         0x0000144f   Thumb Code    22  bsp_encouder.o(.text.DL_GPIO_readPins)
    [Anonymous Symbol]                       0x0000144e   Section        0  bsp_encouder.o(.text.DL_GPIO_readPins)
    DL_GPIO_readPins                         0x00001465   Thumb Code    22  bsp_track.o(.text.DL_GPIO_readPins)
    [Anonymous Symbol]                       0x00001464   Section        0  bsp_track.o(.text.DL_GPIO_readPins)
    DL_GPIO_reset                            0x0000147d   Thumb Code    16  ti_msp_dl_config.o(.text.DL_GPIO_reset)
    [Anonymous Symbol]                       0x0000147c   Section        0  ti_msp_dl_config.o(.text.DL_GPIO_reset)
    __arm_cp.16_0                            0x0000148c   Number         4  ti_msp_dl_config.o(.text.DL_GPIO_reset)
    __arm_cp.16_1                            0x00001490   Number         4  ti_msp_dl_config.o(.text.DL_GPIO_reset)
    DL_GPIO_setLowerPinsPolarity             0x00001495   Thumb Code    24  ti_msp_dl_config.o(.text.DL_GPIO_setLowerPinsPolarity)
    [Anonymous Symbol]                       0x00001494   Section        0  ti_msp_dl_config.o(.text.DL_GPIO_setLowerPinsPolarity)
    __arm_cp.29_0                            0x000014ac   Number         4  ti_msp_dl_config.o(.text.DL_GPIO_setLowerPinsPolarity)
    DL_GPIO_setPins                          0x000014b1   Thumb Code    20  ti_msp_dl_config.o(.text.DL_GPIO_setPins)
    [Anonymous Symbol]                       0x000014b0   Section        0  ti_msp_dl_config.o(.text.DL_GPIO_setPins)
    DL_GPIO_setPins                          0x000014c5   Thumb Code    20  bsp_motor.o(.text.DL_GPIO_setPins)
    [Anonymous Symbol]                       0x000014c4   Section        0  bsp_motor.o(.text.DL_GPIO_setPins)
    __arm_cp.2_0                             0x000014d8   Number         4  bsp_motor.o(.text.DL_GPIO_setPins)
    DL_GPIO_setUpperPinsPolarity             0x000014dd   Thumb Code    24  ti_msp_dl_config.o(.text.DL_GPIO_setUpperPinsPolarity)
    [Anonymous Symbol]                       0x000014dc   Section        0  ti_msp_dl_config.o(.text.DL_GPIO_setUpperPinsPolarity)
    DL_GPIO_togglePins                       0x000014f5   Thumb Code    20  empty.o(.text.DL_GPIO_togglePins)
    [Anonymous Symbol]                       0x000014f4   Section        0  empty.o(.text.DL_GPIO_togglePins)
    __arm_cp.1_0                             0x00001508   Number         4  empty.o(.text.DL_GPIO_togglePins)
    [Anonymous Symbol]                       0x0000150c   Section        0  dl_sysctl_mspm0g1x0x_g3x0x.o(.text.DL_SYSCTL_configSYSPLL)
    __arm_cp.0_2                             0x000015c0   Number         4  dl_sysctl_mspm0g1x0x_g3x0x.o(.text.DL_SYSCTL_configSYSPLL)
    __arm_cp.0_3                             0x000015c4   Number         4  dl_sysctl_mspm0g1x0x_g3x0x.o(.text.DL_SYSCTL_configSYSPLL)
    __arm_cp.0_4                             0x000015c8   Number         4  dl_sysctl_mspm0g1x0x_g3x0x.o(.text.DL_SYSCTL_configSYSPLL)
    DL_SYSCTL_disableHFXT                    0x000015cd   Thumb Code    12  ti_msp_dl_config.o(.text.DL_SYSCTL_disableHFXT)
    [Anonymous Symbol]                       0x000015cc   Section        0  ti_msp_dl_config.o(.text.DL_SYSCTL_disableHFXT)
    DL_SYSCTL_disableSYSPLL                  0x000015d9   Thumb Code    16  ti_msp_dl_config.o(.text.DL_SYSCTL_disableSYSPLL)
    [Anonymous Symbol]                       0x000015d8   Section        0  ti_msp_dl_config.o(.text.DL_SYSCTL_disableSYSPLL)
    __arm_cp.39_0                            0x000015e8   Number         4  ti_msp_dl_config.o(.text.DL_SYSCTL_disableSYSPLL)
    DL_SYSCTL_setBORThreshold                0x000015ed   Thumb Code    20  ti_msp_dl_config.o(.text.DL_SYSCTL_setBORThreshold)
    [Anonymous Symbol]                       0x000015ec   Section        0  ti_msp_dl_config.o(.text.DL_SYSCTL_setBORThreshold)
    __arm_cp.35_0                            0x00001600   Number         4  ti_msp_dl_config.o(.text.DL_SYSCTL_setBORThreshold)
    DL_SYSCTL_setFlashWaitState              0x00001605   Thumb Code    28  ti_msp_dl_config.o(.text.DL_SYSCTL_setFlashWaitState)
    [Anonymous Symbol]                       0x00001604   Section        0  ti_msp_dl_config.o(.text.DL_SYSCTL_setFlashWaitState)
    [Anonymous Symbol]                       0x00001620   Section        0  dl_sysctl_mspm0g1x0x_g3x0x.o(.text.DL_SYSCTL_setHFCLKSourceHFXTParams)
    __arm_cp.7_0                             0x0000166c   Number         4  dl_sysctl_mspm0g1x0x_g3x0x.o(.text.DL_SYSCTL_setHFCLKSourceHFXTParams)
    DL_SYSCTL_setSYSOSCFreq                  0x00001671   Thumb Code    24  ti_msp_dl_config.o(.text.DL_SYSCTL_setSYSOSCFreq)
    [Anonymous Symbol]                       0x00001670   Section        0  ti_msp_dl_config.o(.text.DL_SYSCTL_setSYSOSCFreq)
    __arm_cp.37_0                            0x00001688   Number         4  ti_msp_dl_config.o(.text.DL_SYSCTL_setSYSOSCFreq)
    DL_SYSCTL_setULPCLKDivider               0x0000168d   Thumb Code    24  ti_msp_dl_config.o(.text.DL_SYSCTL_setULPCLKDivider)
    [Anonymous Symbol]                       0x0000168c   Section        0  ti_msp_dl_config.o(.text.DL_SYSCTL_setULPCLKDivider)
    [Anonymous Symbol]                       0x000016a4   Section        0  dl_sysctl_mspm0g1x0x_g3x0x.o(.text.DL_SYSCTL_switchMCLKfromSYSOSCtoHSCLK)
    __arm_cp.4_0                             0x000016c4   Number         4  dl_sysctl_mspm0g1x0x_g3x0x.o(.text.DL_SYSCTL_switchMCLKfromSYSOSCtoHSCLK)
    __arm_cp.4_1                             0x000016c8   Number         4  dl_sysctl_mspm0g1x0x_g3x0x.o(.text.DL_SYSCTL_switchMCLKfromSYSOSCtoHSCLK)
    DL_Timer_clearInterruptStatus            0x000016cd   Thumb Code    20  bsp_key.o(.text.DL_Timer_clearInterruptStatus)
    [Anonymous Symbol]                       0x000016cc   Section        0  bsp_key.o(.text.DL_Timer_clearInterruptStatus)
    __arm_cp.8_0                             0x000016e0   Number         4  bsp_key.o(.text.DL_Timer_clearInterruptStatus)
    DL_Timer_enableClock                     0x000016e5   Thumb Code    16  ti_msp_dl_config.o(.text.DL_Timer_enableClock)
    [Anonymous Symbol]                       0x000016e4   Section        0  ti_msp_dl_config.o(.text.DL_Timer_enableClock)
    __arm_cp.43_0                            0x000016f4   Number         4  ti_msp_dl_config.o(.text.DL_Timer_enableClock)
    DL_Timer_enableInterrupt                 0x000016f9   Thumb Code    24  ti_msp_dl_config.o(.text.DL_Timer_enableInterrupt)
    [Anonymous Symbol]                       0x000016f8   Section        0  ti_msp_dl_config.o(.text.DL_Timer_enableInterrupt)
    DL_Timer_enablePower                     0x00001711   Thumb Code    20  ti_msp_dl_config.o(.text.DL_Timer_enablePower)
    [Anonymous Symbol]                       0x00001710   Section        0  ti_msp_dl_config.o(.text.DL_Timer_enablePower)
    DL_Timer_getPendingInterrupt             0x00001725   Thumb Code    18  bsp_key.o(.text.DL_Timer_getPendingInterrupt)
    [Anonymous Symbol]                       0x00001724   Section        0  bsp_key.o(.text.DL_Timer_getPendingInterrupt)
    DL_Timer_getPendingInterrupt             0x00001737   Thumb Code    18  pid.o(.text.DL_Timer_getPendingInterrupt)
    [Anonymous Symbol]                       0x00001736   Section        0  pid.o(.text.DL_Timer_getPendingInterrupt)
    [Anonymous Symbol]                       0x00001748   Section        0  dl_timer.o(.text.DL_Timer_initFourCCPWMMode)
    __arm_cp.40_1                            0x0000183c   Number         4  dl_timer.o(.text.DL_Timer_initFourCCPWMMode)
    __arm_cp.40_2                            0x00001840   Number         4  dl_timer.o(.text.DL_Timer_initFourCCPWMMode)
    __arm_cp.40_4                            0x00001844   Number         4  dl_timer.o(.text.DL_Timer_initFourCCPWMMode)
    __arm_cp.40_5                            0x00001848   Number         4  dl_timer.o(.text.DL_Timer_initFourCCPWMMode)
    __arm_cp.40_6                            0x0000184c   Number         4  dl_timer.o(.text.DL_Timer_initFourCCPWMMode)
    [Anonymous Symbol]                       0x00001850   Section        0  dl_timer.o(.text.DL_Timer_initTimerMode)
    __arm_cp.2_0                             0x00001930   Number         4  dl_timer.o(.text.DL_Timer_initTimerMode)
    __arm_cp.2_2                             0x00001934   Number         4  dl_timer.o(.text.DL_Timer_initTimerMode)
    __arm_cp.2_3                             0x00001938   Number         4  dl_timer.o(.text.DL_Timer_initTimerMode)
    DL_Timer_reset                           0x0000193d   Thumb Code    16  ti_msp_dl_config.o(.text.DL_Timer_reset)
    [Anonymous Symbol]                       0x0000193c   Section        0  ti_msp_dl_config.o(.text.DL_Timer_reset)
    DL_Timer_setCCPDirection                 0x0000194d   Thumb Code    20  ti_msp_dl_config.o(.text.DL_Timer_setCCPDirection)
    [Anonymous Symbol]                       0x0000194c   Section        0  ti_msp_dl_config.o(.text.DL_Timer_setCCPDirection)
    [Anonymous Symbol]                       0x00001960   Section        0  dl_timer.o(.text.DL_Timer_setCaptCompUpdateMethod)
    __arm_cp.23_0                            0x00001978   Number         4  dl_timer.o(.text.DL_Timer_setCaptCompUpdateMethod)
    [Anonymous Symbol]                       0x0000197c   Section        0  dl_timer.o(.text.DL_Timer_setCaptureCompareOutCtl)
    __arm_cp.27_0                            0x00001990   Number         4  dl_timer.o(.text.DL_Timer_setCaptureCompareOutCtl)
    [Anonymous Symbol]                       0x00001994   Section        0  dl_timer.o(.text.DL_Timer_setCaptureCompareValue)
    __arm_cp.3_0                             0x000019a0   Number         4  dl_timer.o(.text.DL_Timer_setCaptureCompareValue)
    [Anonymous Symbol]                       0x000019a4   Section        0  dl_timer.o(.text.DL_Timer_setClockConfig)
    __arm_cp.0_0                             0x000019bc   Number         4  dl_timer.o(.text.DL_Timer_setClockConfig)
    DL_Timer_setCounterControl               0x000019c1   Thumb Code    52  ti_msp_dl_config.o(.text.DL_Timer_setCounterControl)
    [Anonymous Symbol]                       0x000019c0   Section        0  ti_msp_dl_config.o(.text.DL_Timer_setCounterControl)
    __arm_cp.42_0                            0x000019f4   Number         4  ti_msp_dl_config.o(.text.DL_Timer_setCounterControl)
    __arm_cp.42_1                            0x000019f8   Number         4  ti_msp_dl_config.o(.text.DL_Timer_setCounterControl)
    DL_UART_enable                           0x000019fd   Thumb Code    22  ti_msp_dl_config.o(.text.DL_UART_enable)
    [Anonymous Symbol]                       0x000019fc   Section        0  ti_msp_dl_config.o(.text.DL_UART_enable)
    DL_UART_enableInterrupt                  0x00001a15   Thumb Code    24  ti_msp_dl_config.o(.text.DL_UART_enableInterrupt)
    [Anonymous Symbol]                       0x00001a14   Section        0  ti_msp_dl_config.o(.text.DL_UART_enableInterrupt)
    __arm_cp.48_0                            0x00001a2c   Number         4  ti_msp_dl_config.o(.text.DL_UART_enableInterrupt)
    DL_UART_enablePower                      0x00001a31   Thumb Code    20  ti_msp_dl_config.o(.text.DL_UART_enablePower)
    [Anonymous Symbol]                       0x00001a30   Section        0  ti_msp_dl_config.o(.text.DL_UART_enablePower)
    __arm_cp.21_0                            0x00001a44   Number         4  ti_msp_dl_config.o(.text.DL_UART_enablePower)
    DL_UART_getPendingInterrupt              0x00001a49   Thumb Code    18  bsp_uart.o(.text.DL_UART_getPendingInterrupt)
    [Anonymous Symbol]                       0x00001a48   Section        0  bsp_uart.o(.text.DL_UART_getPendingInterrupt)
    [Anonymous Symbol]                       0x00001a5c   Section        0  dl_uart.o(.text.DL_UART_init)
    __arm_cp.0_0                             0x00001a9c   Number         4  dl_uart.o(.text.DL_UART_init)
    __arm_cp.0_1                             0x00001aa0   Number         4  dl_uart.o(.text.DL_UART_init)
    DL_UART_receiveData                      0x00001aa5   Thumb Code    16  bsp_uart.o(.text.DL_UART_receiveData)
    [Anonymous Symbol]                       0x00001aa4   Section        0  bsp_uart.o(.text.DL_UART_receiveData)
    __arm_cp.8_0                             0x00001ab4   Number         4  bsp_uart.o(.text.DL_UART_receiveData)
    DL_UART_reset                            0x00001ab9   Thumb Code    16  ti_msp_dl_config.o(.text.DL_UART_reset)
    [Anonymous Symbol]                       0x00001ab8   Section        0  ti_msp_dl_config.o(.text.DL_UART_reset)
    __arm_cp.18_0                            0x00001ac8   Number         4  ti_msp_dl_config.o(.text.DL_UART_reset)
    __arm_cp.18_1                            0x00001acc   Number         4  ti_msp_dl_config.o(.text.DL_UART_reset)
    DL_UART_setBaudRateDivisor               0x00001ad1   Thumb Code    60  ti_msp_dl_config.o(.text.DL_UART_setBaudRateDivisor)
    [Anonymous Symbol]                       0x00001ad0   Section        0  ti_msp_dl_config.o(.text.DL_UART_setBaudRateDivisor)
    __arm_cp.47_0                            0x00001b0c   Number         4  ti_msp_dl_config.o(.text.DL_UART_setBaudRateDivisor)
    __arm_cp.47_1                            0x00001b10   Number         4  ti_msp_dl_config.o(.text.DL_UART_setBaudRateDivisor)
    __arm_cp.47_2                            0x00001b14   Number         4  ti_msp_dl_config.o(.text.DL_UART_setBaudRateDivisor)
    __arm_cp.47_3                            0x00001b18   Number         4  ti_msp_dl_config.o(.text.DL_UART_setBaudRateDivisor)
    [Anonymous Symbol]                       0x00001b1c   Section        0  dl_uart.o(.text.DL_UART_setClockConfig)
    DL_UART_setOversampling                  0x00001b2f   Thumb Code    30  ti_msp_dl_config.o(.text.DL_UART_setOversampling)
    [Anonymous Symbol]                       0x00001b2e   Section        0  ti_msp_dl_config.o(.text.DL_UART_setOversampling)
    [Anonymous Symbol]                       0x00001b4c   Section        0  dl_uart.o(.text.DL_UART_transmitDataBlocking)
    __arm_cp.7_0                             0x00001b5c   Number         4  dl_uart.o(.text.DL_UART_transmitDataBlocking)
    [Anonymous Symbol]                       0x00001b60   Section        0  bsp_encouder.o(.text.GROUP1_IRQHandler)
    __arm_cp.4_0                             0x00001c7c   Number         4  bsp_encouder.o(.text.GROUP1_IRQHandler)
    [Anonymous Symbol]                       0x00001c80   Section        0  empty.o(.text.LED_Test)
    __arm_cp.0_0                             0x00001c90   Number         4  empty.o(.text.LED_Test)
    [Anonymous Symbol]                       0x00001c94   Section        0  pid.o(.text.Pid_Calculate)
    __arm_cp.9_0                             0x00001f78   Number         4  pid.o(.text.Pid_Calculate)
    __arm_cp.9_1                             0x00001f7c   Number         4  pid.o(.text.Pid_Calculate)
    __arm_cp.9_2                             0x00001f80   Number         4  pid.o(.text.Pid_Calculate)
    __arm_cp.9_3                             0x00001f84   Number         4  pid.o(.text.Pid_Calculate)
    [Anonymous Symbol]                       0x00001f88   Section        0  ti_msp_dl_config.o(.text.SYSCFG_DL_Debug_Buzzer_init)
    __arm_cp.6_0                             0x00001fe0   Number         4  ti_msp_dl_config.o(.text.SYSCFG_DL_Debug_Buzzer_init)
    __arm_cp.6_1                             0x00001fe4   Number         4  ti_msp_dl_config.o(.text.SYSCFG_DL_Debug_Buzzer_init)
    __arm_cp.6_2                             0x00001fe8   Number         4  ti_msp_dl_config.o(.text.SYSCFG_DL_Debug_Buzzer_init)
    __arm_cp.6_3                             0x00001fec   Number         4  ti_msp_dl_config.o(.text.SYSCFG_DL_Debug_Buzzer_init)
    [Anonymous Symbol]                       0x00001ff0   Section        0  ti_msp_dl_config.o(.text.SYSCFG_DL_Debug_UART_init)
    __arm_cp.11_0                            0x00002030   Number         4  ti_msp_dl_config.o(.text.SYSCFG_DL_Debug_UART_init)
    __arm_cp.11_1                            0x00002034   Number         4  ti_msp_dl_config.o(.text.SYSCFG_DL_Debug_UART_init)
    __arm_cp.11_2                            0x00002038   Number         4  ti_msp_dl_config.o(.text.SYSCFG_DL_Debug_UART_init)
    [Anonymous Symbol]                       0x0000203c   Section        0  ti_msp_dl_config.o(.text.SYSCFG_DL_GPIO_init)
    __arm_cp.2_0                             0x00002220   Number         4  ti_msp_dl_config.o(.text.SYSCFG_DL_GPIO_init)
    __arm_cp.2_2                             0x00002224   Number         4  ti_msp_dl_config.o(.text.SYSCFG_DL_GPIO_init)
    __arm_cp.2_3                             0x00002228   Number         4  ti_msp_dl_config.o(.text.SYSCFG_DL_GPIO_init)
    __arm_cp.2_4                             0x0000222c   Number         4  ti_msp_dl_config.o(.text.SYSCFG_DL_GPIO_init)
    __arm_cp.2_5                             0x00002230   Number         4  ti_msp_dl_config.o(.text.SYSCFG_DL_GPIO_init)
    [Anonymous Symbol]                       0x00002234   Section        0  ti_msp_dl_config.o(.text.SYSCFG_DL_Key_task_init)
    __arm_cp.7_0                             0x00002264   Number         4  ti_msp_dl_config.o(.text.SYSCFG_DL_Key_task_init)
    __arm_cp.7_2                             0x00002268   Number         4  ti_msp_dl_config.o(.text.SYSCFG_DL_Key_task_init)
    [Anonymous Symbol]                       0x0000226c   Section        0  ti_msp_dl_config.o(.text.SYSCFG_DL_Motor_A_init)
    __arm_cp.4_0                             0x000022cc   Number         4  ti_msp_dl_config.o(.text.SYSCFG_DL_Motor_A_init)
    __arm_cp.4_2                             0x000022d0   Number         4  ti_msp_dl_config.o(.text.SYSCFG_DL_Motor_A_init)
    [Anonymous Symbol]                       0x000022d4   Section        0  ti_msp_dl_config.o(.text.SYSCFG_DL_Motor_B_init)
    __arm_cp.5_0                             0x00002334   Number         4  ti_msp_dl_config.o(.text.SYSCFG_DL_Motor_B_init)
    __arm_cp.5_2                             0x00002338   Number         4  ti_msp_dl_config.o(.text.SYSCFG_DL_Motor_B_init)
    __arm_cp.5_3                             0x0000233c   Number         4  ti_msp_dl_config.o(.text.SYSCFG_DL_Motor_B_init)
    [Anonymous Symbol]                       0x00002340   Section        0  ti_msp_dl_config.o(.text.SYSCFG_DL_PidAngle_Task_init)
    __arm_cp.10_0                            0x00002374   Number         4  ti_msp_dl_config.o(.text.SYSCFG_DL_PidAngle_Task_init)
    __arm_cp.10_2                            0x00002378   Number         4  ti_msp_dl_config.o(.text.SYSCFG_DL_PidAngle_Task_init)
    [Anonymous Symbol]                       0x0000237c   Section        0  ti_msp_dl_config.o(.text.SYSCFG_DL_PidSpeed_Task_init)
    __arm_cp.8_0                             0x000023b0   Number         4  ti_msp_dl_config.o(.text.SYSCFG_DL_PidSpeed_Task_init)
    __arm_cp.8_2                             0x000023b4   Number         4  ti_msp_dl_config.o(.text.SYSCFG_DL_PidSpeed_Task_init)
    [Anonymous Symbol]                       0x000023b8   Section        0  ti_msp_dl_config.o(.text.SYSCFG_DL_PidTrack_Task_init)
    __arm_cp.9_0                             0x000023ec   Number         4  ti_msp_dl_config.o(.text.SYSCFG_DL_PidTrack_Task_init)
    __arm_cp.9_2                             0x000023f0   Number         4  ti_msp_dl_config.o(.text.SYSCFG_DL_PidTrack_Task_init)
    [Anonymous Symbol]                       0x000023f4   Section        0  ti_msp_dl_config.o(.text.SYSCFG_DL_Rx_yaw_init)
    __arm_cp.12_0                            0x00002438   Number         4  ti_msp_dl_config.o(.text.SYSCFG_DL_Rx_yaw_init)
    __arm_cp.12_2                            0x0000243c   Number         4  ti_msp_dl_config.o(.text.SYSCFG_DL_Rx_yaw_init)
    [Anonymous Symbol]                       0x00002440   Section        0  ti_msp_dl_config.o(.text.SYSCFG_DL_SYSCTL_init)
    __arm_cp.3_0                             0x00002490   Number         4  ti_msp_dl_config.o(.text.SYSCFG_DL_SYSCTL_init)
    [Anonymous Symbol]                       0x00002494   Section        0  ti_msp_dl_config.o(.text.SYSCFG_DL_SYSTICK_init)
    __arm_cp.13_0                            0x000024a0   Number         4  ti_msp_dl_config.o(.text.SYSCFG_DL_SYSTICK_init)
    [Anonymous Symbol]                       0x000024a4   Section        0  ti_msp_dl_config.o(.text.SYSCFG_DL_init)
    __arm_cp.0_0                             0x000024f4   Number         4  ti_msp_dl_config.o(.text.SYSCFG_DL_init)
    __arm_cp.0_1                             0x000024f8   Number         4  ti_msp_dl_config.o(.text.SYSCFG_DL_init)
    __arm_cp.0_2                             0x000024fc   Number         4  ti_msp_dl_config.o(.text.SYSCFG_DL_init)
    __arm_cp.0_3                             0x00002500   Number         4  ti_msp_dl_config.o(.text.SYSCFG_DL_init)
    [Anonymous Symbol]                       0x00002504   Section        0  ti_msp_dl_config.o(.text.SYSCFG_DL_initPower)
    __arm_cp.1_0                             0x000025ac   Number         4  ti_msp_dl_config.o(.text.SYSCFG_DL_initPower)
    __arm_cp.1_1                             0x000025b0   Number         4  ti_msp_dl_config.o(.text.SYSCFG_DL_initPower)
    __arm_cp.1_2                             0x000025b4   Number         4  ti_msp_dl_config.o(.text.SYSCFG_DL_initPower)
    __arm_cp.1_3                             0x000025b8   Number         4  ti_msp_dl_config.o(.text.SYSCFG_DL_initPower)
    __arm_cp.1_4                             0x000025bc   Number         4  ti_msp_dl_config.o(.text.SYSCFG_DL_initPower)
    __arm_cp.1_5                             0x000025c0   Number         4  ti_msp_dl_config.o(.text.SYSCFG_DL_initPower)
    __arm_cp.1_6                             0x000025c4   Number         4  ti_msp_dl_config.o(.text.SYSCFG_DL_initPower)
    __arm_cp.1_10                            0x000025c8   Number         4  ti_msp_dl_config.o(.text.SYSCFG_DL_initPower)
    [Anonymous Symbol]                       0x000025cc   Section        0  bsp_uart.o(.text.Serial_SendByte)
    __arm_cp.11_0                            0x000025e4   Number         4  bsp_uart.o(.text.Serial_SendByte)
    [Anonymous Symbol]                       0x000025e8   Section        0  bsp_motor.o(.text.SpeedLoop_set)
    [Anonymous Symbol]                       0x00002624   Section        0  pid.o(.text.SpeedLop_Init)
    SysTick_Config                           0x0000263d   Thumb Code    68  ti_msp_dl_config.o(.text.SysTick_Config)
    [Anonymous Symbol]                       0x0000263c   Section        0  ti_msp_dl_config.o(.text.SysTick_Config)
    __arm_cp.50_0                            0x00002680   Number         4  ti_msp_dl_config.o(.text.SysTick_Config)
    __arm_cp.50_1                            0x00002684   Number         4  ti_msp_dl_config.o(.text.SysTick_Config)
    __arm_cp.50_2                            0x00002688   Number         4  ti_msp_dl_config.o(.text.SysTick_Config)
    [Anonymous Symbol]                       0x0000268c   Section        0  my_ticks.o(.text.SysTick_Handler)
    [Anonymous Symbol]                       0x00002694   Section        0  pid.o(.text.TIMG0_IRQHandler)
    __arm_cp.14_0                            0x000026fc   Number         4  pid.o(.text.TIMG0_IRQHandler)
    __arm_cp.14_2                            0x00002700   Number         4  pid.o(.text.TIMG0_IRQHandler)
    __arm_cp.14_3                            0x00002704   Number         4  pid.o(.text.TIMG0_IRQHandler)
    __arm_cp.14_4                            0x00002708   Number         4  pid.o(.text.TIMG0_IRQHandler)
    [Anonymous Symbol]                       0x0000270c   Section        0  bsp_key.o(.text.TIMG12_IRQHandler)
    __arm_cp.6_0                             0x0000272c   Number         4  bsp_key.o(.text.TIMG12_IRQHandler)
    [Anonymous Symbol]                       0x00002730   Section        0  pid.o(.text.TIMG6_IRQHandler)
    __arm_cp.12_0                            0x0000279c   Number         4  pid.o(.text.TIMG6_IRQHandler)
    __arm_cp.12_2                            0x000027a0   Number         4  pid.o(.text.TIMG6_IRQHandler)
    __arm_cp.12_3                            0x000027a4   Number         4  pid.o(.text.TIMG6_IRQHandler)
    __arm_cp.12_4                            0x000027a8   Number         4  pid.o(.text.TIMG6_IRQHandler)
    __arm_cp.12_5                            0x000027ac   Number         4  pid.o(.text.TIMG6_IRQHandler)
    __arm_cp.12_6                            0x000027b0   Number         4  pid.o(.text.TIMG6_IRQHandler)
    [Anonymous Symbol]                       0x000027b4   Section        0  pid.o(.text.TIMG8_IRQHandler)
    __arm_cp.10_0                            0x00002820   Number         4  pid.o(.text.TIMG8_IRQHandler)
    __arm_cp.10_1                            0x00002824   Number         4  pid.o(.text.TIMG8_IRQHandler)
    __arm_cp.10_2                            0x00002828   Number         4  pid.o(.text.TIMG8_IRQHandler)
    __arm_cp.10_3                            0x0000282c   Number         4  pid.o(.text.TIMG8_IRQHandler)
    __arm_cp.10_4                            0x00002830   Number         4  pid.o(.text.TIMG8_IRQHandler)
    __arm_cp.10_5                            0x00002834   Number         4  pid.o(.text.TIMG8_IRQHandler)
    __arm_cp.10_6                            0x00002838   Number         4  pid.o(.text.TIMG8_IRQHandler)
    __arm_cp.10_7                            0x0000283c   Number         4  pid.o(.text.TIMG8_IRQHandler)
    __arm_cp.10_8                            0x00002840   Number         4  pid.o(.text.TIMG8_IRQHandler)
    [Anonymous Symbol]                       0x00002844   Section        0  pid.o(.text.TrackLop_Init)
    [Anonymous Symbol]                       0x0000285c   Section        0  bsp_track.o(.text.Track_Task)
    __arm_cp.0_0                             0x00002910   Number         4  bsp_track.o(.text.Track_Task)
    __arm_cp.0_1                             0x00002914   Number         4  bsp_track.o(.text.Track_Task)
    __arm_cp.0_2                             0x00002918   Number         4  bsp_track.o(.text.Track_Task)
    __arm_cp.0_3                             0x0000291c   Number         4  bsp_track.o(.text.Track_Task)
    __arm_cp.0_4                             0x00002920   Number         4  bsp_track.o(.text.Track_Task)
    [Anonymous Symbol]                       0x00002924   Section        0  empty.o(.text.Turn_leftangle)
    __arm_cp.3_0                             0x0000293c   Number         4  empty.o(.text.Turn_leftangle)
    __arm_cp.3_1                             0x00002940   Number         4  empty.o(.text.Turn_leftangle)
    [Anonymous Symbol]                       0x00002944   Section        0  bsp_uart.o(.text.UART0_IRQHandler)
    __arm_cp.6_0                             0x00002964   Number         4  bsp_uart.o(.text.UART0_IRQHandler)
    __arm_cp.6_1                             0x00002968   Number         4  bsp_uart.o(.text.UART0_IRQHandler)
    [Anonymous Symbol]                       0x0000296c   Section        0  bsp_uart.o(.text.UART1_IRQHandler)
    __arm_cp.9_0                             0x00002a04   Number         4  bsp_uart.o(.text.UART1_IRQHandler)
    __arm_cp.9_1                             0x00002a08   Number         4  bsp_uart.o(.text.UART1_IRQHandler)
    __arm_cp.9_2                             0x00002a0c   Number         4  bsp_uart.o(.text.UART1_IRQHandler)
    __arm_cp.9_4                             0x00002a10   Number         4  bsp_uart.o(.text.UART1_IRQHandler)
    [Anonymous Symbol]                       0x00002a14   Section        0  bsp_uart.o(.text.VOFA_SendData)
    [Anonymous Symbol]                       0x00002ab2   Section        0  my_ticks.o(.text.WR_Delay)
    [Anonymous Symbol]                       0x00002aec   Section        0  my_ticks.o(.text.WR_GetTick)
    [Anonymous Symbol]                       0x00002af4   Section        0  my_ticks.o(.text.WR_IncTik)
    __arm_cp.0_0                             0x00002b00   Number         4  my_ticks.o(.text.WR_IncTik)
    [Anonymous Symbol]                       0x00002b04   Section        0  bsp_key.o(.text.WR_KeyControlTask)
    __NVIC_ClearPendingIRQ                   0x00002b35   Thumb Code    40  bsp_key.o(.text.__NVIC_ClearPendingIRQ)
    [Anonymous Symbol]                       0x00002b34   Section        0  bsp_key.o(.text.__NVIC_ClearPendingIRQ)
    __NVIC_ClearPendingIRQ                   0x00002b5d   Thumb Code    40  bsp_uart.o(.text.__NVIC_ClearPendingIRQ)
    [Anonymous Symbol]                       0x00002b5c   Section        0  bsp_uart.o(.text.__NVIC_ClearPendingIRQ)
    __NVIC_ClearPendingIRQ                   0x00002b85   Thumb Code    40  bsp_encouder.o(.text.__NVIC_ClearPendingIRQ)
    [Anonymous Symbol]                       0x00002b84   Section        0  bsp_encouder.o(.text.__NVIC_ClearPendingIRQ)
    __NVIC_ClearPendingIRQ                   0x00002bad   Thumb Code    40  pid.o(.text.__NVIC_ClearPendingIRQ)
    [Anonymous Symbol]                       0x00002bac   Section        0  pid.o(.text.__NVIC_ClearPendingIRQ)
    __arm_cp.1_0                             0x00002bd4   Number         4  pid.o(.text.__NVIC_ClearPendingIRQ)
    __NVIC_EnableIRQ                         0x00002bd9   Thumb Code    40  bsp_key.o(.text.__NVIC_EnableIRQ)
    [Anonymous Symbol]                       0x00002bd8   Section        0  bsp_key.o(.text.__NVIC_EnableIRQ)
    __NVIC_EnableIRQ                         0x00002c01   Thumb Code    40  bsp_uart.o(.text.__NVIC_EnableIRQ)
    [Anonymous Symbol]                       0x00002c00   Section        0  bsp_uart.o(.text.__NVIC_EnableIRQ)
    __NVIC_EnableIRQ                         0x00002c29   Thumb Code    40  bsp_encouder.o(.text.__NVIC_EnableIRQ)
    [Anonymous Symbol]                       0x00002c28   Section        0  bsp_encouder.o(.text.__NVIC_EnableIRQ)
    __NVIC_EnableIRQ                         0x00002c51   Thumb Code    40  pid.o(.text.__NVIC_EnableIRQ)
    [Anonymous Symbol]                       0x00002c50   Section        0  pid.o(.text.__NVIC_EnableIRQ)
    __arm_cp.2_0                             0x00002c78   Number         4  pid.o(.text.__NVIC_EnableIRQ)
    __NVIC_SetPriority                       0x00002c7d   Thumb Code   124  ti_msp_dl_config.o(.text.__NVIC_SetPriority)
    [Anonymous Symbol]                       0x00002c7c   Section        0  ti_msp_dl_config.o(.text.__NVIC_SetPriority)
    __arm_cp.41_0                            0x00002cf8   Number         4  ti_msp_dl_config.o(.text.__NVIC_SetPriority)
    __arm_cp.41_1                            0x00002cfc   Number         4  ti_msp_dl_config.o(.text.__NVIC_SetPriority)
    [Anonymous Symbol]                       0x00002d00   Section        0  pid.o(.text.anglebase_init)
    __arm_cp.4_1                             0x00002d4c   Number         4  pid.o(.text.anglebase_init)
    __arm_cp.4_2                             0x00002d50   Number         4  pid.o(.text.anglebase_init)
    [Anonymous Symbol]                       0x00002d54   Section        0  pid.o(.text.diff_angle)
    __arm_cp.13_1                            0x00002e0c   Number         4  pid.o(.text.diff_angle)
    __arm_cp.13_2                            0x00002e10   Number         4  pid.o(.text.diff_angle)
    __arm_cp.13_3                            0x00002e14   Number         4  pid.o(.text.diff_angle)
    __arm_cp.13_4                            0x00002e18   Number         4  pid.o(.text.diff_angle)
    __arm_cp.13_6                            0x00002e1c   Number         4  pid.o(.text.diff_angle)
    fast_parse_float                         0x00002e21   Thumb Code    90  bsp_uart.o(.text.fast_parse_float)
    [Anonymous Symbol]                       0x00002e20   Section        0  bsp_uart.o(.text.fast_parse_float)
    [Anonymous Symbol]                       0x00002e7c   Section        0  empty.o(.text.main)
    __arm_cp.4_0                             0x00002f04   Number         4  empty.o(.text.main)
    __arm_cp.4_1                             0x00002f08   Number         4  empty.o(.text.main)
    __arm_cp.4_2                             0x00002f0c   Number         4  empty.o(.text.main)
    __arm_cp.4_3                             0x00002f10   Number         4  empty.o(.text.main)
    __arm_cp.4_4                             0x00002f14   Number         4  empty.o(.text.main)
    __arm_cp.4_5                             0x00002f18   Number         4  empty.o(.text.main)
    __arm_cp.4_6                             0x00002f1c   Number         4  empty.o(.text.main)
    __arm_cp.4_7                             0x00002f20   Number         4  empty.o(.text.main)
    __arm_cp.4_8                             0x00002f24   Number         4  empty.o(.text.main)
    __arm_cp.4_9                             0x00002f28   Number         4  empty.o(.text.main)
    i.__ARM_clz                              0x00002f2c   Section        0  depilogue.o(i.__ARM_clz)
    i.__scatterload_copy                     0x00002f60   Section       14  handlers.o(i.__scatterload_copy)
    i.__scatterload_null                     0x00002f70   Section        2  handlers.o(i.__scatterload_null)
    i.__scatterload_zeroinit                 0x00002f78   Section       14  handlers.o(i.__scatterload_zeroinit)
    i._is_digit                              0x00002f86   Section        0  scanf_fp.o(i._is_digit)
    i.strtof                                 0x00002f94   Section        0  strtof.o(i.strtof)
    .constdata                               0x00002fa8   Section       64  ctype_c.o(.constdata)
    gDebug_BuzzerClockConfig                 0x00002fe8   Data           3  ti_msp_dl_config.o(.rodata.gDebug_BuzzerClockConfig)
    [Anonymous Symbol]                       0x00002fe8   Section        0  ti_msp_dl_config.o(.rodata.gDebug_BuzzerClockConfig)
    gDebug_BuzzerConfig                      0x00002fec   Data           8  ti_msp_dl_config.o(.rodata.gDebug_BuzzerConfig)
    [Anonymous Symbol]                       0x00002fec   Section        0  ti_msp_dl_config.o(.rodata.gDebug_BuzzerConfig)
    gDebug_UARTClockConfig                   0x00002ff4   Data           2  ti_msp_dl_config.o(.rodata.gDebug_UARTClockConfig)
    [Anonymous Symbol]                       0x00002ff4   Section        0  ti_msp_dl_config.o(.rodata.gDebug_UARTClockConfig)
    gDebug_UARTConfig                        0x00002ff6   Data          10  ti_msp_dl_config.o(.rodata.gDebug_UARTConfig)
    [Anonymous Symbol]                       0x00002ff6   Section        0  ti_msp_dl_config.o(.rodata.gDebug_UARTConfig)
    gKey_taskClockConfig                     0x00003000   Data           3  ti_msp_dl_config.o(.rodata.gKey_taskClockConfig)
    [Anonymous Symbol]                       0x00003000   Section        0  ti_msp_dl_config.o(.rodata.gKey_taskClockConfig)
    gKey_taskTimerConfig                     0x00003004   Data          20  ti_msp_dl_config.o(.rodata.gKey_taskTimerConfig)
    [Anonymous Symbol]                       0x00003004   Section        0  ti_msp_dl_config.o(.rodata.gKey_taskTimerConfig)
    gMotor_AClockConfig                      0x00003018   Data           3  ti_msp_dl_config.o(.rodata.gMotor_AClockConfig)
    [Anonymous Symbol]                       0x00003018   Section        0  ti_msp_dl_config.o(.rodata.gMotor_AClockConfig)
    gMotor_AConfig                           0x0000301c   Data           8  ti_msp_dl_config.o(.rodata.gMotor_AConfig)
    [Anonymous Symbol]                       0x0000301c   Section        0  ti_msp_dl_config.o(.rodata.gMotor_AConfig)
    gMotor_BClockConfig                      0x00003024   Data           3  ti_msp_dl_config.o(.rodata.gMotor_BClockConfig)
    [Anonymous Symbol]                       0x00003024   Section        0  ti_msp_dl_config.o(.rodata.gMotor_BClockConfig)
    gMotor_BConfig                           0x00003028   Data           8  ti_msp_dl_config.o(.rodata.gMotor_BConfig)
    [Anonymous Symbol]                       0x00003028   Section        0  ti_msp_dl_config.o(.rodata.gMotor_BConfig)
    gPidAngle_TaskClockConfig                0x00003030   Data           3  ti_msp_dl_config.o(.rodata.gPidAngle_TaskClockConfig)
    [Anonymous Symbol]                       0x00003030   Section        0  ti_msp_dl_config.o(.rodata.gPidAngle_TaskClockConfig)
    gPidAngle_TaskTimerConfig                0x00003034   Data          20  ti_msp_dl_config.o(.rodata.gPidAngle_TaskTimerConfig)
    [Anonymous Symbol]                       0x00003034   Section        0  ti_msp_dl_config.o(.rodata.gPidAngle_TaskTimerConfig)
    gPidSpeed_TaskClockConfig                0x00003048   Data           3  ti_msp_dl_config.o(.rodata.gPidSpeed_TaskClockConfig)
    [Anonymous Symbol]                       0x00003048   Section        0  ti_msp_dl_config.o(.rodata.gPidSpeed_TaskClockConfig)
    gPidSpeed_TaskTimerConfig                0x0000304c   Data          20  ti_msp_dl_config.o(.rodata.gPidSpeed_TaskTimerConfig)
    [Anonymous Symbol]                       0x0000304c   Section        0  ti_msp_dl_config.o(.rodata.gPidSpeed_TaskTimerConfig)
    gPidTrack_TaskClockConfig                0x00003060   Data           3  ti_msp_dl_config.o(.rodata.gPidTrack_TaskClockConfig)
    [Anonymous Symbol]                       0x00003060   Section        0  ti_msp_dl_config.o(.rodata.gPidTrack_TaskClockConfig)
    gPidTrack_TaskTimerConfig                0x00003064   Data          20  ti_msp_dl_config.o(.rodata.gPidTrack_TaskTimerConfig)
    [Anonymous Symbol]                       0x00003064   Section        0  ti_msp_dl_config.o(.rodata.gPidTrack_TaskTimerConfig)
    gRx_yawClockConfig                       0x00003078   Data           2  ti_msp_dl_config.o(.rodata.gRx_yawClockConfig)
    [Anonymous Symbol]                       0x00003078   Section        0  ti_msp_dl_config.o(.rodata.gRx_yawClockConfig)
    gRx_yawConfig                            0x0000307a   Data          10  ti_msp_dl_config.o(.rodata.gRx_yawConfig)
    [Anonymous Symbol]                       0x0000307a   Section        0  ti_msp_dl_config.o(.rodata.gRx_yawConfig)
    gSYSPLLConfig                            0x00003084   Data          40  ti_msp_dl_config.o(.rodata.gSYSPLLConfig)
    [Anonymous Symbol]                       0x00003084   Section        0  ti_msp_dl_config.o(.rodata.gSYSPLLConfig)
    uart0_rx_buf                             0x20200510   Data         256  bsp_uart.o(.bss.uart0_rx_buf)
    [Anonymous Symbol]                       0x20200510   Section        0  bsp_uart.o(.bss.uart0_rx_buf)
    uart0_rx_index                           0x20200610   Data           1  bsp_uart.o(.bss.uart0_rx_index)
    [Anonymous Symbol]                       0x20200610   Section        0  bsp_uart.o(.bss.uart0_rx_index)
    STACK                                    0x20200668   Section     4096  startup_mspm0g350x_uvision.o(STACK)

    Global Symbols

    Symbol Name                              Value     Ov Type        Size  Object(Section)

    BuildAttributes$$THM_ISAv3M$S$PE$A:L22$X:L11$S22$IEEE1$IW$~IW$USESV6$~STKCKD$USESV7$~SHL$OTIME$ROPI$IEEEJ$EBA8$MICROLIB$REQ8$PRES8$EABIv2 0x00000000   Number         0  anon$$obj.o ABSOLUTE
    __Vectors                                0x00000000   Data           4  startup_mspm0g350x_uvision.o(RESET)
    __cpp_initialize__aeabi_                  - Undefined Weak Reference
    __cxa_finalize                            - Undefined Weak Reference
    _clock_init                               - Undefined Weak Reference
    _microlib_exit                            - Undefined Weak Reference
    __Vectors_End                            0x000000c0   Data           0  startup_mspm0g350x_uvision.o(RESET)
    __Vectors_Size                           0x000000c0   Number         0  startup_mspm0g350x_uvision.o ABSOLUTE
    __main                                   0x000000c1   Thumb Code     0  entry.o(.ARM.Collect$$$$00000000)
    _main_stk                                0x000000c1   Thumb Code     0  entry2.o(.ARM.Collect$$$$00000001)
    _main_scatterload                        0x000000c5   Thumb Code     0  entry5.o(.ARM.Collect$$$$00000004)
    __main_after_scatterload                 0x000000c9   Thumb Code     0  entry5.o(.ARM.Collect$$$$00000004)
    _main_clock                              0x000000c9   Thumb Code     0  entry7b.o(.ARM.Collect$$$$00000008)
    _main_cpp_init                           0x000000c9   Thumb Code     0  entry8b.o(.ARM.Collect$$$$0000000A)
    _main_init                               0x000000c9   Thumb Code     0  entry9a.o(.ARM.Collect$$$$0000000B)
    __rt_final_cpp                           0x000000d1   Thumb Code     0  entry10a.o(.ARM.Collect$$$$0000000D)
    __rt_final_exit                          0x000000d1   Thumb Code     0  entry11a.o(.ARM.Collect$$$$0000000F)
    Reset_Handler                            0x000000d5   Thumb Code     4  startup_mspm0g350x_uvision.o(.text)
    NMI_Handler                              0x000000d9   Thumb Code     2  startup_mspm0g350x_uvision.o(.text)
    HardFault_Handler                        0x000000db   Thumb Code     2  startup_mspm0g350x_uvision.o(.text)
    SVC_Handler                              0x000000dd   Thumb Code     2  startup_mspm0g350x_uvision.o(.text)
    PendSV_Handler                           0x000000df   Thumb Code     2  startup_mspm0g350x_uvision.o(.text)
    ADC0_IRQHandler                          0x000000e3   Thumb Code     0  startup_mspm0g350x_uvision.o(.text)
    ADC1_IRQHandler                          0x000000e3   Thumb Code     0  startup_mspm0g350x_uvision.o(.text)
    AES_IRQHandler                           0x000000e3   Thumb Code     0  startup_mspm0g350x_uvision.o(.text)
    CANFD0_IRQHandler                        0x000000e3   Thumb Code     0  startup_mspm0g350x_uvision.o(.text)
    DAC0_IRQHandler                          0x000000e3   Thumb Code     0  startup_mspm0g350x_uvision.o(.text)
    DMA_IRQHandler                           0x000000e3   Thumb Code     0  startup_mspm0g350x_uvision.o(.text)
    Default_Handler                          0x000000e3   Thumb Code     2  startup_mspm0g350x_uvision.o(.text)
    GROUP0_IRQHandler                        0x000000e3   Thumb Code     0  startup_mspm0g350x_uvision.o(.text)
    I2C0_IRQHandler                          0x000000e3   Thumb Code     0  startup_mspm0g350x_uvision.o(.text)
    I2C1_IRQHandler                          0x000000e3   Thumb Code     0  startup_mspm0g350x_uvision.o(.text)
    RTC_IRQHandler                           0x000000e3   Thumb Code     0  startup_mspm0g350x_uvision.o(.text)
    SPI0_IRQHandler                          0x000000e3   Thumb Code     0  startup_mspm0g350x_uvision.o(.text)
    SPI1_IRQHandler                          0x000000e3   Thumb Code     0  startup_mspm0g350x_uvision.o(.text)
    TIMA0_IRQHandler                         0x000000e3   Thumb Code     0  startup_mspm0g350x_uvision.o(.text)
    TIMA1_IRQHandler                         0x000000e3   Thumb Code     0  startup_mspm0g350x_uvision.o(.text)
    TIMG7_IRQHandler                         0x000000e3   Thumb Code     0  startup_mspm0g350x_uvision.o(.text)
    UART2_IRQHandler                         0x000000e3   Thumb Code     0  startup_mspm0g350x_uvision.o(.text)
    UART3_IRQHandler                         0x000000e3   Thumb Code     0  startup_mspm0g350x_uvision.o(.text)
    __aeabi_fadd                             0x000000e9   Thumb Code   162  fadd.o(.text)
    __aeabi_fsub                             0x0000018b   Thumb Code     8  fadd.o(.text)
    __aeabi_frsub                            0x00000193   Thumb Code     8  fadd.o(.text)
    __aeabi_fmul                             0x0000019b   Thumb Code   122  fmul.o(.text)
    __aeabi_fdiv                             0x00000215   Thumb Code   124  fdiv.o(.text)
    __aeabi_dmul                             0x00000291   Thumb Code   202  dmul.o(.text)
    __aeabi_fcmple                           0x00000361   Thumb Code    28  fcmple.o(.text)
    __aeabi_fcmplt                           0x0000037d   Thumb Code    28  fcmplt.o(.text)
    __aeabi_fcmpge                           0x00000399   Thumb Code    28  fcmpge.o(.text)
    __aeabi_fcmpgt                           0x000003b5   Thumb Code    28  fcmpgt.o(.text)
    __aeabi_fcmpeq                           0x000003d1   Thumb Code    28  fcmpeq.o(.text)
    __aeabi_dcmple                           0x000003ed   Thumb Code    44  dcmple.o(.text)
    __aeabi_dcmpge                           0x00000419   Thumb Code    44  dcmpge.o(.text)
    __aeabi_i2f                              0x00000445   Thumb Code    22  fflti.o(.text)
    __aeabi_f2iz                             0x0000045b   Thumb Code    50  ffixi.o(.text)
    __aeabi_f2d                              0x0000048d   Thumb Code    40  f2d.o(.text)
    __aeabi_d2f                              0x000004b5   Thumb Code    56  d2f.o(.text)
    __strtof_int                             0x000004ed   Thumb Code    12  strtof.o(.text)
    __I$use$fp                               0x000004f9   Thumb Code     0  iusefp.o(.text)
    _float_round                             0x000004f9   Thumb Code    16  fepilogue.o(.text)
    _float_epilogue                          0x00000509   Thumb Code   114  fepilogue.o(.text)
    _double_round                            0x0000057b   Thumb Code    26  depilogue.o(.text)
    _double_epilogue                         0x00000595   Thumb Code   164  depilogue.o(.text)
    __scatterload                            0x00000639   Thumb Code    38  init.o(.text)
    __scatterload_rt2                        0x00000639   Thumb Code     0  init.o(.text)
    __aeabi_llsl                             0x00000669   Thumb Code    32  llshl.o(.text)
    _ll_shift_l                              0x00000669   Thumb Code     0  llshl.o(.text)
    __aeabi_llsr                             0x00000689   Thumb Code    34  llushr.o(.text)
    _ll_ushift_r                             0x00000689   Thumb Code     0  llushr.o(.text)
    __strtod_int                             0x000006ed   Thumb Code    98  strtod.o(.text)
    isspace                                  0x00000761   Thumb Code    14  isspace_c.o(.text)
    _scanf_real                              0x0000088f   Thumb Code     0  scanf_fp.o(.text)
    _scanf_really_real                       0x0000088f   Thumb Code   584  scanf_fp.o(.text)
    _sgetc                                   0x00000ae5   Thumb Code    32  _sgetc.o(.text)
    _sbackspace                              0x00000b05   Thumb Code    36  _sgetc.o(.text)
    __aeabi_lmul                             0x00000b29   Thumb Code    48  llmul.o(.text)
    _ll_mul                                  0x00000b29   Thumb Code     0  llmul.o(.text)
    __ctype_lookup                           0x00000b59   Thumb Code    32  ctype_c.o(.text)
    __aeabi_ddiv                             0x00000b7d   Thumb Code   234  ddiv.o(.text)
    __aeabi_ul2d                             0x00000c6d   Thumb Code    22  dfltul.o(.text)
    __decompress                             0x00000c89   Thumb Code     0  __dczerorl2.o(.text)
    __decompress1                            0x00000c89   Thumb Code    86  __dczerorl2.o(.text)
    AngleLop_Init                            0x00000cdf   Thumb Code    22  pid.o(.text.AngleLop_Init)
    BSP_KeyTask                              0x00000cf5   Thumb Code   480  bsp_key.o(.text.BSP_KeyTask)
    BspEncoder_Init                          0x00000ed9   Thumb Code   104  bsp_encouder.o(.text.BspEncoder_Init)
    BspKey_Init                              0x00000f41   Thumb Code    22  bsp_key.o(.text.BspKey_Init)
    BspMotor_Init                            0x00000f59   Thumb Code    64  bsp_motor.o(.text.BspMotor_Init)
    BspMotor_SetSpeed                        0x00000f9d   Thumb Code   476  bsp_motor.o(.text.BspMotor_SetSpeed)
    BspUART_Init                             0x0000118d   Thumb Code    36  bsp_uart.o(.text.BspUART_Init)
    Claculate_MotorSpeed                     0x000011b1   Thumb Code   184  bsp_encouder.o(.text.Claculate_MotorSpeed)
    DL_Common_delayCycles                    0x00001289   Thumb Code    10  dl_common.o(.text.DL_Common_delayCycles)
    DL_SYSCTL_configSYSPLL                   0x0000150d   Thumb Code   192  dl_sysctl_mspm0g1x0x_g3x0x.o(.text.DL_SYSCTL_configSYSPLL)
    DL_SYSCTL_setHFCLKSourceHFXTParams       0x00001621   Thumb Code    80  dl_sysctl_mspm0g1x0x_g3x0x.o(.text.DL_SYSCTL_setHFCLKSourceHFXTParams)
    DL_SYSCTL_switchMCLKfromSYSOSCtoHSCLK    0x000016a5   Thumb Code    40  dl_sysctl_mspm0g1x0x_g3x0x.o(.text.DL_SYSCTL_switchMCLKfromSYSOSCtoHSCLK)
    DL_Timer_initFourCCPWMMode               0x00001749   Thumb Code   264  dl_timer.o(.text.DL_Timer_initFourCCPWMMode)
    DL_Timer_initTimerMode                   0x00001851   Thumb Code   236  dl_timer.o(.text.DL_Timer_initTimerMode)
    DL_Timer_setCaptCompUpdateMethod         0x00001961   Thumb Code    28  dl_timer.o(.text.DL_Timer_setCaptCompUpdateMethod)
    DL_Timer_setCaptureCompareOutCtl         0x0000197d   Thumb Code    24  dl_timer.o(.text.DL_Timer_setCaptureCompareOutCtl)
    DL_Timer_setCaptureCompareValue          0x00001995   Thumb Code    16  dl_timer.o(.text.DL_Timer_setCaptureCompareValue)
    DL_Timer_setClockConfig                  0x000019a5   Thumb Code    28  dl_timer.o(.text.DL_Timer_setClockConfig)
    DL_UART_init                             0x00001a5d   Thumb Code    72  dl_uart.o(.text.DL_UART_init)
    DL_UART_setClockConfig                   0x00001b1d   Thumb Code    18  dl_uart.o(.text.DL_UART_setClockConfig)
    DL_UART_transmitDataBlocking             0x00001b4d   Thumb Code    20  dl_uart.o(.text.DL_UART_transmitDataBlocking)
    GROUP1_IRQHandler                        0x00001b61   Thumb Code   284  bsp_encouder.o(.text.GROUP1_IRQHandler)
    LED_Test                                 0x00001c81   Thumb Code    16  empty.o(.text.LED_Test)
    Pid_Calculate                            0x00001c95   Thumb Code   740  pid.o(.text.Pid_Calculate)
    SYSCFG_DL_Debug_Buzzer_init              0x00001f89   Thumb Code    88  ti_msp_dl_config.o(.text.SYSCFG_DL_Debug_Buzzer_init)
    SYSCFG_DL_Debug_UART_init                0x00001ff1   Thumb Code    64  ti_msp_dl_config.o(.text.SYSCFG_DL_Debug_UART_init)
    SYSCFG_DL_GPIO_init                      0x0000203d   Thumb Code   484  ti_msp_dl_config.o(.text.SYSCFG_DL_GPIO_init)
    SYSCFG_DL_Key_task_init                  0x00002235   Thumb Code    48  ti_msp_dl_config.o(.text.SYSCFG_DL_Key_task_init)
    SYSCFG_DL_Motor_A_init                   0x0000226d   Thumb Code    96  ti_msp_dl_config.o(.text.SYSCFG_DL_Motor_A_init)
    SYSCFG_DL_Motor_B_init                   0x000022d5   Thumb Code    96  ti_msp_dl_config.o(.text.SYSCFG_DL_Motor_B_init)
    SYSCFG_DL_PidAngle_Task_init             0x00002341   Thumb Code    52  ti_msp_dl_config.o(.text.SYSCFG_DL_PidAngle_Task_init)
    SYSCFG_DL_PidSpeed_Task_init             0x0000237d   Thumb Code    52  ti_msp_dl_config.o(.text.SYSCFG_DL_PidSpeed_Task_init)
    SYSCFG_DL_PidTrack_Task_init             0x000023b9   Thumb Code    52  ti_msp_dl_config.o(.text.SYSCFG_DL_PidTrack_Task_init)
    SYSCFG_DL_Rx_yaw_init                    0x000023f5   Thumb Code    68  ti_msp_dl_config.o(.text.SYSCFG_DL_Rx_yaw_init)
    SYSCFG_DL_SYSCTL_init                    0x00002441   Thumb Code    80  ti_msp_dl_config.o(.text.SYSCFG_DL_SYSCTL_init)
    SYSCFG_DL_SYSTICK_init                   0x00002495   Thumb Code    12  ti_msp_dl_config.o(.text.SYSCFG_DL_SYSTICK_init)
    SYSCFG_DL_init                           0x000024a5   Thumb Code    80  ti_msp_dl_config.o(.text.SYSCFG_DL_init)
    SYSCFG_DL_initPower                      0x00002505   Thumb Code   168  ti_msp_dl_config.o(.text.SYSCFG_DL_initPower)
    Serial_SendByte                          0x000025cd   Thumb Code    24  bsp_uart.o(.text.Serial_SendByte)
    SpeedLoop_set                            0x000025e9   Thumb Code    60  bsp_motor.o(.text.SpeedLoop_set)
    SpeedLop_Init                            0x00002625   Thumb Code    22  pid.o(.text.SpeedLop_Init)
    SysTick_Handler                          0x0000268d   Thumb Code     8  my_ticks.o(.text.SysTick_Handler)
    TIMG0_IRQHandler                         0x00002695   Thumb Code   104  pid.o(.text.TIMG0_IRQHandler)
    TIMG12_IRQHandler                        0x0000270d   Thumb Code    32  bsp_key.o(.text.TIMG12_IRQHandler)
    TIMG6_IRQHandler                         0x00002731   Thumb Code   108  pid.o(.text.TIMG6_IRQHandler)
    TIMG8_IRQHandler                         0x000027b5   Thumb Code   108  pid.o(.text.TIMG8_IRQHandler)
    TrackLop_Init                            0x00002845   Thumb Code    22  pid.o(.text.TrackLop_Init)
    Track_Task                               0x0000285d   Thumb Code   180  bsp_track.o(.text.Track_Task)
    Turn_leftangle                           0x00002925   Thumb Code    24  empty.o(.text.Turn_leftangle)
    UART0_IRQHandler                         0x00002945   Thumb Code    32  bsp_uart.o(.text.UART0_IRQHandler)
    UART1_IRQHandler                         0x0000296d   Thumb Code   152  bsp_uart.o(.text.UART1_IRQHandler)
    VOFA_SendData                            0x00002a15   Thumb Code   158  bsp_uart.o(.text.VOFA_SendData)
    WR_Delay                                 0x00002ab3   Thumb Code    58  my_ticks.o(.text.WR_Delay)
    WR_GetTick                               0x00002aed   Thumb Code     8  my_ticks.o(.text.WR_GetTick)
    WR_IncTik                                0x00002af5   Thumb Code    12  my_ticks.o(.text.WR_IncTik)
    WR_KeyControlTask                        0x00002b05   Thumb Code    46  bsp_key.o(.text.WR_KeyControlTask)
    anglebase_init                           0x00002d01   Thumb Code    76  pid.o(.text.anglebase_init)
    diff_angle                               0x00002d55   Thumb Code   184  pid.o(.text.diff_angle)
    main                                     0x00002e7d   Thumb Code   136  empty.o(.text.main)
    __ARM_clz                                0x00002f2d   Thumb Code    46  depilogue.o(i.__ARM_clz)
    __scatterload_copy                       0x00002f61   Thumb Code    14  handlers.o(i.__scatterload_copy)
    __scatterload_null                       0x00002f71   Thumb Code     2  handlers.o(i.__scatterload_null)
    __scatterload_zeroinit                   0x00002f79   Thumb Code    14  handlers.o(i.__scatterload_zeroinit)
    _is_digit                                0x00002f87   Thumb Code    14  scanf_fp.o(i._is_digit)
    strtof                                   0x00002f95   Thumb Code    20  strtof.o(i.strtof)
    __ctype_categories                       0x00002fa8   Data          64  ctype_c.o(.constdata)
    Region$$Table$$Base                      0x000030ac   Number         0  anon$$obj.o(Region$$Table)
    Region$$Table$$Limit                     0x000030cc   Number         0  anon$$obj.o(Region$$Table)
    Angleloop_PIDItem                        0x20200000   Data          32  pid.o(.data.Angleloop_PIDItem)
    Angleloop_PIDParam                       0x20200020   Data          16  pid.o(.data.Angleloop_PIDParam)
    SpeedloopL_PIDParam                      0x20200030   Data          16  pid.o(.data.SpeedloopL_PIDParam)
    SpeedloopR_PIDParam                      0x20200040   Data          16  pid.o(.data.SpeedloopR_PIDParam)
    Trackloop_PIDParam                       0x20200050   Data          16  pid.o(.data.Trackloop_PIDParam)
    base_Anglespeed                          0x20200060   Data           4  pid.o(.data.base_Anglespeed)
    base_trackspeed                          0x20200064   Data           4  pid.o(.data.base_trackspeed)
    bsp_encoder_param                        0x20200068   Data          72  bsp_encouder.o(.data.bsp_encoder_param)
    bsp_key_param                            0x202000b0   Data         120  bsp_key.o(.data.bsp_key_param)
    bsp_track_param                          0x20200128   Data          56  bsp_track.o(.data.bsp_track_param)
    last_coord                               0x20200160   Data           4  bsp_track.o(.data.last_coord)
    moror_dir_param                          0x20200164   Data          32  bsp_motor.o(.data.moror_dir_param)
    motor_param                              0x20200184   Data          48  bsp_motor.o(.data.motor_param)
    SpeedloopL_PIDItem                       0x202001b8   Data          32  pid.o(.bss.SpeedloopL_PIDItem)
    SpeedloopR_PIDItem                       0x202001d8   Data          32  pid.o(.bss.SpeedloopR_PIDItem)
    Trackloop_PIDItem                        0x202001f8   Data          32  pid.o(.bss.Trackloop_PIDItem)
    Yaw_RxFlag                               0x20200218   Data           1  bsp_uart.o(.bss.Yaw_RxFlag)
    Yaw_received                             0x2020021c   Data           4  bsp_uart.o(.bss.Yaw_received)
    angleloop_output                         0x20200220   Data           4  pid.o(.bss.angleloop_output)
    coord                                    0x20200224   Data           4  bsp_track.o(.bss.coord)
    gDebug_BuzzerBackup                      0x20200228   Data         188  ti_msp_dl_config.o(.bss.gDebug_BuzzerBackup)
    gMotor_ABackup                           0x202002e4   Data         160  ti_msp_dl_config.o(.bss.gMotor_ABackup)
    gMotor_BBackup                           0x20200384   Data         188  ti_msp_dl_config.o(.bss.gMotor_BBackup)
    gPidTrack_TaskBackup                     0x20200440   Data         160  ti_msp_dl_config.o(.bss.gPidTrack_TaskBackup)
    qty                                      0x202004e0   Data           4  bsp_track.o(.bss.qty)
    rx_data                                  0x202004e4   Data           1  bsp_uart.o(.bss.rx_data)
    speedloopoutput_L                        0x202004e8   Data           4  pid.o(.bss.speedloopoutput_L)
    speedloopoutput_R                        0x202004ec   Data           4  pid.o(.bss.speedloopoutput_R)
    track_position                           0x202004f0   Data          28  bsp_track.o(.bss.track_position)
    trackloop_output                         0x2020050c   Data           4  pid.o(.bss.trackloop_output)
    uwTick                                   0x20200614   Data           4  my_ticks.o(.bss.uwTick)
    vofa_arry                                0x20200618   Data          80  empty.o(.bss.vofa_arry)
    __initial_sp                             0x20201668   Data           0  startup_mspm0g350x_uvision.o(STACK)



==============================================================================

Memory Map of the image

  Image Entry point : 0x000000c1

  Load Region LR_IROM1 (Base: 0x00000000, Size: 0x00003288, Max: 0x00020000, ABSOLUTE, COMPRESSED[0x00003158])

    Execution Region ER_IROM1 (Exec base: 0x00000000, Load base: 0x00000000, Size: 0x000030cc, Max: 0x00020000, ABSOLUTE)

    Exec Addr    Load Addr    Size         Type   Attr      Idx    E Section Name        Object

    0x00000000   0x00000000   0x000000c0   Data   RO           23    RESET               startup_mspm0g350x_uvision.o
    0x000000c0   0x000000c0   0x00000000   Code   RO          560  * .ARM.Collect$$$$00000000  mc_p.l(entry.o)
    0x000000c0   0x000000c0   0x00000004   Code   RO          599    .ARM.Collect$$$$00000001  mc_p.l(entry2.o)
    0x000000c4   0x000000c4   0x00000004   Code   RO          602    .ARM.Collect$$$$00000004  mc_p.l(entry5.o)
    0x000000c8   0x000000c8   0x00000000   Code   RO          604    .ARM.Collect$$$$00000008  mc_p.l(entry7b.o)
    0x000000c8   0x000000c8   0x00000000   Code   RO          606    .ARM.Collect$$$$0000000A  mc_p.l(entry8b.o)
    0x000000c8   0x000000c8   0x00000008   Code   RO          607    .ARM.Collect$$$$0000000B  mc_p.l(entry9a.o)
    0x000000d0   0x000000d0   0x00000000   Code   RO          609    .ARM.Collect$$$$0000000D  mc_p.l(entry10a.o)
    0x000000d0   0x000000d0   0x00000000   Code   RO          611    .ARM.Collect$$$$0000000F  mc_p.l(entry11a.o)
    0x000000d0   0x000000d0   0x00000004   Code   RO          600    .ARM.Collect$$$$00002712  mc_p.l(entry2.o)
    0x000000d4   0x000000d4   0x00000014   Code   RO           24    .text               startup_mspm0g350x_uvision.o
    0x000000e8   0x000000e8   0x000000b2   Code   RO          569    .text               mf_p.l(fadd.o)
    0x0000019a   0x0000019a   0x0000007a   Code   RO          571    .text               mf_p.l(fmul.o)
    0x00000214   0x00000214   0x0000007c   Code   RO          573    .text               mf_p.l(fdiv.o)
    0x00000290   0x00000290   0x000000d0   Code   RO          575    .text               mf_p.l(dmul.o)
    0x00000360   0x00000360   0x0000001c   Code   RO          577    .text               mf_p.l(fcmple.o)
    0x0000037c   0x0000037c   0x0000001c   Code   RO          579    .text               mf_p.l(fcmplt.o)
    0x00000398   0x00000398   0x0000001c   Code   RO          581    .text               mf_p.l(fcmpge.o)
    0x000003b4   0x000003b4   0x0000001c   Code   RO          583    .text               mf_p.l(fcmpgt.o)
    0x000003d0   0x000003d0   0x0000001c   Code   RO          585    .text               mf_p.l(fcmpeq.o)
    0x000003ec   0x000003ec   0x0000002c   Code   RO          587    .text               mf_p.l(dcmple.o)
    0x00000418   0x00000418   0x0000002c   Code   RO          589    .text               mf_p.l(dcmpge.o)
    0x00000444   0x00000444   0x00000016   Code   RO          591    .text               mf_p.l(fflti.o)
    0x0000045a   0x0000045a   0x00000032   Code   RO          593    .text               mf_p.l(ffixi.o)
    0x0000048c   0x0000048c   0x00000028   Code   RO          595    .text               mf_p.l(f2d.o)
    0x000004b4   0x000004b4   0x00000038   Code   RO          597    .text               mf_p.l(d2f.o)
    0x000004ec   0x000004ec   0x0000000c   Code   RO          623    .text               mc_p.l(strtof.o)
    0x000004f8   0x000004f8   0x00000000   Code   RO          625    .text               mc_p.l(iusefp.o)
    0x000004f8   0x000004f8   0x00000082   Code   RO          626    .text               mf_p.l(fepilogue.o)
    0x0000057a   0x0000057a   0x000000be   Code   RO          628    .text               mf_p.l(depilogue.o)
    0x00000638   0x00000638   0x00000030   Code   RO          632    .text               mc_p.l(init.o)
    0x00000668   0x00000668   0x00000020   Code   RO          634    .text               mc_p.l(llshl.o)
    0x00000688   0x00000688   0x00000022   Code   RO          636    .text               mc_p.l(llushr.o)
    0x000006aa   0x000006aa   0x00000002   PAD
    0x000006ac   0x000006ac   0x000000b4   Code   RO          638    .text               mc_p.l(strtod.o)
    0x00000760   0x00000760   0x0000000e   Code   RO          640    .text               mc_p.l(isspace_c.o)
    0x0000076e   0x0000076e   0x00000002   PAD
    0x00000770   0x00000770   0x00000374   Code   RO          642    .text               mc_p.l(scanf_fp.o)
    0x00000ae4   0x00000ae4   0x00000044   Code   RO          646    .text               mc_p.l(_sgetc.o)
    0x00000b28   0x00000b28   0x00000030   Code   RO          648    .text               mc_p.l(llmul.o)
    0x00000b58   0x00000b58   0x00000024   Code   RO          650    .text               mc_p.l(ctype_c.o)
    0x00000b7c   0x00000b7c   0x000000f0   Code   RO          653    .text               mf_p.l(ddiv.o)
    0x00000c6c   0x00000c6c   0x0000001c   Code   RO          655    .text               mf_p.l(dfltul.o)
    0x00000c88   0x00000c88   0x00000056   Code   RO          665    .text               mc_p.l(__dczerorl2.o)
    0x00000cde   0x00000cde   0x00000016   Code   RO          334    .text.AngleLop_Init  pid.o
    0x00000cf4   0x00000cf4   0x000001e4   Code   RO          188    .text.BSP_KeyTask   bsp_key.o
    0x00000ed8   0x00000ed8   0x00000068   Code   RO          284    .text.BspEncoder_Init  bsp_encouder.o
    0x00000f40   0x00000f40   0x00000016   Code   RO          182    .text.BspKey_Init   bsp_key.o
    0x00000f56   0x00000f56   0x00000002   PAD
    0x00000f58   0x00000f58   0x00000044   Code   RO          249    .text.BspMotor_Init  bsp_motor.o
    0x00000f9c   0x00000f9c   0x000001f0   Code   RO          251    .text.BspMotor_SetSpeed  bsp_motor.o
    0x0000118c   0x0000118c   0x00000024   Code   RO          214    .text.BspUART_Init  bsp_uart.o
    0x000011b0   0x000011b0   0x000000d8   Code   RO          290    .text.Claculate_MotorSpeed  bsp_encouder.o
    0x00001288   0x00001288   0x0000000a   Code   RO          375    .text.DL_Common_delayCycles  driverlib.a(dl_common.o)
    0x00001292   0x00001292   0x00000028   Code   RO          133    .text.DL_Common_updateReg  ti_msp_dl_config.o
    0x000012ba   0x000012ba   0x00000002   PAD
    0x000012bc   0x000012bc   0x00000018   Code   RO           91    .text.DL_GPIO_clearInterruptStatus  ti_msp_dl_config.o
    0x000012d4   0x000012d4   0x0000001c   Code   RO          298    .text.DL_GPIO_clearInterruptStatus  bsp_encouder.o
    0x000012f0   0x000012f0   0x00000014   Code   RO           95    .text.DL_GPIO_clearPins  ti_msp_dl_config.o
    0x00001304   0x00001304   0x00000014   Code   RO          255    .text.DL_GPIO_clearPins  bsp_motor.o
    0x00001318   0x00001318   0x0000001c   Code   RO           93    .text.DL_GPIO_enableInterrupt  ti_msp_dl_config.o
    0x00001334   0x00001334   0x00000018   Code   RO           79    .text.DL_GPIO_enableOutput  ti_msp_dl_config.o
    0x0000134c   0x0000134c   0x00000018   Code   RO           69    .text.DL_GPIO_enablePower  ti_msp_dl_config.o
    0x00001364   0x00001364   0x00000018   Code   RO          294    .text.DL_GPIO_getEnabledInterruptStatus  bsp_encouder.o
    0x0000137c   0x0000137c   0x00000030   Code   RO           85    .text.DL_GPIO_initDigitalInputFeatures  ti_msp_dl_config.o
    0x000013ac   0x000013ac   0x00000014   Code   RO           87    .text.DL_GPIO_initDigitalOutput  ti_msp_dl_config.o
    0x000013c0   0x000013c0   0x0000002c   Code   RO           83    .text.DL_GPIO_initDigitalOutputFeatures  ti_msp_dl_config.o
    0x000013ec   0x000013ec   0x00000014   Code   RO           75    .text.DL_GPIO_initPeripheralAnalogFunction  ti_msp_dl_config.o
    0x00001400   0x00001400   0x0000001c   Code   RO           81    .text.DL_GPIO_initPeripheralInputFunction  ti_msp_dl_config.o
    0x0000141c   0x0000141c   0x0000001c   Code   RO           77    .text.DL_GPIO_initPeripheralOutputFunction  ti_msp_dl_config.o
    0x00001438   0x00001438   0x00000016   Code   RO          190    .text.DL_GPIO_readPins  bsp_key.o
    0x0000144e   0x0000144e   0x00000016   Code   RO          296    .text.DL_GPIO_readPins  bsp_encouder.o
    0x00001464   0x00001464   0x00000016   Code   RO          310    .text.DL_GPIO_readPins  bsp_track.o
    0x0000147a   0x0000147a   0x00000002   PAD
    0x0000147c   0x0000147c   0x00000018   Code   RO           63    .text.DL_GPIO_reset  ti_msp_dl_config.o
    0x00001494   0x00001494   0x0000001c   Code   RO           89    .text.DL_GPIO_setLowerPinsPolarity  ti_msp_dl_config.o
    0x000014b0   0x000014b0   0x00000014   Code   RO           97    .text.DL_GPIO_setPins  ti_msp_dl_config.o
    0x000014c4   0x000014c4   0x00000018   Code   RO          253    .text.DL_GPIO_setPins  bsp_motor.o
    0x000014dc   0x000014dc   0x00000018   Code   RO           99    .text.DL_GPIO_setUpperPinsPolarity  ti_msp_dl_config.o
    0x000014f4   0x000014f4   0x00000018   Code   RO            4    .text.DL_GPIO_togglePins  empty.o
    0x0000150c   0x0000150c   0x000000c0   Code   RO          525    .text.DL_SYSCTL_configSYSPLL  driverlib.a(dl_sysctl_mspm0g1x0x_g3x0x.o)
    0x000015cc   0x000015cc   0x0000000c   Code   RO          107    .text.DL_SYSCTL_disableHFXT  ti_msp_dl_config.o
    0x000015d8   0x000015d8   0x00000014   Code   RO          109    .text.DL_SYSCTL_disableSYSPLL  ti_msp_dl_config.o
    0x000015ec   0x000015ec   0x00000018   Code   RO          101    .text.DL_SYSCTL_setBORThreshold  ti_msp_dl_config.o
    0x00001604   0x00001604   0x0000001c   Code   RO          103    .text.DL_SYSCTL_setFlashWaitState  ti_msp_dl_config.o
    0x00001620   0x00001620   0x00000050   Code   RO          539    .text.DL_SYSCTL_setHFCLKSourceHFXTParams  driverlib.a(dl_sysctl_mspm0g1x0x_g3x0x.o)
    0x00001670   0x00001670   0x0000001c   Code   RO          105    .text.DL_SYSCTL_setSYSOSCFreq  ti_msp_dl_config.o
    0x0000168c   0x0000168c   0x00000018   Code   RO          111    .text.DL_SYSCTL_setULPCLKDivider  ti_msp_dl_config.o
    0x000016a4   0x000016a4   0x00000028   Code   RO          533    .text.DL_SYSCTL_switchMCLKfromSYSOSCtoHSCLK  driverlib.a(dl_sysctl_mspm0g1x0x_g3x0x.o)
    0x000016cc   0x000016cc   0x00000018   Code   RO          198    .text.DL_Timer_clearInterruptStatus  bsp_key.o
    0x000016e4   0x000016e4   0x00000014   Code   RO          117    .text.DL_Timer_enableClock  ti_msp_dl_config.o
    0x000016f8   0x000016f8   0x00000018   Code   RO          121    .text.DL_Timer_enableInterrupt  ti_msp_dl_config.o
    0x00001710   0x00001710   0x00000014   Code   RO           71    .text.DL_Timer_enablePower  ti_msp_dl_config.o
    0x00001724   0x00001724   0x00000012   Code   RO          196    .text.DL_Timer_getPendingInterrupt  bsp_key.o
    0x00001736   0x00001736   0x00000012   Code   RO          346    .text.DL_Timer_getPendingInterrupt  pid.o
    0x00001748   0x00001748   0x00000108   Code   RO          464    .text.DL_Timer_initFourCCPWMMode  driverlib.a(dl_timer.o)
    0x00001850   0x00001850   0x000000ec   Code   RO          388    .text.DL_Timer_initTimerMode  driverlib.a(dl_timer.o)
    0x0000193c   0x0000193c   0x00000010   Code   RO           65    .text.DL_Timer_reset  ti_msp_dl_config.o
    0x0000194c   0x0000194c   0x00000014   Code   RO          119    .text.DL_Timer_setCCPDirection  ti_msp_dl_config.o
    0x00001960   0x00001960   0x0000001c   Code   RO          430    .text.DL_Timer_setCaptCompUpdateMethod  driverlib.a(dl_timer.o)
    0x0000197c   0x0000197c   0x00000018   Code   RO          438    .text.DL_Timer_setCaptureCompareOutCtl  driverlib.a(dl_timer.o)
    0x00001994   0x00001994   0x00000010   Code   RO          390    .text.DL_Timer_setCaptureCompareValue  driverlib.a(dl_timer.o)
    0x000019a4   0x000019a4   0x0000001c   Code   RO          384    .text.DL_Timer_setClockConfig  driverlib.a(dl_timer.o)
    0x000019c0   0x000019c0   0x0000003c   Code   RO          115    .text.DL_Timer_setCounterControl  ti_msp_dl_config.o
    0x000019fc   0x000019fc   0x00000016   Code   RO          129    .text.DL_UART_enable  ti_msp_dl_config.o
    0x00001a12   0x00001a12   0x00000002   PAD
    0x00001a14   0x00001a14   0x0000001c   Code   RO          127    .text.DL_UART_enableInterrupt  ti_msp_dl_config.o
    0x00001a30   0x00001a30   0x00000018   Code   RO           73    .text.DL_UART_enablePower  ti_msp_dl_config.o
    0x00001a48   0x00001a48   0x00000012   Code   RO          222    .text.DL_UART_getPendingInterrupt  bsp_uart.o
    0x00001a5a   0x00001a5a   0x00000002   PAD
    0x00001a5c   0x00001a5c   0x00000048   Code   RO          485    .text.DL_UART_init  driverlib.a(dl_uart.o)
    0x00001aa4   0x00001aa4   0x00000014   Code   RO          224    .text.DL_UART_receiveData  bsp_uart.o
    0x00001ab8   0x00001ab8   0x00000018   Code   RO           67    .text.DL_UART_reset  ti_msp_dl_config.o
    0x00001ad0   0x00001ad0   0x0000004c   Code   RO          125    .text.DL_UART_setBaudRateDivisor  ti_msp_dl_config.o
    0x00001b1c   0x00001b1c   0x00000012   Code   RO          487    .text.DL_UART_setClockConfig  driverlib.a(dl_uart.o)
    0x00001b2e   0x00001b2e   0x0000001e   Code   RO          123    .text.DL_UART_setOversampling  ti_msp_dl_config.o
    0x00001b4c   0x00001b4c   0x00000014   Code   RO          499    .text.DL_UART_transmitDataBlocking  driverlib.a(dl_uart.o)
    0x00001b60   0x00001b60   0x00000120   Code   RO          292    .text.GROUP1_IRQHandler  bsp_encouder.o
    0x00001c80   0x00001c80   0x00000014   Code   RO            2    .text.LED_Test      empty.o
    0x00001c94   0x00001c94   0x000002f4   Code   RO          342    .text.Pid_Calculate  pid.o
    0x00001f88   0x00001f88   0x00000068   Code   RO           43    .text.SYSCFG_DL_Debug_Buzzer_init  ti_msp_dl_config.o
    0x00001ff0   0x00001ff0   0x0000004c   Code   RO           53    .text.SYSCFG_DL_Debug_UART_init  ti_msp_dl_config.o
    0x0000203c   0x0000203c   0x000001f8   Code   RO           35    .text.SYSCFG_DL_GPIO_init  ti_msp_dl_config.o
    0x00002234   0x00002234   0x00000038   Code   RO           45    .text.SYSCFG_DL_Key_task_init  ti_msp_dl_config.o
    0x0000226c   0x0000226c   0x00000068   Code   RO           39    .text.SYSCFG_DL_Motor_A_init  ti_msp_dl_config.o
    0x000022d4   0x000022d4   0x0000006c   Code   RO           41    .text.SYSCFG_DL_Motor_B_init  ti_msp_dl_config.o
    0x00002340   0x00002340   0x0000003c   Code   RO           51    .text.SYSCFG_DL_PidAngle_Task_init  ti_msp_dl_config.o
    0x0000237c   0x0000237c   0x0000003c   Code   RO           47    .text.SYSCFG_DL_PidSpeed_Task_init  ti_msp_dl_config.o
    0x000023b8   0x000023b8   0x0000003c   Code   RO           49    .text.SYSCFG_DL_PidTrack_Task_init  ti_msp_dl_config.o
    0x000023f4   0x000023f4   0x0000004c   Code   RO           55    .text.SYSCFG_DL_Rx_yaw_init  ti_msp_dl_config.o
    0x00002440   0x00002440   0x00000054   Code   RO           37    .text.SYSCFG_DL_SYSCTL_init  ti_msp_dl_config.o
    0x00002494   0x00002494   0x00000010   Code   RO           57    .text.SYSCFG_DL_SYSTICK_init  ti_msp_dl_config.o
    0x000024a4   0x000024a4   0x00000060   Code   RO           31    .text.SYSCFG_DL_init  ti_msp_dl_config.o
    0x00002504   0x00002504   0x000000c8   Code   RO           33    .text.SYSCFG_DL_initPower  ti_msp_dl_config.o
    0x000025cc   0x000025cc   0x0000001c   Code   RO          230    .text.Serial_SendByte  bsp_uart.o
    0x000025e8   0x000025e8   0x0000003c   Code   RO          257    .text.SpeedLoop_set  bsp_motor.o
    0x00002624   0x00002624   0x00000016   Code   RO          324    .text.SpeedLop_Init  pid.o
    0x0000263a   0x0000263a   0x00000002   PAD
    0x0000263c   0x0000263c   0x00000050   Code   RO          131    .text.SysTick_Config  ti_msp_dl_config.o
    0x0000268c   0x0000268c   0x00000008   Code   RO          171    .text.SysTick_Handler  my_ticks.o
    0x00002694   0x00002694   0x00000078   Code   RO          352    .text.TIMG0_IRQHandler  pid.o
    0x0000270c   0x0000270c   0x00000024   Code   RO          194    .text.TIMG12_IRQHandler  bsp_key.o
    0x00002730   0x00002730   0x00000084   Code   RO          348    .text.TIMG6_IRQHandler  pid.o
    0x000027b4   0x000027b4   0x00000090   Code   RO          344    .text.TIMG8_IRQHandler  pid.o
    0x00002844   0x00002844   0x00000016   Code   RO          330    .text.TrackLop_Init  pid.o
    0x0000285a   0x0000285a   0x00000002   PAD
    0x0000285c   0x0000285c   0x000000c8   Code   RO          308    .text.Track_Task    bsp_track.o
    0x00002924   0x00002924   0x00000020   Code   RO            8    .text.Turn_leftangle  empty.o
    0x00002944   0x00002944   0x00000028   Code   RO          220    .text.UART0_IRQHandler  bsp_uart.o
    0x0000296c   0x0000296c   0x000000a8   Code   RO          226    .text.UART1_IRQHandler  bsp_uart.o
    0x00002a14   0x00002a14   0x0000009e   Code   RO          232    .text.VOFA_SendData  bsp_uart.o
    0x00002ab2   0x00002ab2   0x0000003a   Code   RO          169    .text.WR_Delay      my_ticks.o
    0x00002aec   0x00002aec   0x00000008   Code   RO          167    .text.WR_GetTick    my_ticks.o
    0x00002af4   0x00002af4   0x00000010   Code   RO          165    .text.WR_IncTik     my_ticks.o
    0x00002b04   0x00002b04   0x0000002e   Code   RO          192    .text.WR_KeyControlTask  bsp_key.o
    0x00002b32   0x00002b32   0x00000002   PAD
    0x00002b34   0x00002b34   0x00000028   Code   RO          184    .text.__NVIC_ClearPendingIRQ  bsp_key.o
    0x00002b5c   0x00002b5c   0x00000028   Code   RO          216    .text.__NVIC_ClearPendingIRQ  bsp_uart.o
    0x00002b84   0x00002b84   0x00000028   Code   RO          286    .text.__NVIC_ClearPendingIRQ  bsp_encouder.o
    0x00002bac   0x00002bac   0x0000002c   Code   RO          326    .text.__NVIC_ClearPendingIRQ  pid.o
    0x00002bd8   0x00002bd8   0x00000028   Code   RO          186    .text.__NVIC_EnableIRQ  bsp_key.o
    0x00002c00   0x00002c00   0x00000028   Code   RO          218    .text.__NVIC_EnableIRQ  bsp_uart.o
    0x00002c28   0x00002c28   0x00000028   Code   RO          288    .text.__NVIC_EnableIRQ  bsp_encouder.o
    0x00002c50   0x00002c50   0x0000002c   Code   RO          328    .text.__NVIC_EnableIRQ  pid.o
    0x00002c7c   0x00002c7c   0x00000084   Code   RO          113    .text.__NVIC_SetPriority  ti_msp_dl_config.o
    0x00002d00   0x00002d00   0x00000054   Code   RO          332    .text.anglebase_init  pid.o
    0x00002d54   0x00002d54   0x000000cc   Code   RO          350    .text.diff_angle    pid.o
    0x00002e20   0x00002e20   0x0000005a   Code   RO          228    .text.fast_parse_float  bsp_uart.o
    0x00002e7a   0x00002e7a   0x00000002   PAD
    0x00002e7c   0x00002e7c   0x000000b0   Code   RO           10    .text.main          empty.o
    0x00002f2c   0x00002f2c   0x0000002e   Code   RO          630    i.__ARM_clz         mf_p.l(depilogue.o)
    0x00002f5a   0x00002f5a   0x00000006   PAD
    0x00002f60   0x00002f60   0x0000000e   Code   RO          659    i.__scatterload_copy  mc_p.l(handlers.o)
    0x00002f6e   0x00002f6e   0x00000002   PAD
    0x00002f70   0x00002f70   0x00000002   Code   RO          660    i.__scatterload_null  mc_p.l(handlers.o)
    0x00002f72   0x00002f72   0x00000006   PAD
    0x00002f78   0x00002f78   0x0000000e   Code   RO          661    i.__scatterload_zeroinit  mc_p.l(handlers.o)
    0x00002f86   0x00002f86   0x0000000e   Code   RO          644    i._is_digit         mc_p.l(scanf_fp.o)
    0x00002f94   0x00002f94   0x00000014   Code   RO          557    i.strtof            m_ps.l(strtof.o)
    0x00002fa8   0x00002fa8   0x00000040   Data   RO          651    .constdata          mc_p.l(ctype_c.o)
    0x00002fe8   0x00002fe8   0x00000003   Data   RO          144    .rodata.gDebug_BuzzerClockConfig  ti_msp_dl_config.o
    0x00002feb   0x00002feb   0x00000001   PAD
    0x00002fec   0x00002fec   0x00000008   Data   RO          145    .rodata.gDebug_BuzzerConfig  ti_msp_dl_config.o
    0x00002ff4   0x00002ff4   0x00000002   Data   RO          154    .rodata.gDebug_UARTClockConfig  ti_msp_dl_config.o
    0x00002ff6   0x00002ff6   0x0000000a   Data   RO          155    .rodata.gDebug_UARTConfig  ti_msp_dl_config.o
    0x00003000   0x00003000   0x00000003   Data   RO          146    .rodata.gKey_taskClockConfig  ti_msp_dl_config.o
    0x00003003   0x00003003   0x00000001   PAD
    0x00003004   0x00003004   0x00000014   Data   RO          147    .rodata.gKey_taskTimerConfig  ti_msp_dl_config.o
    0x00003018   0x00003018   0x00000003   Data   RO          140    .rodata.gMotor_AClockConfig  ti_msp_dl_config.o
    0x0000301b   0x0000301b   0x00000001   PAD
    0x0000301c   0x0000301c   0x00000008   Data   RO          141    .rodata.gMotor_AConfig  ti_msp_dl_config.o
    0x00003024   0x00003024   0x00000003   Data   RO          142    .rodata.gMotor_BClockConfig  ti_msp_dl_config.o
    0x00003027   0x00003027   0x00000001   PAD
    0x00003028   0x00003028   0x00000008   Data   RO          143    .rodata.gMotor_BConfig  ti_msp_dl_config.o
    0x00003030   0x00003030   0x00000003   Data   RO          152    .rodata.gPidAngle_TaskClockConfig  ti_msp_dl_config.o
    0x00003033   0x00003033   0x00000001   PAD
    0x00003034   0x00003034   0x00000014   Data   RO          153    .rodata.gPidAngle_TaskTimerConfig  ti_msp_dl_config.o
    0x00003048   0x00003048   0x00000003   Data   RO          148    .rodata.gPidSpeed_TaskClockConfig  ti_msp_dl_config.o
    0x0000304b   0x0000304b   0x00000001   PAD
    0x0000304c   0x0000304c   0x00000014   Data   RO          149    .rodata.gPidSpeed_TaskTimerConfig  ti_msp_dl_config.o
    0x00003060   0x00003060   0x00000003   Data   RO          150    .rodata.gPidTrack_TaskClockConfig  ti_msp_dl_config.o
    0x00003063   0x00003063   0x00000001   PAD
    0x00003064   0x00003064   0x00000014   Data   RO          151    .rodata.gPidTrack_TaskTimerConfig  ti_msp_dl_config.o
    0x00003078   0x00003078   0x00000002   Data   RO          156    .rodata.gRx_yawClockConfig  ti_msp_dl_config.o
    0x0000307a   0x0000307a   0x0000000a   Data   RO          157    .rodata.gRx_yawConfig  ti_msp_dl_config.o
    0x00003084   0x00003084   0x00000028   Data   RO          139    .rodata.gSYSPLLConfig  ti_msp_dl_config.o
    0x000030ac   0x000030ac   0x00000020   Data   RO          658    Region$$Table       anon$$obj.o


    Execution Region RW_IRAM2 (Exec base: 0x20200000, Load base: 0x000030d0, Size: 0x00001668, Max: 0x00008000, ABSOLUTE, COMPRESSED[0x00000088])

    Exec Addr    Load Addr    Size         Type   Attr      Idx    E Section Name        Object

    0x20200000   COMPRESSED   0x00000020   Data   RW          365    .data.Angleloop_PIDItem  pid.o
    0x20200020   COMPRESSED   0x00000010   Data   RW          354    .data.Angleloop_PIDParam  pid.o
    0x20200030   COMPRESSED   0x00000010   Data   RW          355    .data.SpeedloopL_PIDParam  pid.o
    0x20200040   COMPRESSED   0x00000010   Data   RW          357    .data.SpeedloopR_PIDParam  pid.o
    0x20200050   COMPRESSED   0x00000010   Data   RW          361    .data.Trackloop_PIDParam  pid.o
    0x20200060   COMPRESSED   0x00000004   Data   RW          366    .data.base_Anglespeed  pid.o
    0x20200064   COMPRESSED   0x00000004   Data   RW          363    .data.base_trackspeed  pid.o
    0x20200068   COMPRESSED   0x00000048   Data   RW          300    .data.bsp_encoder_param  bsp_encouder.o
    0x202000b0   COMPRESSED   0x00000078   Data   RW          200    .data.bsp_key_param  bsp_key.o
    0x20200128   COMPRESSED   0x00000038   Data   RW          312    .data.bsp_track_param  bsp_track.o
    0x20200160   COMPRESSED   0x00000004   Data   RW          316    .data.last_coord    bsp_track.o
    0x20200164   COMPRESSED   0x00000020   Data   RW          259    .data.moror_dir_param  bsp_motor.o
    0x20200184   COMPRESSED   0x00000030   Data   RW          260    .data.motor_param   bsp_motor.o
    0x202001b4   COMPRESSED   0x00000004   PAD
    0x202001b8        -       0x00000020   Zero   RW          356    .bss.SpeedloopL_PIDItem  pid.o
    0x202001d8        -       0x00000020   Zero   RW          358    .bss.SpeedloopR_PIDItem  pid.o
    0x202001f8        -       0x00000020   Zero   RW          362    .bss.Trackloop_PIDItem  pid.o
    0x20200218        -       0x00000001   Zero   RW          236    .bss.Yaw_RxFlag     bsp_uart.o
    0x20200219   COMPRESSED   0x00000003   PAD
    0x2020021c        -       0x00000004   Zero   RW          235    .bss.Yaw_received   bsp_uart.o
    0x20200220        -       0x00000004   Zero   RW          367    .bss.angleloop_output  pid.o
    0x20200224        -       0x00000004   Zero   RW          315    .bss.coord          bsp_track.o
    0x20200228        -       0x000000bc   Zero   RW          137    .bss.gDebug_BuzzerBackup  ti_msp_dl_config.o
    0x202002e4        -       0x000000a0   Zero   RW          135    .bss.gMotor_ABackup  ti_msp_dl_config.o
    0x20200384        -       0x000000bc   Zero   RW          136    .bss.gMotor_BBackup  ti_msp_dl_config.o
    0x20200440        -       0x000000a0   Zero   RW          138    .bss.gPidTrack_TaskBackup  ti_msp_dl_config.o
    0x202004e0        -       0x00000004   Zero   RW          314    .bss.qty            bsp_track.o
    0x202004e4        -       0x00000001   Zero   RW          234    .bss.rx_data        bsp_uart.o
    0x202004e5   COMPRESSED   0x00000003   PAD
    0x202004e8        -       0x00000004   Zero   RW          359    .bss.speedloopoutput_L  pid.o
    0x202004ec        -       0x00000004   Zero   RW          360    .bss.speedloopoutput_R  pid.o
    0x202004f0        -       0x0000001c   Zero   RW          313    .bss.track_position  bsp_track.o
    0x2020050c        -       0x00000004   Zero   RW          364    .bss.trackloop_output  pid.o
    0x20200510        -       0x00000100   Zero   RW          240    .bss.uart0_rx_buf   bsp_uart.o
    0x20200610        -       0x00000001   Zero   RW          239    .bss.uart0_rx_index  bsp_uart.o
    0x20200611   COMPRESSED   0x00000003   PAD
    0x20200614        -       0x00000004   Zero   RW          173    .bss.uwTick         my_ticks.o
    0x20200618        -       0x00000050   Zero   RW           13    .bss.vofa_arry      empty.o
    0x20200668        -       0x00001000   Zero   RW           21    STACK               startup_mspm0g350x_uvision.o



  Load Region LR_BCR (Base: 0x41c00000, Size: 0x00000000, Max: 0x00000100, ABSOLUTE)

    Execution Region BCR_CONFIG (Exec base: 0x41c00000, Load base: 0x41c00000, Size: 0x00000000, Max: 0x000000ff, ABSOLUTE)

    **** No section assigned to this execution region ****



  Load Region LR_BSL (Base: 0x41c00100, Size: 0x00000000, Max: 0x00000100, ABSOLUTE)

    Execution Region BSL_CONFIG (Exec base: 0x41c00100, Load base: 0x41c00100, Size: 0x00000000, Max: 0x00000080, ABSOLUTE)

    **** No section assigned to this execution region ****


==============================================================================

Image component sizes


      Code (inc. data)   RO Data    RW Data    ZI Data      Debug   Object Name

       762         44          0         72          0       6347   bsp_encouder.o
       732         12          0        120          0       9067   bsp_key.o
       668         28          0         80          0       6859   bsp_motor.o
       222         20          0         60         36       3840   bsp_track.o
       638         32          0          0        263       7219   bsp_uart.o
       252         56          0          0         80       4147   empty.o
        90          4          0          0          4        986   my_ticks.o
      1612        128          0        104        112       8664   pid.o
        20          4        192          0       4096        620   startup_mspm0g350x_uvision.o
      2760        276        189          0        696      28778   ti_msp_dl_config.o

    ----------------------------------------------------------------------
      7774        604        420        436       5300      76527   Object Totals
         0          0         32          0          0          0   (incl. Generated)
        18          0          7          0         13          0   (incl. Padding)

    ----------------------------------------------------------------------

      Code (inc. data)   RO Data    RW Data    ZI Data      Debug   Library Member Name

        10          0          0          0          0        803   dl_common.o
       312         24          0          0          0      12877   dl_sysctl_mspm0g1x0x_g3x0x.o
       596        188          0          0          0      41557   dl_timer.o
       110         12          0          0          0      14163   dl_uart.o
        20          0          0          0          0         68   strtof.o
        86          0          0          0          0          0   __dczerorl2.o
        68          0          0          0          0         76   _sgetc.o
        36          4         64          0          0         60   ctype_c.o
         0          0          0          0          0          0   entry.o
         0          0          0          0          0          0   entry10a.o
         0          0          0          0          0          0   entry11a.o
         8          4          0          0          0          0   entry2.o
         4          0          0          0          0          0   entry5.o
         0          0          0          0          0          0   entry7b.o
         0          0          0          0          0          0   entry8b.o
         8          4          0          0          0          0   entry9a.o
        30          0          0          0          0          0   handlers.o
        48         10          0          0          0         68   init.o
        14          0          0          0          0         68   isspace_c.o
         0          0          0          0          0          0   iusefp.o
        48          0          0          0          0         72   llmul.o
        32          0          0          0          0         68   llshl.o
        34          0          0          0          0         68   llushr.o
       898         14          0          0          0        184   scanf_fp.o
       180         18          0          0          0        120   strtod.o
        12          0          0          0          0         68   strtof.o
        56          0          0          0          0         68   d2f.o
        44          0          0          0          0         68   dcmpge.o
        44          0          0          0          0         68   dcmple.o
       240          6          0          0          0         84   ddiv.o
       236          0          0          0          0        216   depilogue.o
        28          6          0          0          0         68   dfltul.o
       208          6          0          0          0         88   dmul.o
        40          0          0          0          0         60   f2d.o
       178          0          0          0          0        108   fadd.o
        28          0          0          0          0         60   fcmpeq.o
        28          0          0          0          0         60   fcmpge.o
        28          0          0          0          0         60   fcmpgt.o
        28          0          0          0          0         60   fcmple.o
        28          0          0          0          0         60   fcmplt.o
       124          0          0          0          0         72   fdiv.o
       130          0          0          0          0        144   fepilogue.o
        50          0          0          0          0         60   ffixi.o
        22          0          0          0          0         68   fflti.o
       122          0          0          0          0         72   fmul.o

    ----------------------------------------------------------------------
      4234        296         64          0          0      71864   Library Totals
        18          0          0          0          0          0   (incl. Padding)

    ----------------------------------------------------------------------

      Code (inc. data)   RO Data    RW Data    ZI Data      Debug   Library Name

      1028        224          0          0          0      69400   driverlib.a
        20          0          0          0          0         68   m_ps.l
      1506         54         64          0          0        852   mc_p.l
      1662         18          0          0          0       1544   mf_p.l

    ----------------------------------------------------------------------
      4234        296         64          0          0      71864   Library Totals

    ----------------------------------------------------------------------

==============================================================================


      Code (inc. data)   RO Data    RW Data    ZI Data      Debug   

     12008        900        484        436       5300     147099   Grand Totals
     12008        900        484        136       5300     147099   ELF Image Totals (compressed)
     12008        900        484        136          0          0   ROM Totals

==============================================================================

    Total RO  Size (Code + RO Data)                12492 (  12.20kB)
    Total RW  Size (RW Data + ZI Data)              5736 (   5.60kB)
    Total ROM Size (Code + RO Data + RW Data)      12628 (  12.33kB)

==============================================================================

