Component: Arm Compiler for Embedded 6.24 Tool: armlink [5f371500]

==============================================================================

Section Cross References

    empty.o(.text.LED_Test) refers to empty.o(.text.DL_GPIO_togglePins) for DL_GPIO_togglePins
    empty.o(.ARM.exidx.text.LED_Test) refers to empty.o(.text.LED_Test) for [Anonymous Symbol]
    empty.o(.ARM.exidx.text.DL_GPIO_togglePins) refers to empty.o(.text.DL_GPIO_togglePins) for [Anonymous Symbol]
    empty.o(.text.NULL_Test) refers to my_ticks.o(.text.WR_GetTick) for WR_GetTick
    empty.o(.text.NULL_Test) refers to empty.o(.bss.NULL_Test.task_next_time_NULL_test_task) for [Anonymous Symbol]
    empty.o(.ARM.exidx.text.NULL_Test) refers to empty.o(.text.NULL_Test) for [Anonymous Symbol]
    empty.o(.text.main) refers to ti_msp_dl_config.o(.text.SYSCFG_DL_init) for SYSCFG_DL_init
    empty.o(.text.main) refers to bsp_key.o(.text.BspKey_Init) for BspKey_Init
    empty.o(.text.main) refers to bsp_uart.o(.text.BspUART_Init) for BspUART_Init
    empty.o(.text.main) refers to bsp_encouder.o(.text.BspEncoder_Init) for BspEncoder_Init
    empty.o(.text.main) refers to bsp_motor.o(.text.BspMotor_Init) for BspMotor_Init
    empty.o(.text.main) refers to bsp_track.o(.text.BspTarck_Init) for BspTarck_Init
    empty.o(.text.main) refers to bsp_motor.o(.text.BspMotor_SetSpeed) for BspMotor_SetSpeed
    empty.o(.text.main) refers to bsp_key.o(.text.WR_KeyControlTask) for WR_KeyControlTask
    empty.o(.text.main) refers to bsp_uart.o(.text.VOFA_SendData) for VOFA_SendData
    empty.o(.text.main) refers to bsp_key.o(.data.bsp_key_param) for bsp_key_param
    empty.o(.text.main) refers to empty.o(.text.LED_Test) for LED_Test
    empty.o(.text.main) refers to bsp_track.o(.bss.coord) for coord
    empty.o(.text.main) refers to empty.o(.bss.vofa_arry) for vofa_arry
    empty.o(.text.main) refers to bsp_track.o(.data.last_coord) for last_coord
    empty.o(.text.main) refers to bsp_track.o(.bss.qty) for qty
    empty.o(.ARM.exidx.text.main) refers to empty.o(.text.main) for [Anonymous Symbol]
    startup_mspm0g350x_uvision.o(RESET) refers to startup_mspm0g350x_uvision.o(STACK) for __initial_sp
    startup_mspm0g350x_uvision.o(RESET) refers to startup_mspm0g350x_uvision.o(.text) for Reset_Handler
    startup_mspm0g350x_uvision.o(RESET) refers to my_ticks.o(.text.SysTick_Handler) for SysTick_Handler
    startup_mspm0g350x_uvision.o(RESET) refers to bsp_encouder.o(.text.GROUP1_IRQHandler) for GROUP1_IRQHandler
    startup_mspm0g350x_uvision.o(RESET) refers to bsp_key.o(.text.TIMG8_IRQHandler) for TIMG8_IRQHandler
    startup_mspm0g350x_uvision.o(RESET) refers to bsp_uart.o(.text.UART1_IRQHandler) for UART1_IRQHandler
    startup_mspm0g350x_uvision.o(RESET) refers to bsp_uart.o(.text.UART0_IRQHandler) for UART0_IRQHandler
    startup_mspm0g350x_uvision.o(RESET) refers to bsp_encouder.o(.text.TIMG0_IRQHandler) for TIMG0_IRQHandler
    startup_mspm0g350x_uvision.o(RESET) refers to bsp_track.o(.text.TIMG6_IRQHandler) for TIMG6_IRQHandler
    startup_mspm0g350x_uvision.o(.text) refers to entry.o(.ARM.Collect$$$$00000000) for __main
    ti_msp_dl_config.o(.text.SYSCFG_DL_init) refers to ti_msp_dl_config.o(.text.SYSCFG_DL_initPower) for SYSCFG_DL_initPower
    ti_msp_dl_config.o(.text.SYSCFG_DL_init) refers to ti_msp_dl_config.o(.text.SYSCFG_DL_GPIO_init) for SYSCFG_DL_GPIO_init
    ti_msp_dl_config.o(.text.SYSCFG_DL_init) refers to ti_msp_dl_config.o(.text.SYSCFG_DL_SYSCTL_init) for SYSCFG_DL_SYSCTL_init
    ti_msp_dl_config.o(.text.SYSCFG_DL_init) refers to ti_msp_dl_config.o(.text.SYSCFG_DL_Motor_A_init) for SYSCFG_DL_Motor_A_init
    ti_msp_dl_config.o(.text.SYSCFG_DL_init) refers to ti_msp_dl_config.o(.text.SYSCFG_DL_Motor_B_init) for SYSCFG_DL_Motor_B_init
    ti_msp_dl_config.o(.text.SYSCFG_DL_init) refers to ti_msp_dl_config.o(.text.SYSCFG_DL_Debug_Buzzer_init) for SYSCFG_DL_Debug_Buzzer_init
    ti_msp_dl_config.o(.text.SYSCFG_DL_init) refers to ti_msp_dl_config.o(.text.SYSCFG_DL_Key_task_init) for SYSCFG_DL_Key_task_init
    ti_msp_dl_config.o(.text.SYSCFG_DL_init) refers to ti_msp_dl_config.o(.text.SYSCFG_DL_Speedmeasurement_Task_init) for SYSCFG_DL_Speedmeasurement_Task_init
    ti_msp_dl_config.o(.text.SYSCFG_DL_init) refers to ti_msp_dl_config.o(.text.SYSCFG_DL_Track_task_init) for SYSCFG_DL_Track_task_init
    ti_msp_dl_config.o(.text.SYSCFG_DL_init) refers to ti_msp_dl_config.o(.text.SYSCFG_DL_Debug_UART_init) for SYSCFG_DL_Debug_UART_init
    ti_msp_dl_config.o(.text.SYSCFG_DL_init) refers to ti_msp_dl_config.o(.text.SYSCFG_DL_Rx_yaw_init) for SYSCFG_DL_Rx_yaw_init
    ti_msp_dl_config.o(.text.SYSCFG_DL_init) refers to ti_msp_dl_config.o(.text.SYSCFG_DL_SYSTICK_init) for SYSCFG_DL_SYSTICK_init
    ti_msp_dl_config.o(.text.SYSCFG_DL_init) refers to ti_msp_dl_config.o(.bss.gMotor_ABackup) for gMotor_ABackup
    ti_msp_dl_config.o(.text.SYSCFG_DL_init) refers to ti_msp_dl_config.o(.bss.gMotor_BBackup) for gMotor_BBackup
[...]
    ../mathlib/atof.c                        0x00000000   Number         0  atof.o ABSOLUTE
    bsp_buzzer.c                             0x00000000   Number         0  bsp_buzzer.o ABSOLUTE
    bsp_encouder.c                           0x00000000   Number         0  bsp_encouder.o ABSOLUTE
    bsp_key.c                                0x00000000   Number         0  bsp_key.o ABSOLUTE
    bsp_motor.c                              0x00000000   Number         0  bsp_motor.o ABSOLUTE
    bsp_track.c                              0x00000000   Number         0  bsp_track.o ABSOLUTE
    bsp_uart.c                               0x00000000   Number         0  bsp_uart.o ABSOLUTE
    dc.s                                     0x00000000   Number         0  dc.o ABSOLUTE
    dl_common.c                              0x00000000   Number         0  dl_common.o ABSOLUTE
    dl_sysctl_mspm0g1x0x_g3x0x.c             0x00000000   Number         0  dl_sysctl_mspm0g1x0x_g3x0x.o ABSOLUTE
    dl_timer.c                               0x00000000   Number         0  dl_timer.o ABSOLUTE
    dl_uart.c                                0x00000000   Number         0  dl_uart.o ABSOLUTE
    empty.c                                  0x00000000   Number         0  empty.o ABSOLUTE
    handlers.s                               0x00000000   Number         0  handlers.o ABSOLUTE
    init.s                                   0x00000000   Number         0  init.o ABSOLUTE
    my_Ticks.c                               0x00000000   Number         0  my_ticks.o ABSOLUTE
    startup_mspm0g350x_uvision.s             0x00000000   Number         0  startup_mspm0g350x_uvision.o ABSOLUTE
    ti_msp_dl_config.c                       0x00000000   Number         0  ti_msp_dl_config.o ABSOLUTE
    RESET                                    0x00000000   Section      192  startup_mspm0g350x_uvision.o(RESET)
    .ARM.Collect$$$$00000000                 0x000000c0   Section        0  entry.o(.ARM.Collect$$$$00000000)
    .ARM.Collect$$$$00000001                 0x000000c0   Section        4  entry2.o(.ARM.Collect$$$$00000001)
    .ARM.Collect$$$$00000004                 0x000000c4   Section        4  entry5.o(.ARM.Collect$$$$00000004)
    .ARM.Collect$$$$00000008                 0x000000c8   Section        0  entry7b.o(.ARM.Collect$$$$00000008)
    .ARM.Collect$$$$0000000A                 0x000000c8   Section        0  entry8b.o(.ARM.Collect$$$$0000000A)
    .ARM.Collect$$$$0000000B                 0x000000c8   Section        8  entry9a.o(.ARM.Collect$$$$0000000B)
    __lit__00000000                          0x000000d0   Data           4  entry2.o(.ARM.Collect$$$$00002712)
    .ARM.Collect$$$$0000000D                 0x000000d0   Section        0  entry10a.o(.ARM.Collect$$$$0000000D)
    .ARM.Collect$$$$0000000F                 0x000000d0   Section        0  entry11a.o(.ARM.Collect$$$$0000000F)
    .ARM.Collect$$$$00002712                 0x000000d0   Section        4  entry2.o(.ARM.Collect$$$$00002712)
    .text                                    0x000000d4   Section       20  startup_mspm0g350x_uvision.o(.text)
    .text                                    0x000000e8   Section        0  fadd.o(.text)
    .text                                    0x0000019a   Section        0  fmul.o(.text)
    .text                                    0x00000214   Section        0  fdiv.o(.text)
    .text                                    0x00000290   Section        0  dmul.o(.text)
    .text                                    0x00000360   Section        0  fcmpeq.o(.text)
    .text                                    0x0000037c   Section        0  fflti.o(.text)
    .text                                    0x00000392   Section        0  f2d.o(.text)
    .text                                    0x000003ba   Section        0  d2f.o(.text)
    _local_sscanf                            0x000003f5   Thumb Code    64  strtod.o(.text)
    .text                                    0x000003f4   Section        0  strtod.o(.text)
    .text                                    0x000004a8   Section        0  iusefp.o(.text)
    .text                                    0x000004a8   Section        0  fepilogue.o(.text)
    .text                                    0x0000052a   Section        0  depilogue.o(.text)
    .text                                    0x000005e8   Section       48  init.o(.text)
    .text                                    0x00000618   Section        0  llshl.o(.text)
    .text                                    0x00000638   Section        0  llushr.o(.text)
    .text                                    0x0000065a   Section        0  isspace_c.o(.text)
    _fp_value                                0x00000669   Thumb Code   286  scanf_fp.o(.text)
    .text                                    0x00000668   Section        0  scanf_fp.o(.text)
    .text                                    0x000009dc   Section        0  _sgetc.o(.text)
    .text                                    0x00000a20   Section        0  llmul.o(.text)
    .text                                    0x00000a50   Section        0  ctype_c.o(.text)
    .text                                    0x00000a74   Section        0  ddiv.o(.text)
    .text                                    0x00000b64   Section        0  dfltul.o(.text)
    .text                                    0x00000b80   Section        0  __dczerorl2.o(.text)
    [Anonymous Symbol]                       0x00000bd8   Section        0  bsp_key.o(.text.BSP_KeyTask)
    __arm_cp.3_0                             0x00000db8   Number         4  bsp_key.o(.text.BSP_KeyTask)
    [Anonymous Symbol]                       0x00000dbc   Section        0  bsp_encouder.o(.text.BspEncoder_Init)
    [Anonymous Symbol]                       0x00000e30   Section        0  bsp_key.o(.text.BspKey_Init)
    [Anonymous Symbol]                       0x00000e48   Section        0  bsp_motor.o(.text.BspMotor_Init)
    __arm_cp.0_1                             0x00000e88   Number         4  bsp_motor.o(.text.BspMotor_Init)
    [Anonymous Symbol]                       0x00000e8c   Section        0  bsp_motor.o(.text.BspMotor_SetSpeed)
    __arm_cp.1_0                             0x00001068   Number         4  bsp_motor.o(.text.BspMotor_SetSpeed)
    __arm_cp.1_1                             0x0000106c   Number         4  bsp_motor.o(.text.BspMotor_SetSpeed)
    __arm_cp.1_2                             0x00001070   Number         4  bsp_motor.o(.text.BspMotor_SetSpeed)
    __arm_cp.1_3                             0x00001074   Number         4  bsp_motor.o(.text.BspMotor_SetSpeed)
    __arm_cp.1_4                             0x00001078   Number         4  bsp_motor.o(.text.BspMotor_SetSpeed)
    [Anonymous Symbol]                       0x0000107c   Section        0  bsp_track.o(.text.BspTarck_Init)
    [Anonymous Symbol]                       0x00001092   Section        0  bsp_uart.o(.text.BspUART_Init)
    [Anonymous Symbol]                       0x000010b8   Section        0  bsp_encouder.o(.text.Claculate_MotorSpeed)
    __arm_cp.3_0                             0x00001170   Number         4  bsp_encouder.o(.text.Claculate_MotorSpeed)
    __arm_cp.3_1                             0x00001174   Number         4  bsp_encouder.o(.text.Claculate_MotorSpeed)
    __arm_cp.3_2                             0x00001178   Number         4  bsp_encouder.o(.text.Claculate_MotorSpeed)
    __arm_cp.3_3                             0x0000117c   Number         4  bsp_encouder.o(.text.Claculate_MotorSpeed)
    __arm_cp.3_4                             0x00001180   Number         4  bsp_encouder.o(.text.Claculate_MotorSpeed)
    __arm_cp.3_5                             0x00001184   Number         4  bsp_encouder.o(.text.Claculate_MotorSpeed)
    __arm_cp.3_6                             0x00001188   Number         4  bsp_encouder.o(.text.Claculate_MotorSpeed)
    __arm_cp.3_7                             0x0000118c   Number         4  bsp_encouder.o(.text.Claculate_MotorSpeed)
    [Anonymous Symbol]                       0x00001190   Section        0  dl_common.o(.text.DL_Common_delayCycles)
    DL_Common_updateReg                      0x0000119b   Thumb Code    40  ti_msp_dl_config.o(.text.DL_Common_updateReg)
    [Anonymous Symbol]                       0x0000119a   Section        0  ti_msp_dl_config.o(.text.DL_Common_updateReg)
    DL_GPIO_clearInterruptStatus             0x000011c5   Thumb Code    24  ti_msp_dl_config.o(.text.DL_GPIO_clearInterruptStatus)
    [Anonymous Symbol]                       0x000011c4   Section        0  ti_msp_dl_config.o(.text.DL_GPIO_clearInterruptStatus)
    DL_GPIO_clearInterruptStatus             0x000011dd   Thumb Code    24  bsp_encouder.o(.text.DL_GPIO_clearInterruptStatus)
    [Anonymous Symbol]                       0x000011dc   Section        0  bsp_encouder.o(.text.DL_GPIO_clearInterruptStatus)
    __arm_cp.7_0                             0x000011f4   Number         4  bsp_encouder.o(.text.DL_GPIO_clearInterruptStatus)
    DL_GPIO_clearPins                        0x000011f9   Thumb Code    20  ti_msp_dl_config.o(.text.DL_GPIO_clearPins)
    [Anonymous Symbol]                       0x000011f8   Section        0  ti_msp_dl_config.o(.text.DL_GPIO_clearPins)
    DL_GPIO_clearPins                        0x0000120d   Thumb Code    20  bsp_motor.o(.text.DL_GPIO_clearPins)
    [Anonymous Symbol]                       0x0000120c   Section        0  bsp_motor.o(.text.DL_GPIO_clearPins)
    DL_GPIO_enableInterrupt                  0x00001221   Thumb Code    24  ti_msp_dl_config.o(.text.DL_GPIO_enableInterrupt)
    [Anonymous Symbol]                       0x00001220   Section        0  ti_msp_dl_config.o(.text.DL_GPIO_enableInterrupt)
    __arm_cp.30_0                            0x00001238   Number         4  ti_msp_dl_config.o(.text.DL_GPIO_enableInterrupt)
    DL_GPIO_enableOutput                     0x0000123d   Thumb Code    20  ti_msp_dl_config.o(.text.DL_GPIO_enableOutput)
    [Anonymous Symbol]                       0x0000123c   Section        0  ti_msp_dl_config.o(.text.DL_GPIO_enableOutput)
    __arm_cp.23_0                            0x00001250   Number         4  ti_msp_dl_config.o(.text.DL_GPIO_enableOutput)
    DL_GPIO_enablePower                      0x00001255   Thumb Code    20  ti_msp_dl_config.o(.text.DL_GPIO_enablePower)
    [Anonymous Symbol]                       0x00001254   Section        0  ti_msp_dl_config.o(.text.DL_GPIO_enablePower)
    __arm_cp.18_0                            0x00001268   Number         4  ti_msp_dl_config.o(.text.DL_GPIO_enablePower)
    DL_GPIO_getEnabledInterruptStatus        0x0000126d   Thumb Code    20  bsp_encouder.o(.text.DL_GPIO_getEnabledInterruptStatus)
    [Anonymous Symbol]                       0x0000126c   Section        0  bsp_encouder.o(.text.DL_GPIO_getEnabledInterruptStatus)
    __arm_cp.5_0                             0x00001280   Number         4  bsp_encouder.o(.text.DL_GPIO_getEnabledInterruptStatus)
    DL_GPIO_initDigitalInputFeatures         0x00001285   Thumb Code    44  ti_msp_dl_config.o(.text.DL_GPIO_initDigitalInputFeatures)
    [Anonymous Symbol]                       0x00001284   Section        0  ti_msp_dl_config.o(.text.DL_GPIO_initDigitalInputFeatures)
    __arm_cp.26_0                            0x000012b0   Number         4  ti_msp_dl_config.o(.text.DL_GPIO_initDigitalInputFeatures)
    DL_GPIO_initDigitalOutput                0x000012b5   Thumb Code    20  ti_msp_dl_config.o(.text.DL_GPIO_initDigitalOutput)
    [Anonymous Symbol]                       0x000012b4   Section        0  ti_msp_dl_config.o(.text.DL_GPIO_initDigitalOutput)
    DL_GPIO_initDigitalOutputFeatures        0x000012c9   Thumb Code    44  ti_msp_dl_config.o(.text.DL_GPIO_initDigitalOutputFeatures)
    [Anonymous Symbol]                       0x000012c8   Section        0  ti_msp_dl_config.o(.text.DL_GPIO_initDigitalOutputFeatures)
    DL_GPIO_initPeripheralAnalogFunction     0x000012f5   Thumb Code    20  ti_msp_dl_config.o(.text.DL_GPIO_initPeripheralAnalogFunction)
    [Anonymous Symbol]                       0x000012f4   Section        0  ti_msp_dl_config.o(.text.DL_GPIO_initPeripheralAnalogFunction)
    DL_GPIO_initPeripheralInputFunction      0x00001309   Thumb Code    24  ti_msp_dl_config.o(.text.DL_GPIO_initPeripheralInputFunction)
    [Anonymous Symbol]                       0x00001308   Section        0  ti_msp_dl_config.o(.text.DL_GPIO_initPeripheralInputFunction)
    __arm_cp.24_0                            0x00001320   Number         4  ti_msp_dl_config.o(.text.DL_GPIO_initPeripheralInputFunction)
    DL_GPIO_initPeripheralOutputFunction     0x00001325   Thumb Code    24  ti_msp_dl_config.o(.text.DL_GPIO_initPeripheralOutputFunction)
    [Anonymous Symbol]                       0x00001324   Section        0  ti_msp_dl_config.o(.text.DL_GPIO_initPeripheralOutputFunction)
    __arm_cp.22_0                            0x0000133c   Number         4  ti_msp_dl_config.o(.text.DL_GPIO_initPeripheralOutputFunction)
    DL_GPIO_readPins                         0x00001341   Thumb Code    22  bsp_key.o(.text.DL_GPIO_readPins)
    [Anonymous Symbol]                       0x00001340   Section        0  bsp_key.o(.text.DL_GPIO_readPins)
    DL_GPIO_readPins                         0x00001357   Thumb Code    22  bsp_encouder.o(.text.DL_GPIO_readPins)
    [Anonymous Symbol]                       0x00001356   Section        0  bsp_encouder.o(.text.DL_GPIO_readPins)
    DL_GPIO_readPins                         0x0000136d   Thumb Code    22  bsp_track.o(.text.DL_GPIO_readPins)
    [Anonymous Symbol]                       0x0000136c   Section        0  bsp_track.o(.text.DL_GPIO_readPins)
    DL_GPIO_reset                            0x00001385   Thumb Code    16  ti_msp_dl_config.o(.text.DL_GPIO_reset)
    [Anonymous Symbol]                       0x00001384   Section        0  ti_msp_dl_config.o(.text.DL_GPIO_reset)
    __arm_cp.15_0                            0x00001394   Number         4  ti_msp_dl_config.o(.text.DL_GPIO_reset)
    __arm_cp.15_1                            0x00001398   Number         4  ti_msp_dl_config.o(.text.DL_GPIO_reset)
    DL_GPIO_setLowerPinsPolarity             0x0000139d   Thumb Code    24  ti_msp_dl_config.o(.text.DL_GPIO_setLowerPinsPolarity)
    [Anonymous Symbol]                       0x0000139c   Section        0  ti_msp_dl_config.o(.text.DL_GPIO_setLowerPinsPolarity)
    __arm_cp.28_0                            0x000013b4   Number         4  ti_msp_dl_config.o(.text.DL_GPIO_setLowerPinsPolarity)
    DL_GPIO_setPins                          0x000013b9   Thumb Code    20  ti_msp_dl_config.o(.text.DL_GPIO_setPins)
    [Anonymous Symbol]                       0x000013b8   Section        0  ti_msp_dl_config.o(.text.DL_GPIO_setPins)
    DL_GPIO_setPins                          0x000013cd   Thumb Code    20  bsp_motor.o(.text.DL_GPIO_setPins)
    [Anonymous Symbol]                       0x000013cc   Section        0  bsp_motor.o(.text.DL_GPIO_setPins)
    __arm_cp.2_0                             0x000013e0   Number         4  bsp_motor.o(.text.DL_GPIO_setPins)
    DL_GPIO_setUpperPinsPolarity             0x000013e5   Thumb Code    24  ti_msp_dl_config.o(.text.DL_GPIO_setUpperPinsPolarity)
    [Anonymous Symbol]                       0x000013e4   Section        0  ti_msp_dl_config.o(.text.DL_GPIO_setUpperPinsPolarity)
    DL_GPIO_togglePins                       0x000013fd   Thumb Code    20  empty.o(.text.DL_GPIO_togglePins)
    [Anonymous Symbol]                       0x000013fc   Section        0  empty.o(.text.DL_GPIO_togglePins)
    __arm_cp.1_0                             0x00001410   Number         4  empty.o(.text.DL_GPIO_togglePins)
    [Anonymous Symbol]                       0x00001414   Section        0  dl_sysctl_mspm0g1x0x_g3x0x.o(.text.DL_SYSCTL_configSYSPLL)
    __arm_cp.0_2                             0x000014c8   Number         4  dl_sysctl_mspm0g1x0x_g3x0x.o(.text.DL_SYSCTL_configSYSPLL)
    __arm_cp.0_3                             0x000014cc   Number         4  dl_sysctl_mspm0g1x0x_g3x0x.o(.text.DL_SYSCTL_configSYSPLL)
    __arm_cp.0_4                             0x000014d0   Number         4  dl_sysctl_mspm0g1x0x_g3x0x.o(.text.DL_SYSCTL_configSYSPLL)
    DL_SYSCTL_disableHFXT                    0x000014d5   Thumb Code    12  ti_msp_dl_config.o(.text.DL_SYSCTL_disableHFXT)
    [Anonymous Symbol]                       0x000014d4   Section        0  ti_msp_dl_config.o(.text.DL_SYSCTL_disableHFXT)
    DL_SYSCTL_disableSYSPLL                  0x000014e1   Thumb Code    16  ti_msp_dl_config.o(.text.DL_SYSCTL_disableSYSPLL)
    [Anonymous Symbol]                       0x000014e0   Section        0  ti_msp_dl_config.o(.text.DL_SYSCTL_disableSYSPLL)
    __arm_cp.38_0                            0x000014f0   Number         4  ti_msp_dl_config.o(.text.DL_SYSCTL_disableSYSPLL)
    DL_SYSCTL_setBORThreshold                0x000014f5   Thumb Code    20  ti_msp_dl_config.o(.text.DL_SYSCTL_setBORThreshold)
    [Anonymous Symbol]                       0x000014f4   Section        0  ti_msp_dl_config.o(.text.DL_SYSCTL_setBORThreshold)
    __arm_cp.34_0                            0x00001508   Number         4  ti_msp_dl_config.o(.text.DL_SYSCTL_setBORThreshold)
    DL_SYSCTL_setFlashWaitState              0x0000150d   Thumb Code    28  ti_msp_dl_config.o(.text.DL_SYSCTL_setFlashWaitState)
    [Anonymous Symbol]                       0x0000150c   Section        0  ti_msp_dl_config.o(.text.DL_SYSCTL_setFlashWaitState)
    [Anonymous Symbol]                       0x00001528   Section        0  dl_sysctl_mspm0g1x0x_g3x0x.o(.text.DL_SYSCTL_setHFCLKSourceHFXTParams)
    __arm_cp.7_0                             0x00001574   Number         4  dl_sysctl_mspm0g1x0x_g3x0x.o(.text.DL_SYSCTL_setHFCLKSourceHFXTParams)
    DL_SYSCTL_setSYSOSCFreq                  0x00001579   Thumb Code    24  ti_msp_dl_config.o(.text.DL_SYSCTL_setSYSOSCFreq)
    [Anonymous Symbol]                       0x00001578   Section        0  ti_msp_dl_config.o(.text.DL_SYSCTL_setSYSOSCFreq)
    __arm_cp.36_0                            0x00001590   Number         4  ti_msp_dl_config.o(.text.DL_SYSCTL_setSYSOSCFreq)
    DL_SYSCTL_setULPCLKDivider               0x00001595   Thumb Code    24  ti_msp_dl_config.o(.text.DL_SYSCTL_setULPCLKDivider)
    [Anonymous Symbol]                       0x00001594   Section        0  ti_msp_dl_config.o(.text.DL_SYSCTL_setULPCLKDivider)
    [Anonymous Symbol]                       0x000015ac   Section        0  dl_sysctl_mspm0g1x0x_g3x0x.o(.text.DL_SYSCTL_switchMCLKfromSYSOSCtoHSCLK)
    __arm_cp.4_0                             0x000015cc   Number         4  dl_sysctl_mspm0g1x0x_g3x0x.o(.text.DL_SYSCTL_switchMCLKfromSYSOSCtoHSCLK)
    __arm_cp.4_1                             0x000015d0   Number         4  dl_sysctl_mspm0g1x0x_g3x0x.o(.text.DL_SYSCTL_switchMCLKfromSYSOSCtoHSCLK)
    DL_Timer_clearInterruptStatus            0x000015d5   Thumb Code    20  bsp_key.o(.text.DL_Timer_clearInterruptStatus)
    [Anonymous Symbol]                       0x000015d4   Section        0  bsp_key.o(.text.DL_Timer_clearInterruptStatus)
    DL_Timer_clearInterruptStatus            0x000015e9   Thumb Code    20  bsp_encouder.o(.text.DL_Timer_clearInterruptStatus)
    [Anonymous Symbol]                       0x000015e8   Section        0  bsp_encouder.o(.text.DL_Timer_clearInterruptStatus)
    DL_Timer_clearInterruptStatus            0x000015fd   Thumb Code    20  bsp_track.o(.text.DL_Timer_clearInterruptStatus)
    [Anonymous Symbol]                       0x000015fc   Section        0  bsp_track.o(.text.DL_Timer_clearInterruptStatus)
    DL_Timer_enableClock                     0x00001611   Thumb Code    16  ti_msp_dl_config.o(.text.DL_Timer_enableClock)
    [Anonymous Symbol]                       0x00001610   Section        0  ti_msp_dl_config.o(.text.DL_Timer_enableClock)
    __arm_cp.42_0                            0x00001620   Number         4  ti_msp_dl_config.o(.text.DL_Timer_enableClock)
    DL_Timer_enableInterrupt                 0x00001625   Thumb Code    24  ti_msp_dl_config.o(.text.DL_Timer_enableInterrupt)
    [Anonymous Symbol]                       0x00001624   Section        0  ti_msp_dl_config.o(.text.DL_Timer_enableInterrupt)
    DL_Timer_enablePower                     0x0000163d   Thumb Code    20  ti_msp_dl_config.o(.text.DL_Timer_enablePower)
    [Anonymous Symbol]                       0x0000163c   Section        0  ti_msp_dl_config.o(.text.DL_Timer_enablePower)
    DL_Timer_getPendingInterrupt             0x00001651   Thumb Code    18  bsp_key.o(.text.DL_Timer_getPendingInterrupt)
    [Anonymous Symbol]                       0x00001650   Section        0  bsp_key.o(.text.DL_Timer_getPendingInterrupt)
    DL_Timer_getPendingInterrupt             0x00001663   Thumb Code    18  bsp_encouder.o(.text.DL_Timer_getPendingInterrupt)
    [Anonymous Symbol]                       0x00001662   Section        0  bsp_encouder.o(.text.DL_Timer_getPendingInterrupt)
    DL_Timer_getPendingInterrupt             0x00001675   Thumb Code    18  bsp_track.o(.text.DL_Timer_getPendingInterrupt)
    [Anonymous Symbol]                       0x00001674   Section        0  bsp_track.o(.text.DL_Timer_getPendingInterrupt)
    [Anonymous Symbol]                       0x00001688   Section        0  dl_timer.o(.text.DL_Timer_initFourCCPWMMode)
    __arm_cp.40_1                            0x0000177c   Number         4  dl_timer.o(.text.DL_Timer_initFourCCPWMMode)
    __arm_cp.40_2                            0x00001780   Number         4  dl_timer.o(.text.DL_Timer_initFourCCPWMMode)
    __arm_cp.40_4                            0x00001784   Number         4  dl_timer.o(.text.DL_Timer_initFourCCPWMMode)
    __arm_cp.40_5                            0x00001788   Number         4  dl_timer.o(.text.DL_Timer_initFourCCPWMMode)
    __arm_cp.40_6                            0x0000178c   Number         4  dl_timer.o(.text.DL_Timer_initFourCCPWMMode)
    [Anonymous Symbol]                       0x00001790   Section        0  dl_timer.o(.text.DL_Timer_initTimerMode)
    __arm_cp.2_0                             0x00001870   Number         4  dl_timer.o(.text.DL_Timer_initTimerMode)
    __arm_cp.2_2                             0x00001874   Number         4  dl_timer.o(.text.DL_Timer_initTimerMode)
    __arm_cp.2_3                             0x00001878   Number         4  dl_timer.o(.text.DL_Timer_initTimerMode)
    DL_Timer_reset                           0x0000187d   Thumb Code    16  ti_msp_dl_config.o(.text.DL_Timer_reset)
    [Anonymous Symbol]                       0x0000187c   Section        0  ti_msp_dl_config.o(.text.DL_Timer_reset)
    DL_Timer_setCCPDirection                 0x0000188d   Thumb Code    20  ti_msp_dl_config.o(.text.DL_Timer_setCCPDirection)
    [Anonymous Symbol]                       0x0000188c   Section        0  ti_msp_dl_config.o(.text.DL_Timer_setCCPDirection)
    [Anonymous Symbol]                       0x000018a0   Section        0  dl_timer.o(.text.DL_Timer_setCaptCompUpdateMethod)
    __arm_cp.23_0                            0x000018b8   Number         4  dl_timer.o(.text.DL_Timer_setCaptCompUpdateMethod)
    [Anonymous Symbol]                       0x000018bc   Section        0  dl_timer.o(.text.DL_Timer_setCaptureCompareOutCtl)
    __arm_cp.27_0                            0x000018d0   Number         4  dl_timer.o(.text.DL_Timer_setCaptureCompareOutCtl)
    [Anonymous Symbol]                       0x000018d4   Section        0  dl_timer.o(.text.DL_Timer_setCaptureCompareValue)
    __arm_cp.3_0                             0x000018e0   Number         4  dl_timer.o(.text.DL_Timer_setCaptureCompareValue)
    [Anonymous Symbol]                       0x000018e4   Section        0  dl_timer.o(.text.DL_Timer_setClockConfig)
    __arm_cp.0_0                             0x000018fc   Number         4  dl_timer.o(.text.DL_Timer_setClockConfig)
    DL_Timer_setCounterControl               0x00001901   Thumb Code    52  ti_msp_dl_config.o(.text.DL_Timer_setCounterControl)
    [Anonymous Symbol]                       0x00001900   Section        0  ti_msp_dl_config.o(.text.DL_Timer_setCounterControl)
    __arm_cp.41_0                            0x00001934   Number         4  ti_msp_dl_config.o(.text.DL_Timer_setCounterControl)
    __arm_cp.41_1                            0x00001938   Number         4  ti_msp_dl_config.o(.text.DL_Timer_setCounterControl)
    DL_UART_clearInterruptStatus             0x0000193d   Thumb Code    20  bsp_uart.o(.text.DL_UART_clearInterruptStatus)
    [Anonymous Symbol]                       0x0000193c   Section        0  bsp_uart.o(.text.DL_UART_clearInterruptStatus)
    __arm_cp.10_0                            0x00001950   Number         4  bsp_uart.o(.text.DL_UART_clearInterruptStatus)
    DL_UART_enable                           0x00001955   Thumb Code    22  ti_msp_dl_config.o(.text.DL_UART_enable)
    [Anonymous Symbol]                       0x00001954   Section        0  ti_msp_dl_config.o(.text.DL_UART_enable)
    DL_UART_enableInterrupt                  0x0000196d   Thumb Code    24  ti_msp_dl_config.o(.text.DL_UART_enableInterrupt)
    [Anonymous Symbol]                       0x0000196c   Section        0  ti_msp_dl_config.o(.text.DL_UART_enableInterrupt)
    __arm_cp.47_0                            0x00001984   Number         4  ti_msp_dl_config.o(.text.DL_UART_enableInterrupt)
    DL_UART_enablePower                      0x00001989   Thumb Code    20  ti_msp_dl_config.o(.text.DL_UART_enablePower)
    [Anonymous Symbol]                       0x00001988   Section        0  ti_msp_dl_config.o(.text.DL_UART_enablePower)
    __arm_cp.20_0                            0x0000199c   Number         4  ti_msp_dl_config.o(.text.DL_UART_enablePower)
    DL_UART_getPendingInterrupt              0x000019a1   Thumb Code    18  bsp_uart.o(.text.DL_UART_getPendingInterrupt)
    [Anonymous Symbol]                       0x000019a0   Section        0  bsp_uart.o(.text.DL_UART_getPendingInterrupt)
    [Anonymous Symbol]                       0x000019b4   Section        0  dl_uart.o(.text.DL_UART_init)
    __arm_cp.0_0                             0x000019f4   Number         4  dl_uart.o(.text.DL_UART_init)
    __arm_cp.0_1                             0x000019f8   Number         4  dl_uart.o(.text.DL_UART_init)
    DL_UART_receiveData                      0x000019fd   Thumb Code    16  bsp_uart.o(.text.DL_UART_receiveData)
    [Anonymous Symbol]                       0x000019fc   Section        0  bsp_uart.o(.text.DL_UART_receiveData)
    __arm_cp.8_0                             0x00001a0c   Number         4  bsp_uart.o(.text.DL_UART_receiveData)
    DL_UART_reset                            0x00001a11   Thumb Code    16  ti_msp_dl_config.o(.text.DL_UART_reset)
    [Anonymous Symbol]                       0x00001a10   Section        0  ti_msp_dl_config.o(.text.DL_UART_reset)
    __arm_cp.17_0                            0x00001a20   Number         4  ti_msp_dl_config.o(.text.DL_UART_reset)
    __arm_cp.17_1                            0x00001a24   Number         4  ti_msp_dl_config.o(.text.DL_UART_reset)
    DL_UART_setBaudRateDivisor               0x00001a29   Thumb Code    60  ti_msp_dl_config.o(.text.DL_UART_setBaudRateDivisor)
    [Anonymous Symbol]                       0x00001a28   Section        0  ti_msp_dl_config.o(.text.DL_UART_setBaudRateDivisor)
    __arm_cp.46_0                            0x00001a64   Number         4  ti_msp_dl_config.o(.text.DL_UART_setBaudRateDivisor)
    __arm_cp.46_2                            0x00001a68   Number         4  ti_msp_dl_config.o(.text.DL_UART_setBaudRateDivisor)
    __arm_cp.46_3                            0x00001a6c   Number         4  ti_msp_dl_config.o(.text.DL_UART_setBaudRateDivisor)
    [Anonymous Symbol]                       0x00001a70   Section        0  dl_uart.o(.text.DL_UART_setClockConfig)
    DL_UART_setOversampling                  0x00001a83   Thumb Code    30  ti_msp_dl_config.o(.text.DL_UART_setOversampling)
    [Anonymous Symbol]                       0x00001a82   Section        0  ti_msp_dl_config.o(.text.DL_UART_setOversampling)
    [Anonymous Symbol]                       0x00001aa0   Section        0  dl_uart.o(.text.DL_UART_transmitDataBlocking)
    __arm_cp.7_0                             0x00001ab0   Number         4  dl_uart.o(.text.DL_UART_transmitDataBlocking)
    [Anonymous Symbol]                       0x00001ab4   Section        0  bsp_encouder.o(.text.GROUP1_IRQHandler)
    __arm_cp.4_0                             0x00001bd0   Number         4  bsp_encouder.o(.text.GROUP1_IRQHandler)
    [Anonymous Symbol]                       0x00001bd4   Section        0  empty.o(.text.LED_Test)
    [Anonymous Symbol]                       0x00001be4   Section        0  ti_msp_dl_config.o(.text.SYSCFG_DL_Debug_Buzzer_init)
    __arm_cp.6_0                             0x00001c3c   Number         4  ti_msp_dl_config.o(.text.SYSCFG_DL_Debug_Buzzer_init)
    __arm_cp.6_1                             0x00001c40   Number         4  ti_msp_dl_config.o(.text.SYSCFG_DL_Debug_Buzzer_init)
    __arm_cp.6_2                             0x00001c44   Number         4  ti_msp_dl_config.o(.text.SYSCFG_DL_Debug_Buzzer_init)
    __arm_cp.6_3                             0x00001c48   Number         4  ti_msp_dl_config.o(.text.SYSCFG_DL_Debug_Buzzer_init)
    [Anonymous Symbol]                       0x00001c4c   Section        0  ti_msp_dl_config.o(.text.SYSCFG_DL_Debug_UART_init)
    __arm_cp.10_0                            0x00001c8c   Number         4  ti_msp_dl_config.o(.text.SYSCFG_DL_Debug_UART_init)
    __arm_cp.10_1                            0x00001c90   Number         4  ti_msp_dl_config.o(.text.SYSCFG_DL_Debug_UART_init)
    __arm_cp.10_2                            0x00001c94   Number         4  ti_msp_dl_config.o(.text.SYSCFG_DL_Debug_UART_init)
    [Anonymous Symbol]                       0x00001c98   Section        0  ti_msp_dl_config.o(.text.SYSCFG_DL_GPIO_init)
    __arm_cp.2_0                             0x00001e7c   Number         4  ti_msp_dl_config.o(.text.SYSCFG_DL_GPIO_init)
    __arm_cp.2_1                             0x00001e80   Number         4  ti_msp_dl_config.o(.text.SYSCFG_DL_GPIO_init)
    __arm_cp.2_2                             0x00001e84   Number         4  ti_msp_dl_config.o(.text.SYSCFG_DL_GPIO_init)
    __arm_cp.2_3                             0x00001e88   Number         4  ti_msp_dl_config.o(.text.SYSCFG_DL_GPIO_init)
    __arm_cp.2_4                             0x00001e8c   Number         4  ti_msp_dl_config.o(.text.SYSCFG_DL_GPIO_init)
    __arm_cp.2_5                             0x00001e90   Number         4  ti_msp_dl_config.o(.text.SYSCFG_DL_GPIO_init)
    [Anonymous Symbol]                       0x00001e94   Section        0  ti_msp_dl_config.o(.text.SYSCFG_DL_Key_task_init)
    __arm_cp.7_0                             0x00001ec4   Number         4  ti_msp_dl_config.o(.text.SYSCFG_DL_Key_task_init)
    __arm_cp.7_2                             0x00001ec8   Number         4  ti_msp_dl_config.o(.text.SYSCFG_DL_Key_task_init)
    [Anonymous Symbol]                       0x00001ecc   Section        0  ti_msp_dl_config.o(.text.SYSCFG_DL_Motor_A_init)
    __arm_cp.4_0                             0x00001f2c   Number         4  ti_msp_dl_config.o(.text.SYSCFG_DL_Motor_A_init)
    __arm_cp.4_2                             0x00001f30   Number         4  ti_msp_dl_config.o(.text.SYSCFG_DL_Motor_A_init)
    [Anonymous Symbol]                       0x00001f34   Section        0  ti_msp_dl_config.o(.text.SYSCFG_DL_Motor_B_init)
    __arm_cp.5_0                             0x00001f94   Number         4  ti_msp_dl_config.o(.text.SYSCFG_DL_Motor_B_init)
    __arm_cp.5_2                             0x00001f98   Number         4  ti_msp_dl_config.o(.text.SYSCFG_DL_Motor_B_init)
    __arm_cp.5_3                             0x00001f9c   Number         4  ti_msp_dl_config.o(.text.SYSCFG_DL_Motor_B_init)
    [Anonymous Symbol]                       0x00001fa0   Section        0  ti_msp_dl_config.o(.text.SYSCFG_DL_Rx_yaw_init)
    __arm_cp.11_0                            0x00001fe4   Number         4  ti_msp_dl_config.o(.text.SYSCFG_DL_Rx_yaw_init)
    __arm_cp.11_2                            0x00001fe8   Number         4  ti_msp_dl_config.o(.text.SYSCFG_DL_Rx_yaw_init)
    [Anonymous Symbol]                       0x00001fec   Section        0  ti_msp_dl_config.o(.text.SYSCFG_DL_SYSCTL_init)
    __arm_cp.3_0                             0x0000203c   Number         4  ti_msp_dl_config.o(.text.SYSCFG_DL_SYSCTL_init)
    [Anonymous Symbol]                       0x00002040   Section        0  ti_msp_dl_config.o(.text.SYSCFG_DL_SYSTICK_init)
    __arm_cp.12_0                            0x0000204c   Number         4  ti_msp_dl_config.o(.text.SYSCFG_DL_SYSTICK_init)
    [Anonymous Symbol]                       0x00002050   Section        0  ti_msp_dl_config.o(.text.SYSCFG_DL_Speedmeasurement_Task_init)
    __arm_cp.8_0                             0x00002080   Number         4  ti_msp_dl_config.o(.text.SYSCFG_DL_Speedmeasurement_Task_init)
    __arm_cp.8_2                             0x00002084   Number         4  ti_msp_dl_config.o(.text.SYSCFG_DL_Speedmeasurement_Task_init)
    [Anonymous Symbol]                       0x00002088   Section        0  ti_msp_dl_config.o(.text.SYSCFG_DL_Track_task_init)
    __arm_cp.9_0                             0x000020b8   Number         4  ti_msp_dl_config.o(.text.SYSCFG_DL_Track_task_init)
    __arm_cp.9_2                             0x000020bc   Number         4  ti_msp_dl_config.o(.text.SYSCFG_DL_Track_task_init)
    [Anonymous Symbol]                       0x000020c0   Section        0  ti_msp_dl_config.o(.text.SYSCFG_DL_init)
    __arm_cp.0_0                             0x0000210c   Number         4  ti_msp_dl_config.o(.text.SYSCFG_DL_init)
    __arm_cp.0_1                             0x00002110   Number         4  ti_msp_dl_config.o(.text.SYSCFG_DL_init)
    __arm_cp.0_2                             0x00002114   Number         4  ti_msp_dl_config.o(.text.SYSCFG_DL_init)
    __arm_cp.0_3                             0x00002118   Number         4  ti_msp_dl_config.o(.text.SYSCFG_DL_init)
    [Anonymous Symbol]                       0x0000211c   Section        0  ti_msp_dl_config.o(.text.SYSCFG_DL_initPower)
    __arm_cp.1_0                             0x000021b8   Number         4  ti_msp_dl_config.o(.text.SYSCFG_DL_initPower)
    __arm_cp.1_1                             0x000021bc   Number         4  ti_msp_dl_config.o(.text.SYSCFG_DL_initPower)
    __arm_cp.1_2                             0x000021c0   Number         4  ti_msp_dl_config.o(.text.SYSCFG_DL_initPower)
    __arm_cp.1_3                             0x000021c4   Number         4  ti_msp_dl_config.o(.text.SYSCFG_DL_initPower)
    __arm_cp.1_4                             0x000021c8   Number         4  ti_msp_dl_config.o(.text.SYSCFG_DL_initPower)
    __arm_cp.1_5                             0x000021cc   Number         4  ti_msp_dl_config.o(.text.SYSCFG_DL_initPower)
    __arm_cp.1_9                             0x000021d0   Number         4  ti_msp_dl_config.o(.text.SYSCFG_DL_initPower)
    [Anonymous Symbol]                       0x000021d4   Section        0  bsp_uart.o(.text.Serial_SendByte)
    SysTick_Config                           0x000021ed   Thumb Code    68  ti_msp_dl_config.o(.text.SysTick_Config)
    [Anonymous Symbol]                       0x000021ec   Section        0  ti_msp_dl_config.o(.text.SysTick_Config)
    __arm_cp.49_0                            0x00002230   Number         4  ti_msp_dl_config.o(.text.SysTick_Config)
    __arm_cp.49_1                            0x00002234   Number         4  ti_msp_dl_config.o(.text.SysTick_Config)
    __arm_cp.49_2                            0x00002238   Number         4  ti_msp_dl_config.o(.text.SysTick_Config)
    [Anonymous Symbol]                       0x0000223c   Section        0  my_ticks.o(.text.SysTick_Handler)
    [Anonymous Symbol]                       0x00002244   Section        0  bsp_encouder.o(.text.TIMG0_IRQHandler)
    __arm_cp.8_0                             0x00002264   Number         4  bsp_encouder.o(.text.TIMG0_IRQHandler)
    [Anonymous Symbol]                       0x00002268   Section        0  bsp_track.o(.text.TIMG6_IRQHandler)
    __arm_cp.5_0                             0x00002288   Number         4  bsp_track.o(.text.TIMG6_IRQHandler)
    [Anonymous Symbol]                       0x0000228c   Section        0  bsp_key.o(.text.TIMG8_IRQHandler)
    __arm_cp.6_0                             0x000022ac   Number         4  bsp_key.o(.text.TIMG8_IRQHandler)
    [Anonymous Symbol]                       0x000022b0   Section        0  bsp_track.o(.text.Track_Task)
    __arm_cp.3_0                             0x00002364   Number         4  bsp_track.o(.text.Track_Task)
    __arm_cp.3_1                             0x00002368   Number         4  bsp_track.o(.text.Track_Task)
    __arm_cp.3_2                             0x0000236c   Number         4  bsp_track.o(.text.Track_Task)
    __arm_cp.3_3                             0x00002370   Number         4  bsp_track.o(.text.Track_Task)
    __arm_cp.3_4                             0x00002374   Number         4  bsp_track.o(.text.Track_Task)
    [Anonymous Symbol]                       0x00002378   Section        0  bsp_uart.o(.text.UART0_IRQHandler)
    __arm_cp.6_0                             0x00002398   Number         4  bsp_uart.o(.text.UART0_IRQHandler)
    __arm_cp.6_1                             0x0000239c   Number         4  bsp_uart.o(.text.UART0_IRQHandler)
    [Anonymous Symbol]                       0x000023a0   Section        0  bsp_uart.o(.text.UART1_IRQHandler)
    __arm_cp.9_0                             0x0000244c   Number         4  bsp_uart.o(.text.UART1_IRQHandler)
    __arm_cp.9_1                             0x00002450   Number         4  bsp_uart.o(.text.UART1_IRQHandler)
    __arm_cp.9_2                             0x00002454   Number         4  bsp_uart.o(.text.UART1_IRQHandler)
    __arm_cp.9_3                             0x00002458   Number         4  bsp_uart.o(.text.UART1_IRQHandler)
    __arm_cp.9_4                             0x0000245c   Number         4  bsp_uart.o(.text.UART1_IRQHandler)
    [Anonymous Symbol]                       0x00002460   Section        0  bsp_uart.o(.text.VOFA_SendData)
    [Anonymous Symbol]                       0x00002500   Section        0  my_ticks.o(.text.WR_GetTick)
    [Anonymous Symbol]                       0x00002508   Section        0  my_ticks.o(.text.WR_IncTik)
    __arm_cp.0_0                             0x00002514   Number         4  my_ticks.o(.text.WR_IncTik)
    [Anonymous Symbol]                       0x00002518   Section        0  bsp_key.o(.text.WR_KeyControlTask)
    __NVIC_ClearPendingIRQ                   0x00002549   Thumb Code    40  bsp_key.o(.text.__NVIC_ClearPendingIRQ)
    [Anonymous Symbol]                       0x00002548   Section        0  bsp_key.o(.text.__NVIC_ClearPendingIRQ)
    __NVIC_ClearPendingIRQ                   0x00002571   Thumb Code    40  bsp_uart.o(.text.__NVIC_ClearPendingIRQ)
    [Anonymous Symbol]                       0x00002570   Section        0  bsp_uart.o(.text.__NVIC_ClearPendingIRQ)
    __NVIC_ClearPendingIRQ                   0x00002599   Thumb Code    40  bsp_encouder.o(.text.__NVIC_ClearPendingIRQ)
    [Anonymous Symbol]                       0x00002598   Section        0  bsp_encouder.o(.text.__NVIC_ClearPendingIRQ)
    __NVIC_ClearPendingIRQ                   0x000025c1   Thumb Code    40  bsp_track.o(.text.__NVIC_ClearPendingIRQ)
    [Anonymous Symbol]                       0x000025c0   Section        0  bsp_track.o(.text.__NVIC_ClearPendingIRQ)
    __arm_cp.1_0                             0x000025e8   Number         4  bsp_track.o(.text.__NVIC_ClearPendingIRQ)
    __NVIC_EnableIRQ                         0x000025ed   Thumb Code    40  bsp_key.o(.text.__NVIC_EnableIRQ)
    [Anonymous Symbol]                       0x000025ec   Section        0  bsp_key.o(.text.__NVIC_EnableIRQ)
    __NVIC_EnableIRQ                         0x00002615   Thumb Code    40  bsp_uart.o(.text.__NVIC_EnableIRQ)
    [Anonymous Symbol]                       0x00002614   Section        0  bsp_uart.o(.text.__NVIC_EnableIRQ)
    __NVIC_EnableIRQ                         0x0000263d   Thumb Code    40  bsp_encouder.o(.text.__NVIC_EnableIRQ)
    [Anonymous Symbol]                       0x0000263c   Section        0  bsp_encouder.o(.text.__NVIC_EnableIRQ)
    __NVIC_EnableIRQ                         0x00002665   Thumb Code    40  bsp_track.o(.text.__NVIC_EnableIRQ)
    [Anonymous Symbol]                       0x00002664   Section        0  bsp_track.o(.text.__NVIC_EnableIRQ)
    __arm_cp.2_0                             0x0000268c   Number         4  bsp_track.o(.text.__NVIC_EnableIRQ)
    __NVIC_SetPriority                       0x00002691   Thumb Code   124  ti_msp_dl_config.o(.text.__NVIC_SetPriority)
    [Anonymous Symbol]                       0x00002690   Section        0  ti_msp_dl_config.o(.text.__NVIC_SetPriority)
    __arm_cp.40_0                            0x0000270c   Number         4  ti_msp_dl_config.o(.text.__NVIC_SetPriority)
    __arm_cp.40_1                            0x00002710   Number         4  ti_msp_dl_config.o(.text.__NVIC_SetPriority)
    [Anonymous Symbol]                       0x00002714   Section        0  empty.o(.text.main)
    __arm_cp.3_0                             0x0000279c   Number         4  empty.o(.text.main)
    __arm_cp.3_1                             0x000027a0   Number         4  empty.o(.text.main)
    __arm_cp.3_2                             0x000027a4   Number         4  empty.o(.text.main)
    __arm_cp.3_3                             0x000027a8   Number         4  empty.o(.text.main)
    __arm_cp.3_4                             0x000027ac   Number         4  empty.o(.text.main)
    __arm_cp.3_5                             0x000027b0   Number         4  empty.o(.text.main)
    i.__ARM_clz                              0x000027b4   Section        0  depilogue.o(i.__ARM_clz)
    i.__read_errno                           0x000027e4   Section        0  errno.o(i.__read_errno)
    i.__scatterload_copy                     0x000027f0   Section       14  handlers.o(i.__scatterload_copy)
    i.__scatterload_null                     0x00002800   Section        2  handlers.o(i.__scatterload_null)
    i.__scatterload_zeroinit                 0x00002808   Section       14  handlers.o(i.__scatterload_zeroinit)
    i.__set_errno                            0x00002818   Section        0  errno.o(i.__set_errno)
    i._is_digit                              0x00002824   Section        0  scanf_fp.o(i._is_digit)
    i.atof                                   0x00002832   Section        0  atof.o(i.atof)
    .constdata                               0x0000285e   Section       64  ctype_c.o(.constdata)
    gDebug_BuzzerClockConfig                 0x0000289e   Data           3  ti_msp_dl_config.o(.rodata.gDebug_BuzzerClockConfig)
    [Anonymous Symbol]                       0x0000289e   Section        0  ti_msp_dl_config.o(.rodata.gDebug_BuzzerClockConfig)
    gDebug_BuzzerConfig                      0x000028a4   Data           8  ti_msp_dl_config.o(.rodata.gDebug_BuzzerConfig)
    [Anonymous Symbol]                       0x000028a4   Section        0  ti_msp_dl_config.o(.rodata.gDebug_BuzzerConfig)
    gDebug_UARTClockConfig                   0x000028ac   Data           2  ti_msp_dl_config.o(.rodata.gDebug_UARTClockConfig)
    [Anonymous Symbol]                       0x000028ac   Section        0  ti_msp_dl_config.o(.rodata.gDebug_UARTClockConfig)
    gDebug_UARTConfig                        0x000028ae   Data          10  ti_msp_dl_config.o(.rodata.gDebug_UARTConfig)
    [Anonymous Symbol]                       0x000028ae   Section        0  ti_msp_dl_config.o(.rodata.gDebug_UARTConfig)
    gKey_taskClockConfig                     0x000028b8   Data           3  ti_msp_dl_config.o(.rodata.gKey_taskClockConfig)
    [Anonymous Symbol]                       0x000028b8   Section        0  ti_msp_dl_config.o(.rodata.gKey_taskClockConfig)
    gKey_taskTimerConfig                     0x000028bc   Data          20  ti_msp_dl_config.o(.rodata.gKey_taskTimerConfig)
    [Anonymous Symbol]                       0x000028bc   Section        0  ti_msp_dl_config.o(.rodata.gKey_taskTimerConfig)
    gMotor_AClockConfig                      0x000028d0   Data           3  ti_msp_dl_config.o(.rodata.gMotor_AClockConfig)
    [Anonymous Symbol]                       0x000028d0   Section        0  ti_msp_dl_config.o(.rodata.gMotor_AClockConfig)
    gMotor_AConfig                           0x000028d4   Data           8  ti_msp_dl_config.o(.rodata.gMotor_AConfig)
    [Anonymous Symbol]                       0x000028d4   Section        0  ti_msp_dl_config.o(.rodata.gMotor_AConfig)
    gMotor_BClockConfig                      0x000028dc   Data           3  ti_msp_dl_config.o(.rodata.gMotor_BClockConfig)
    [Anonymous Symbol]                       0x000028dc   Section        0  ti_msp_dl_config.o(.rodata.gMotor_BClockConfig)
    gMotor_BConfig                           0x000028e0   Data           8  ti_msp_dl_config.o(.rodata.gMotor_BConfig)
    [Anonymous Symbol]                       0x000028e0   Section        0  ti_msp_dl_config.o(.rodata.gMotor_BConfig)
    gRx_yawClockConfig                       0x000028e8   Data           2  ti_msp_dl_config.o(.rodata.gRx_yawClockConfig)
    [Anonymous Symbol]                       0x000028e8   Section        0  ti_msp_dl_config.o(.rodata.gRx_yawClockConfig)
    gRx_yawConfig                            0x000028ea   Data          10  ti_msp_dl_config.o(.rodata.gRx_yawConfig)
    [Anonymous Symbol]                       0x000028ea   Section        0  ti_msp_dl_config.o(.rodata.gRx_yawConfig)
    gSYSPLLConfig                            0x000028f4   Data          40  ti_msp_dl_config.o(.rodata.gSYSPLLConfig)
    [Anonymous Symbol]                       0x000028f4   Section        0  ti_msp_dl_config.o(.rodata.gSYSPLLConfig)
    gSpeedmeasurement_TaskClockConfig        0x0000291c   Data           3  ti_msp_dl_config.o(.rodata.gSpeedmeasurement_TaskClockConfig)
    [Anonymous Symbol]                       0x0000291c   Section        0  ti_msp_dl_config.o(.rodata.gSpeedmeasurement_TaskClockConfig)
    gSpeedmeasurement_TaskTimerConfig        0x00002920   Data          20  ti_msp_dl_config.o(.rodata.gSpeedmeasurement_TaskTimerConfig)
    [Anonymous Symbol]                       0x00002920   Section        0  ti_msp_dl_config.o(.rodata.gSpeedmeasurement_TaskTimerConfig)
    gTrack_taskClockConfig                   0x00002934   Data           3  ti_msp_dl_config.o(.rodata.gTrack_taskClockConfig)
    [Anonymous Symbol]                       0x00002934   Section        0  ti_msp_dl_config.o(.rodata.gTrack_taskClockConfig)
    gTrack_taskTimerConfig                   0x00002938   Data          20  ti_msp_dl_config.o(.rodata.gTrack_taskTimerConfig)
    [Anonymous Symbol]                       0x00002938   Section        0  ti_msp_dl_config.o(.rodata.gTrack_taskTimerConfig)
    _errno                                   0x20200000   Data           4  errno.o(.data)
    .data                                    0x20200000   Section        4  errno.o(.data)
    uart0_rx_buf                             0x20200438   Data         128  bsp_uart.o(.bss.uart0_rx_buf)
    [Anonymous Symbol]                       0x20200438   Section        0  bsp_uart.o(.bss.uart0_rx_buf)
    uart0_rx_index                           0x202004b8   Data           1  bsp_uart.o(.bss.uart0_rx_index)
    [Anonymous Symbol]                       0x202004b8   Section        0  bsp_uart.o(.bss.uart0_rx_index)
    STACK                                    0x20200510   Section      256  startup_mspm0g350x_uvision.o(STACK)

    Global Symbols

    Symbol Name                              Value     Ov Type        Size  Object(Section)

    BuildAttributes$$THM_ISAv3M$S$PE$A:L22$X:L11$S22$IEEE1$IW$~IW$USESV6$~STKCKD$USESV7$~SHL$OTIME$ROPI$IEEEJ$EBA8$MICROLIB$REQ8$PRES8$EABIv2 0x00000000   Number         0  anon$$obj.o ABSOLUTE
    __Vectors                                0x00000000   Data           4  startup_mspm0g350x_uvision.o(RESET)
    __cpp_initialize__aeabi_                  - Undefined Weak Reference
    __cxa_finalize                            - Undefined Weak Reference
    _clock_init                               - Undefined Weak Reference
    _microlib_exit                            - Undefined Weak Reference
    __Vectors_End                            0x000000c0   Data           0  startup_mspm0g350x_uvision.o(RESET)
    __Vectors_Size                           0x000000c0   Number         0  startup_mspm0g350x_uvision.o ABSOLUTE
    __main                                   0x000000c1   Thumb Code     0  entry.o(.ARM.Collect$$$$00000000)
    _main_stk                                0x000000c1   Thumb Code     0  entry2.o(.ARM.Collect$$$$00000001)
    _main_scatterload                        0x000000c5   Thumb Code     0  entry5.o(.ARM.Collect$$$$00000004)
    __main_after_scatterload                 0x000000c9   Thumb Code     0  entry5.o(.ARM.Collect$$$$00000004)
    _main_clock                              0x000000c9   Thumb Code     0  entry7b.o(.ARM.Collect$$$$00000008)
    _main_cpp_init                           0x000000c9   Thumb Code     0  entry8b.o(.ARM.Collect$$$$0000000A)
    _main_init                               0x000000c9   Thumb Code     0  entry9a.o(.ARM.Collect$$$$0000000B)
    __rt_final_cpp                           0x000000d1   Thumb Code     0  entry10a.o(.ARM.Collect$$$$0000000D)
    __rt_final_exit                          0x000000d1   Thumb Code     0  entry11a.o(.ARM.Collect$$$$0000000F)
    Reset_Handler                            0x000000d5   Thumb Code     4  startup_mspm0g350x_uvision.o(.text)
    NMI_Handler                              0x000000d9   Thumb Code     2  startup_mspm0g350x_uvision.o(.text)
    HardFault_Handler                        0x000000db   Thumb Code     2  startup_mspm0g350x_uvision.o(.text)
    SVC_Handler                              0x000000dd   Thumb Code     2  startup_mspm0g350x_uvision.o(.text)
    PendSV_Handler                           0x000000df   Thumb Code     2  startup_mspm0g350x_uvision.o(.text)
    ADC0_IRQHandler                          0x000000e3   Thumb Code     0  startup_mspm0g350x_uvision.o(.text)
    ADC1_IRQHandler                          0x000000e3   Thumb Code     0  startup_mspm0g350x_uvision.o(.text)
    AES_IRQHandler                           0x000000e3   Thumb Code     0  startup_mspm0g350x_uvision.o(.text)
    CANFD0_IRQHandler                        0x000000e3   Thumb Code     0  startup_mspm0g350x_uvision.o(.text)
    DAC0_IRQHandler                          0x000000e3   Thumb Code     0  startup_mspm0g350x_uvision.o(.text)
    DMA_IRQHandler                           0x000000e3   Thumb Code     0  startup_mspm0g350x_uvision.o(.text)
    Default_Handler                          0x000000e3   Thumb Code     2  startup_mspm0g350x_uvision.o(.text)
    GROUP0_IRQHandler                        0x000000e3   Thumb Code     0  startup_mspm0g350x_uvision.o(.text)
    I2C0_IRQHandler                          0x000000e3   Thumb Code     0  startup_mspm0g350x_uvision.o(.text)
    I2C1_IRQHandler                          0x000000e3   Thumb Code     0  startup_mspm0g350x_uvision.o(.text)
    RTC_IRQHandler                           0x000000e3   Thumb Code     0  startup_mspm0g350x_uvision.o(.text)
    SPI0_IRQHandler                          0x000000e3   Thumb Code     0  startup_mspm0g350x_uvision.o(.text)
    SPI1_IRQHandler                          0x000000e3   Thumb Code     0  startup_mspm0g350x_uvision.o(.text)
    TIMA0_IRQHandler                         0x000000e3   Thumb Code     0  startup_mspm0g350x_uvision.o(.text)
    TIMA1_IRQHandler                         0x000000e3   Thumb Code     0  startup_mspm0g350x_uvision.o(.text)
    TIMG12_IRQHandler                        0x000000e3   Thumb Code     0  startup_mspm0g350x_uvision.o(.text)
    TIMG7_IRQHandler                         0x000000e3   Thumb Code     0  startup_mspm0g350x_uvision.o(.text)
    UART2_IRQHandler                         0x000000e3   Thumb Code     0  startup_mspm0g350x_uvision.o(.text)
    UART3_IRQHandler                         0x000000e3   Thumb Code     0  startup_mspm0g350x_uvision.o(.text)
    __aeabi_fadd                             0x000000e9   Thumb Code   162  fadd.o(.text)
    __aeabi_fsub                             0x0000018b   Thumb Code     8  fadd.o(.text)
    __aeabi_frsub                            0x00000193   Thumb Code     8  fadd.o(.text)
    __aeabi_fmul                             0x0000019b   Thumb Code   122  fmul.o(.text)
    __aeabi_fdiv                             0x00000215   Thumb Code   124  fdiv.o(.text)
    __aeabi_dmul                             0x00000291   Thumb Code   202  dmul.o(.text)
    __aeabi_fcmpeq                           0x00000361   Thumb Code    28  fcmpeq.o(.text)
    __aeabi_i2f                              0x0000037d   Thumb Code    22  fflti.o(.text)
    __aeabi_f2d                              0x00000393   Thumb Code    40  f2d.o(.text)
    __aeabi_d2f                              0x000003bb   Thumb Code    56  d2f.o(.text)
    __strtod_int                             0x00000435   Thumb Code    98  strtod.o(.text)
    __I$use$fp                               0x000004a9   Thumb Code     0  iusefp.o(.text)
    _float_round                             0x000004a9   Thumb Code    16  fepilogue.o(.text)
    _float_epilogue                          0x000004b9   Thumb Code   114  fepilogue.o(.text)
    _double_round                            0x0000052b   Thumb Code    26  depilogue.o(.text)
    _double_epilogue                         0x00000545   Thumb Code   164  depilogue.o(.text)
    __scatterload                            0x000005e9   Thumb Code    38  init.o(.text)
    __scatterload_rt2                        0x000005e9   Thumb Code     0  init.o(.text)
    __aeabi_llsl                             0x00000619   Thumb Code    32  llshl.o(.text)
    _ll_shift_l                              0x00000619   Thumb Code     0  llshl.o(.text)
    __aeabi_llsr                             0x00000639   Thumb Code    34  llushr.o(.text)
    _ll_ushift_r                             0x00000639   Thumb Code     0  llushr.o(.text)
    isspace                                  0x0000065b   Thumb Code    14  isspace_c.o(.text)
    _scanf_real                              0x00000787   Thumb Code     0  scanf_fp.o(.text)
    _scanf_really_real                       0x00000787   Thumb Code   584  scanf_fp.o(.text)
    _sgetc                                   0x000009dd   Thumb Code    32  _sgetc.o(.text)
    _sbackspace                              0x000009fd   Thumb Code    36  _sgetc.o(.text)
    __aeabi_lmul                             0x00000a21   Thumb Code    48  llmul.o(.text)
    _ll_mul                                  0x00000a21   Thumb Code     0  llmul.o(.text)
    __ctype_lookup                           0x00000a51   Thumb Code    32  ctype_c.o(.text)
    __aeabi_ddiv                             0x00000a75   Thumb Code   234  ddiv.o(.text)
    __aeabi_ul2d                             0x00000b65   Thumb Code    22  dfltul.o(.text)
    __decompress                             0x00000b81   Thumb Code     0  __dczerorl2.o(.text)
    __decompress1                            0x00000b81   Thumb Code    86  __dczerorl2.o(.text)
    BSP_KeyTask                              0x00000bd9   Thumb Code   480  bsp_key.o(.text.BSP_KeyTask)
    BspEncoder_Init                          0x00000dbd   Thumb Code   116  bsp_encouder.o(.text.BspEncoder_Init)
    BspKey_Init                              0x00000e31   Thumb Code    22  bsp_key.o(.text.BspKey_Init)
    BspMotor_Init                            0x00000e49   Thumb Code    64  bsp_motor.o(.text.BspMotor_Init)
    BspMotor_SetSpeed                        0x00000e8d   Thumb Code   476  bsp_motor.o(.text.BspMotor_SetSpeed)
    BspTarck_Init                            0x0000107d   Thumb Code    22  bsp_track.o(.text.BspTarck_Init)
    BspUART_Init                             0x00001093   Thumb Code    36  bsp_uart.o(.text.BspUART_Init)
    Claculate_MotorSpeed                     0x000010b9   Thumb Code   184  bsp_encouder.o(.text.Claculate_MotorSpeed)
    DL_Common_delayCycles                    0x00001191   Thumb Code    10  dl_common.o(.text.DL_Common_delayCycles)
    DL_SYSCTL_configSYSPLL                   0x00001415   Thumb Code   192  dl_sysctl_mspm0g1x0x_g3x0x.o(.text.DL_SYSCTL_configSYSPLL)
    DL_SYSCTL_setHFCLKSourceHFXTParams       0x00001529   Thumb Code    80  dl_sysctl_mspm0g1x0x_g3x0x.o(.text.DL_SYSCTL_setHFCLKSourceHFXTParams)
    DL_SYSCTL_switchMCLKfromSYSOSCtoHSCLK    0x000015ad   Thumb Code    40  dl_sysctl_mspm0g1x0x_g3x0x.o(.text.DL_SYSCTL_switchMCLKfromSYSOSCtoHSCLK)
    DL_Timer_initFourCCPWMMode               0x00001689   Thumb Code   264  dl_timer.o(.text.DL_Timer_initFourCCPWMMode)
    DL_Timer_initTimerMode                   0x00001791   Thumb Code   236  dl_timer.o(.text.DL_Timer_initTimerMode)
    DL_Timer_setCaptCompUpdateMethod         0x000018a1   Thumb Code    28  dl_timer.o(.text.DL_Timer_setCaptCompUpdateMethod)
    DL_Timer_setCaptureCompareOutCtl         0x000018bd   Thumb Code    24  dl_timer.o(.text.DL_Timer_setCaptureCompareOutCtl)
    DL_Timer_setCaptureCompareValue          0x000018d5   Thumb Code    16  dl_timer.o(.text.DL_Timer_setCaptureCompareValue)
    DL_Timer_setClockConfig                  0x000018e5   Thumb Code    28  dl_timer.o(.text.DL_Timer_setClockConfig)
    DL_UART_init                             0x000019b5   Thumb Code    72  dl_uart.o(.text.DL_UART_init)
    DL_UART_setClockConfig                   0x00001a71   Thumb Code    18  dl_uart.o(.text.DL_UART_setClockConfig)
    DL_UART_transmitDataBlocking             0x00001aa1   Thumb Code    20  dl_uart.o(.text.DL_UART_transmitDataBlocking)
    GROUP1_IRQHandler                        0x00001ab5   Thumb Code   284  bsp_encouder.o(.text.GROUP1_IRQHandler)
    LED_Test                                 0x00001bd5   Thumb Code    16  empty.o(.text.LED_Test)
    SYSCFG_DL_Debug_Buzzer_init              0x00001be5   Thumb Code    88  ti_msp_dl_config.o(.text.SYSCFG_DL_Debug_Buzzer_init)
    SYSCFG_DL_Debug_UART_init                0x00001c4d   Thumb Code    64  ti_msp_dl_config.o(.text.SYSCFG_DL_Debug_UART_init)
    SYSCFG_DL_GPIO_init                      0x00001c99   Thumb Code   484  ti_msp_dl_config.o(.text.SYSCFG_DL_GPIO_init)
    SYSCFG_DL_Key_task_init                  0x00001e95   Thumb Code    48  ti_msp_dl_config.o(.text.SYSCFG_DL_Key_task_init)
    SYSCFG_DL_Motor_A_init                   0x00001ecd   Thumb Code    96  ti_msp_dl_config.o(.text.SYSCFG_DL_Motor_A_init)
    SYSCFG_DL_Motor_B_init                   0x00001f35   Thumb Code    96  ti_msp_dl_config.o(.text.SYSCFG_DL_Motor_B_init)
    SYSCFG_DL_Rx_yaw_init                    0x00001fa1   Thumb Code    68  ti_msp_dl_config.o(.text.SYSCFG_DL_Rx_yaw_init)
    SYSCFG_DL_SYSCTL_init                    0x00001fed   Thumb Code    80  ti_msp_dl_config.o(.text.SYSCFG_DL_SYSCTL_init)
    SYSCFG_DL_SYSTICK_init                   0x00002041   Thumb Code    12  ti_msp_dl_config.o(.text.SYSCFG_DL_SYSTICK_init)
    SYSCFG_DL_Speedmeasurement_Task_init     0x00002051   Thumb Code    48  ti_msp_dl_config.o(.text.SYSCFG_DL_Speedmeasurement_Task_init)
    SYSCFG_DL_Track_task_init                0x00002089   Thumb Code    48  ti_msp_dl_config.o(.text.SYSCFG_DL_Track_task_init)
    SYSCFG_DL_init                           0x000020c1   Thumb Code    76  ti_msp_dl_config.o(.text.SYSCFG_DL_init)
    SYSCFG_DL_initPower                      0x0000211d   Thumb Code   156  ti_msp_dl_config.o(.text.SYSCFG_DL_initPower)
    Serial_SendByte                          0x000021d5   Thumb Code    24  bsp_uart.o(.text.Serial_SendByte)
    SysTick_Handler                          0x0000223d   Thumb Code     8  my_ticks.o(.text.SysTick_Handler)
    TIMG0_IRQHandler                         0x00002245   Thumb Code    32  bsp_encouder.o(.text.TIMG0_IRQHandler)
    TIMG6_IRQHandler                         0x00002269   Thumb Code    32  bsp_track.o(.text.TIMG6_IRQHandler)
    TIMG8_IRQHandler                         0x0000228d   Thumb Code    32  bsp_key.o(.text.TIMG8_IRQHandler)
    Track_Task                               0x000022b1   Thumb Code   180  bsp_track.o(.text.Track_Task)
    UART0_IRQHandler                         0x00002379   Thumb Code    32  bsp_uart.o(.text.UART0_IRQHandler)
    UART1_IRQHandler                         0x000023a1   Thumb Code   172  bsp_uart.o(.text.UART1_IRQHandler)
    VOFA_SendData                            0x00002461   Thumb Code   158  bsp_uart.o(.text.VOFA_SendData)
    WR_GetTick                               0x00002501   Thumb Code     8  my_ticks.o(.text.WR_GetTick)
    WR_IncTik                                0x00002509   Thumb Code    12  my_ticks.o(.text.WR_IncTik)
    WR_KeyControlTask                        0x00002519   Thumb Code    46  bsp_key.o(.text.WR_KeyControlTask)
    main                                     0x00002715   Thumb Code   136  empty.o(.text.main)
    __ARM_clz                                0x000027b5   Thumb Code    46  depilogue.o(i.__ARM_clz)
    __read_errno                             0x000027e5   Thumb Code     6  errno.o(i.__read_errno)
    __scatterload_copy                       0x000027f1   Thumb Code    14  handlers.o(i.__scatterload_copy)
    __scatterload_null                       0x00002801   Thumb Code     2  handlers.o(i.__scatterload_null)
    __scatterload_zeroinit                   0x00002809   Thumb Code    14  handlers.o(i.__scatterload_zeroinit)
    __set_errno                              0x00002819   Thumb Code     6  errno.o(i.__set_errno)
    _is_digit                                0x00002825   Thumb Code    14  scanf_fp.o(i._is_digit)
    atof                                     0x00002833   Thumb Code    44  atof.o(i.atof)
    __ctype_categories                       0x0000285e   Data          64  ctype_c.o(.constdata)
    Region$$Table$$Base                      0x0000294c   Number         0  anon$$obj.o(Region$$Table)
    Region$$Table$$Limit                     0x0000296c   Number         0  anon$$obj.o(Region$$Table)
    bsp_encoder_param                        0x20200004   Data          72  bsp_encouder.o(.data.bsp_encoder_param)
    bsp_key_param                            0x2020004c   Data         120  bsp_key.o(.data.bsp_key_param)
    bsp_track_param                          0x202000c4   Data          56  bsp_track.o(.data.bsp_track_param)
    last_coord                               0x202000fc   Data           4  bsp_track.o(.data.last_coord)
    moror_dir_param                          0x20200100   Data          32  bsp_motor.o(.data.moror_dir_param)
    motor_param                              0x20200120   Data          48  bsp_motor.o(.data.motor_param)
    Yaw_RxFlag                               0x20200150   Data           1  bsp_uart.o(.bss.Yaw_RxFlag)
    Yaw_received                             0x20200154   Data           4  bsp_uart.o(.bss.Yaw_received)
    coord                                    0x20200158   Data           4  bsp_track.o(.bss.coord)
    gDebug_BuzzerBackup                      0x2020015c   Data         188  ti_msp_dl_config.o(.bss.gDebug_BuzzerBackup)
    gMotor_ABackup                           0x20200218   Data         160  ti_msp_dl_config.o(.bss.gMotor_ABackup)
    gMotor_BBackup                           0x202002b8   Data         188  ti_msp_dl_config.o(.bss.gMotor_BBackup)
    gTrack_taskBackup                        0x20200374   Data         160  ti_msp_dl_config.o(.bss.gTrack_taskBackup)
    qty                                      0x20200414   Data           4  bsp_track.o(.bss.qty)
    rx_data                                  0x20200418   Data           1  bsp_uart.o(.bss.rx_data)
    track_position                           0x2020041c   Data          28  bsp_track.o(.bss.track_position)
    uwTick                                   0x202004bc   Data           4  my_ticks.o(.bss.uwTick)
    vofa_arry                                0x202004c0   Data          80  empty.o(.bss.vofa_arry)
    __initial_sp                             0x20200610   Data           0  startup_mspm0g350x_uvision.o(STACK)



==============================================================================

Memory Map of the image

  Image Entry point : 0x000000c1

  Load Region LR_IROM1 (Base: 0x00000000, Size: 0x00002ac0, Max: 0x00020000, ABSOLUTE, COMPRESSED[0x000029d8])

    Execution Region ER_IROM1 (Exec base: 0x00000000, Load base: 0x00000000, Size: 0x0000296c, Max: 0x00020000, ABSOLUTE)

    Exec Addr    Load Addr    Size         Type   Attr      Idx    E Section Name        Object

    0x00000000   0x00000000   0x000000c0   Data   RO           21    RESET               startup_mspm0g350x_uvision.o
    0x000000c0   0x000000c0   0x00000000   Code   RO          518  * .ARM.Collect$$$$00000000  mc_p.l(entry.o)
    0x000000c0   0x000000c0   0x00000004   Code   RO          543    .ARM.Collect$$$$00000001  mc_p.l(entry2.o)
    0x000000c4   0x000000c4   0x00000004   Code   RO          546    .ARM.Collect$$$$00000004  mc_p.l(entry5.o)
    0x000000c8   0x000000c8   0x00000000   Code   RO          548    .ARM.Collect$$$$00000008  mc_p.l(entry7b.o)
    0x000000c8   0x000000c8   0x00000000   Code   RO          550    .ARM.Collect$$$$0000000A  mc_p.l(entry8b.o)
    0x000000c8   0x000000c8   0x00000008   Code   RO          551    .ARM.Collect$$$$0000000B  mc_p.l(entry9a.o)
    0x000000d0   0x000000d0   0x00000000   Code   RO          553    .ARM.Collect$$$$0000000D  mc_p.l(entry10a.o)
    0x000000d0   0x000000d0   0x00000000   Code   RO          555    .ARM.Collect$$$$0000000F  mc_p.l(entry11a.o)
    0x000000d0   0x000000d0   0x00000004   Code   RO          544    .ARM.Collect$$$$00002712  mc_p.l(entry2.o)
    0x000000d4   0x000000d4   0x00000014   Code   RO           22    .text               startup_mspm0g350x_uvision.o
    0x000000e8   0x000000e8   0x000000b2   Code   RO          527    .text               mf_p.l(fadd.o)
    0x0000019a   0x0000019a   0x0000007a   Code   RO          529    .text               mf_p.l(fmul.o)
    0x00000214   0x00000214   0x0000007c   Code   RO          531    .text               mf_p.l(fdiv.o)
    0x00000290   0x00000290   0x000000d0   Code   RO          533    .text               mf_p.l(dmul.o)
    0x00000360   0x00000360   0x0000001c   Code   RO          535    .text               mf_p.l(fcmpeq.o)
    0x0000037c   0x0000037c   0x00000016   Code   RO          537    .text               mf_p.l(fflti.o)
    0x00000392   0x00000392   0x00000028   Code   RO          539    .text               mf_p.l(f2d.o)
    0x000003ba   0x000003ba   0x00000038   Code   RO          541    .text               mf_p.l(d2f.o)
    0x000003f2   0x000003f2   0x00000002   PAD
    0x000003f4   0x000003f4   0x000000b4   Code   RO          574    .text               mc_p.l(strtod.o)
    0x000004a8   0x000004a8   0x00000000   Code   RO          576    .text               mc_p.l(iusefp.o)
    0x000004a8   0x000004a8   0x00000082   Code   RO          577    .text               mf_p.l(fepilogue.o)
    0x0000052a   0x0000052a   0x000000be   Code   RO          579    .text               mf_p.l(depilogue.o)
    0x000005e8   0x000005e8   0x00000030   Code   RO          583    .text               mc_p.l(init.o)
    0x00000618   0x00000618   0x00000020   Code   RO          585    .text               mc_p.l(llshl.o)
    0x00000638   0x00000638   0x00000022   Code   RO          587    .text               mc_p.l(llushr.o)
    0x0000065a   0x0000065a   0x0000000e   Code   RO          589    .text               mc_p.l(isspace_c.o)
    0x00000668   0x00000668   0x00000374   Code   RO          591    .text               mc_p.l(scanf_fp.o)
    0x000009dc   0x000009dc   0x00000044   Code   RO          595    .text               mc_p.l(_sgetc.o)
    0x00000a20   0x00000a20   0x00000030   Code   RO          597    .text               mc_p.l(llmul.o)
    0x00000a50   0x00000a50   0x00000024   Code   RO          599    .text               mc_p.l(ctype_c.o)
    0x00000a74   0x00000a74   0x000000f0   Code   RO          602    .text               mf_p.l(ddiv.o)
    0x00000b64   0x00000b64   0x0000001c   Code   RO          604    .text               mf_p.l(dfltul.o)
    0x00000b80   0x00000b80   0x00000056   Code   RO          614    .text               mc_p.l(__dczerorl2.o)
    0x00000bd6   0x00000bd6   0x00000002   PAD
    0x00000bd8   0x00000bd8   0x000001e4   Code   RO          181    .text.BSP_KeyTask   bsp_key.o
    0x00000dbc   0x00000dbc   0x00000074   Code   RO          275    .text.BspEncoder_Init  bsp_encouder.o
    0x00000e30   0x00000e30   0x00000016   Code   RO          175    .text.BspKey_Init   bsp_key.o
    0x00000e46   0x00000e46   0x00000002   PAD
    0x00000e48   0x00000e48   0x00000044   Code   RO          242    .text.BspMotor_Init  bsp_motor.o
    0x00000e8c   0x00000e8c   0x000001f0   Code   RO          244    .text.BspMotor_SetSpeed  bsp_motor.o
    0x0000107c   0x0000107c   0x00000016   Code   RO          305    .text.BspTarck_Init  bsp_track.o
    0x00001092   0x00001092   0x00000024   Code   RO          207    .text.BspUART_Init  bsp_uart.o
    0x000010b6   0x000010b6   0x00000002   PAD
    0x000010b8   0x000010b8   0x000000d8   Code   RO          281    .text.Claculate_MotorSpeed  bsp_encouder.o
    0x00001190   0x00001190   0x0000000a   Code   RO          333    .text.DL_Common_delayCycles  driverlib.a(dl_common.o)
    0x0000119a   0x0000119a   0x00000028   Code   RO          129    .text.DL_Common_updateReg  ti_msp_dl_config.o
    0x000011c2   0x000011c2   0x00000002   PAD
    0x000011c4   0x000011c4   0x00000018   Code   RO           87    .text.DL_GPIO_clearInterruptStatus  ti_msp_dl_config.o
    0x000011dc   0x000011dc   0x0000001c   Code   RO          289    .text.DL_GPIO_clearInterruptStatus  bsp_encouder.o
    0x000011f8   0x000011f8   0x00000014   Code   RO           91    .text.DL_GPIO_clearPins  ti_msp_dl_config.o
    0x0000120c   0x0000120c   0x00000014   Code   RO          248    .text.DL_GPIO_clearPins  bsp_motor.o
    0x00001220   0x00001220   0x0000001c   Code   RO           89    .text.DL_GPIO_enableInterrupt  ti_msp_dl_config.o
    0x0000123c   0x0000123c   0x00000018   Code   RO           75    .text.DL_GPIO_enableOutput  ti_msp_dl_config.o
    0x00001254   0x00001254   0x00000018   Code   RO           65    .text.DL_GPIO_enablePower  ti_msp_dl_config.o
    0x0000126c   0x0000126c   0x00000018   Code   RO          285    .text.DL_GPIO_getEnabledInterruptStatus  bsp_encouder.o
    0x00001284   0x00001284   0x00000030   Code   RO           81    .text.DL_GPIO_initDigitalInputFeatures  ti_msp_dl_config.o
    0x000012b4   0x000012b4   0x00000014   Code   RO           83    .text.DL_GPIO_initDigitalOutput  ti_msp_dl_config.o
    0x000012c8   0x000012c8   0x0000002c   Code   RO           79    .text.DL_GPIO_initDigitalOutputFeatures  ti_msp_dl_config.o
    0x000012f4   0x000012f4   0x00000014   Code   RO           71    .text.DL_GPIO_initPeripheralAnalogFunction  ti_msp_dl_config.o
    0x00001308   0x00001308   0x0000001c   Code   RO           77    .text.DL_GPIO_initPeripheralInputFunction  ti_msp_dl_config.o
    0x00001324   0x00001324   0x0000001c   Code   RO           73    .text.DL_GPIO_initPeripheralOutputFunction  ti_msp_dl_config.o
    0x00001340   0x00001340   0x00000016   Code   RO          183    .text.DL_GPIO_readPins  bsp_key.o
    0x00001356   0x00001356   0x00000016   Code   RO          287    .text.DL_GPIO_readPins  bsp_encouder.o
    0x0000136c   0x0000136c   0x00000016   Code   RO          313    .text.DL_GPIO_readPins  bsp_track.o
    0x00001382   0x00001382   0x00000002   PAD
    0x00001384   0x00001384   0x00000018   Code   RO           59    .text.DL_GPIO_reset  ti_msp_dl_config.o
    0x0000139c   0x0000139c   0x0000001c   Code   RO           85    .text.DL_GPIO_setLowerPinsPolarity  ti_msp_dl_config.o
    0x000013b8   0x000013b8   0x00000014   Code   RO           93    .text.DL_GPIO_setPins  ti_msp_dl_config.o
    0x000013cc   0x000013cc   0x00000018   Code   RO          246    .text.DL_GPIO_setPins  bsp_motor.o
    0x000013e4   0x000013e4   0x00000018   Code   RO           95    .text.DL_GPIO_setUpperPinsPolarity  ti_msp_dl_config.o
    0x000013fc   0x000013fc   0x00000018   Code   RO            4    .text.DL_GPIO_togglePins  empty.o
    0x00001414   0x00001414   0x000000c0   Code   RO          483    .text.DL_SYSCTL_configSYSPLL  driverlib.a(dl_sysctl_mspm0g1x0x_g3x0x.o)
    0x000014d4   0x000014d4   0x0000000c   Code   RO          103    .text.DL_SYSCTL_disableHFXT  ti_msp_dl_config.o
    0x000014e0   0x000014e0   0x00000014   Code   RO          105    .text.DL_SYSCTL_disableSYSPLL  ti_msp_dl_config.o
    0x000014f4   0x000014f4   0x00000018   Code   RO           97    .text.DL_SYSCTL_setBORThreshold  ti_msp_dl_config.o
    0x0000150c   0x0000150c   0x0000001c   Code   RO           99    .text.DL_SYSCTL_setFlashWaitState  ti_msp_dl_config.o
    0x00001528   0x00001528   0x00000050   Code   RO          497    .text.DL_SYSCTL_setHFCLKSourceHFXTParams  driverlib.a(dl_sysctl_mspm0g1x0x_g3x0x.o)
    0x00001578   0x00001578   0x0000001c   Code   RO          101    .text.DL_SYSCTL_setSYSOSCFreq  ti_msp_dl_config.o
    0x00001594   0x00001594   0x00000018   Code   RO          107    .text.DL_SYSCTL_setULPCLKDivider  ti_msp_dl_config.o
    0x000015ac   0x000015ac   0x00000028   Code   RO          491    .text.DL_SYSCTL_switchMCLKfromSYSOSCtoHSCLK  driverlib.a(dl_sysctl_mspm0g1x0x_g3x0x.o)
    0x000015d4   0x000015d4   0x00000014   Code   RO          191    .text.DL_Timer_clearInterruptStatus  bsp_key.o
    0x000015e8   0x000015e8   0x00000014   Code   RO          295    .text.DL_Timer_clearInterruptStatus  bsp_encouder.o
    0x000015fc   0x000015fc   0x00000014   Code   RO          319    .text.DL_Timer_clearInterruptStatus  bsp_track.o
    0x00001610   0x00001610   0x00000014   Code   RO          113    .text.DL_Timer_enableClock  ti_msp_dl_config.o
    0x00001624   0x00001624   0x00000018   Code   RO          117    .text.DL_Timer_enableInterrupt  ti_msp_dl_config.o
    0x0000163c   0x0000163c   0x00000014   Code   RO           67    .text.DL_Timer_enablePower  ti_msp_dl_config.o
    0x00001650   0x00001650   0x00000012   Code   RO          189    .text.DL_Timer_getPendingInterrupt  bsp_key.o
    0x00001662   0x00001662   0x00000012   Code   RO          293    .text.DL_Timer_getPendingInterrupt  bsp_encouder.o
    0x00001674   0x00001674   0x00000012   Code   RO          317    .text.DL_Timer_getPendingInterrupt  bsp_track.o
    0x00001686   0x00001686   0x00000002   PAD
    0x00001688   0x00001688   0x00000108   Code   RO          422    .text.DL_Timer_initFourCCPWMMode  driverlib.a(dl_timer.o)
    0x00001790   0x00001790   0x000000ec   Code   RO          346    .text.DL_Timer_initTimerMode  driverlib.a(dl_timer.o)
    0x0000187c   0x0000187c   0x00000010   Code   RO           61    .text.DL_Timer_reset  ti_msp_dl_config.o
    0x0000188c   0x0000188c   0x00000014   Code   RO          115    .text.DL_Timer_setCCPDirection  ti_msp_dl_config.o
    0x000018a0   0x000018a0   0x0000001c   Code   RO          388    .text.DL_Timer_setCaptCompUpdateMethod  driverlib.a(dl_timer.o)
    0x000018bc   0x000018bc   0x00000018   Code   RO          396    .text.DL_Timer_setCaptureCompareOutCtl  driverlib.a(dl_timer.o)
    0x000018d4   0x000018d4   0x00000010   Code   RO          348    .text.DL_Timer_setCaptureCompareValue  driverlib.a(dl_timer.o)
    0x000018e4   0x000018e4   0x0000001c   Code   RO          342    .text.DL_Timer_setClockConfig  driverlib.a(dl_timer.o)
    0x00001900   0x00001900   0x0000003c   Code   RO          111    .text.DL_Timer_setCounterControl  ti_msp_dl_config.o
    0x0000193c   0x0000193c   0x00000018   Code   RO          221    .text.DL_UART_clearInterruptStatus  bsp_uart.o
    0x00001954   0x00001954   0x00000016   Code   RO          125    .text.DL_UART_enable  ti_msp_dl_config.o
    0x0000196a   0x0000196a   0x00000002   PAD
    0x0000196c   0x0000196c   0x0000001c   Code   RO          123    .text.DL_UART_enableInterrupt  ti_msp_dl_config.o
    0x00001988   0x00001988   0x00000018   Code   RO           69    .text.DL_UART_enablePower  ti_msp_dl_config.o
    0x000019a0   0x000019a0   0x00000012   Code   RO          215    .text.DL_UART_getPendingInterrupt  bsp_uart.o
    0x000019b2   0x000019b2   0x00000002   PAD
    0x000019b4   0x000019b4   0x00000048   Code   RO          443    .text.DL_UART_init  driverlib.a(dl_uart.o)
    0x000019fc   0x000019fc   0x00000014   Code   RO          217    .text.DL_UART_receiveData  bsp_uart.o
    0x00001a10   0x00001a10   0x00000018   Code   RO           63    .text.DL_UART_reset  ti_msp_dl_config.o
    0x00001a28   0x00001a28   0x00000048   Code   RO          121    .text.DL_UART_setBaudRateDivisor  ti_msp_dl_config.o
    0x00001a70   0x00001a70   0x00000012   Code   RO          445    .text.DL_UART_setClockConfig  driverlib.a(dl_uart.o)
    0x00001a82   0x00001a82   0x0000001e   Code   RO          119    .text.DL_UART_setOversampling  ti_msp_dl_config.o
    0x00001aa0   0x00001aa0   0x00000014   Code   RO          457    .text.DL_UART_transmitDataBlocking  driverlib.a(dl_uart.o)
    0x00001ab4   0x00001ab4   0x00000120   Code   RO          283    .text.GROUP1_IRQHandler  bsp_encouder.o
    0x00001bd4   0x00001bd4   0x00000010   Code   RO            2    .text.LED_Test      empty.o
    0x00001be4   0x00001be4   0x00000068   Code   RO           41    .text.SYSCFG_DL_Debug_Buzzer_init  ti_msp_dl_config.o
    0x00001c4c   0x00001c4c   0x0000004c   Code   RO           49    .text.SYSCFG_DL_Debug_UART_init  ti_msp_dl_config.o
    0x00001c98   0x00001c98   0x000001fc   Code   RO           33    .text.SYSCFG_DL_GPIO_init  ti_msp_dl_config.o
    0x00001e94   0x00001e94   0x00000038   Code   RO           43    .text.SYSCFG_DL_Key_task_init  ti_msp_dl_config.o
    0x00001ecc   0x00001ecc   0x00000068   Code   RO           37    .text.SYSCFG_DL_Motor_A_init  ti_msp_dl_config.o
    0x00001f34   0x00001f34   0x0000006c   Code   RO           39    .text.SYSCFG_DL_Motor_B_init  ti_msp_dl_config.o
    0x00001fa0   0x00001fa0   0x0000004c   Code   RO           51    .text.SYSCFG_DL_Rx_yaw_init  ti_msp_dl_config.o
    0x00001fec   0x00001fec   0x00000054   Code   RO           35    .text.SYSCFG_DL_SYSCTL_init  ti_msp_dl_config.o
    0x00002040   0x00002040   0x00000010   Code   RO           53    .text.SYSCFG_DL_SYSTICK_init  ti_msp_dl_config.o
    0x00002050   0x00002050   0x00000038   Code   RO           45    .text.SYSCFG_DL_Speedmeasurement_Task_init  ti_msp_dl_config.o
    0x00002088   0x00002088   0x00000038   Code   RO           47    .text.SYSCFG_DL_Track_task_init  ti_msp_dl_config.o
    0x000020c0   0x000020c0   0x0000005c   Code   RO           29    .text.SYSCFG_DL_init  ti_msp_dl_config.o
    0x0000211c   0x0000211c   0x000000b8   Code   RO           31    .text.SYSCFG_DL_initPower  ti_msp_dl_config.o
    0x000021d4   0x000021d4   0x00000018   Code   RO          223    .text.Serial_SendByte  bsp_uart.o
    0x000021ec   0x000021ec   0x00000050   Code   RO          127    .text.SysTick_Config  ti_msp_dl_config.o
    0x0000223c   0x0000223c   0x00000008   Code   RO          165    .text.SysTick_Handler  my_ticks.o
    0x00002244   0x00002244   0x00000024   Code   RO          291    .text.TIMG0_IRQHandler  bsp_encouder.o
    0x00002268   0x00002268   0x00000024   Code   RO          315    .text.TIMG6_IRQHandler  bsp_track.o
    0x0000228c   0x0000228c   0x00000024   Code   RO          187    .text.TIMG8_IRQHandler  bsp_key.o
    0x000022b0   0x000022b0   0x000000c8   Code   RO          311    .text.Track_Task    bsp_track.o
    0x00002378   0x00002378   0x00000028   Code   RO          213    .text.UART0_IRQHandler  bsp_uart.o
    0x000023a0   0x000023a0   0x000000c0   Code   RO          219    .text.UART1_IRQHandler  bsp_uart.o
    0x00002460   0x00002460   0x0000009e   Code   RO          225    .text.VOFA_SendData  bsp_uart.o
    0x000024fe   0x000024fe   0x00000002   PAD
    0x00002500   0x00002500   0x00000008   Code   RO          161    .text.WR_GetTick    my_ticks.o
    0x00002508   0x00002508   0x00000010   Code   RO          159    .text.WR_IncTik     my_ticks.o
    0x00002518   0x00002518   0x0000002e   Code   RO          185    .text.WR_KeyControlTask  bsp_key.o
    0x00002546   0x00002546   0x00000002   PAD
    0x00002548   0x00002548   0x00000028   Code   RO          177    .text.__NVIC_ClearPendingIRQ  bsp_key.o
    0x00002570   0x00002570   0x00000028   Code   RO          209    .text.__NVIC_ClearPendingIRQ  bsp_uart.o
    0x00002598   0x00002598   0x00000028   Code   RO          277    .text.__NVIC_ClearPendingIRQ  bsp_encouder.o
    0x000025c0   0x000025c0   0x0000002c   Code   RO          307    .text.__NVIC_ClearPendingIRQ  bsp_track.o
    0x000025ec   0x000025ec   0x00000028   Code   RO          179    .text.__NVIC_EnableIRQ  bsp_key.o
    0x00002614   0x00002614   0x00000028   Code   RO          211    .text.__NVIC_EnableIRQ  bsp_uart.o
    0x0000263c   0x0000263c   0x00000028   Code   RO          279    .text.__NVIC_EnableIRQ  bsp_encouder.o
    0x00002664   0x00002664   0x0000002c   Code   RO          309    .text.__NVIC_EnableIRQ  bsp_track.o
    0x00002690   0x00002690   0x00000084   Code   RO          109    .text.__NVIC_SetPriority  ti_msp_dl_config.o
    0x00002714   0x00002714   0x000000a0   Code   RO            8    .text.main          empty.o
    0x000027b4   0x000027b4   0x0000002e   Code   RO          581    i.__ARM_clz         mf_p.l(depilogue.o)
    0x000027e2   0x000027e2   0x00000002   PAD
    0x000027e4   0x000027e4   0x0000000c   Code   RO          568    i.__read_errno      mc_p.l(errno.o)
    0x000027f0   0x000027f0   0x0000000e   Code   RO          608    i.__scatterload_copy  mc_p.l(handlers.o)
    0x000027fe   0x000027fe   0x00000002   PAD
    0x00002800   0x00002800   0x00000002   Code   RO          609    i.__scatterload_null  mc_p.l(handlers.o)
    0x00002802   0x00002802   0x00000006   PAD
    0x00002808   0x00002808   0x0000000e   Code   RO          610    i.__scatterload_zeroinit  mc_p.l(handlers.o)
    0x00002816   0x00002816   0x00000002   PAD
    0x00002818   0x00002818   0x0000000c   Code   RO          569    i.__set_errno       mc_p.l(errno.o)
    0x00002824   0x00002824   0x0000000e   Code   RO          593    i._is_digit         mc_p.l(scanf_fp.o)
    0x00002832   0x00002832   0x0000002c   Code   RO          515    i.atof              m_ps.l(atof.o)
    0x0000285e   0x0000285e   0x00000040   Data   RO          600    .constdata          mc_p.l(ctype_c.o)
    0x0000289e   0x0000289e   0x00000003   Data   RO          140    .rodata.gDebug_BuzzerClockConfig  ti_msp_dl_config.o
    0x000028a1   0x000028a1   0x00000003   PAD
    0x000028a4   0x000028a4   0x00000008   Data   RO          141    .rodata.gDebug_BuzzerConfig  ti_msp_dl_config.o
    0x000028ac   0x000028ac   0x00000002   Data   RO          148    .rodata.gDebug_UARTClockConfig  ti_msp_dl_config.o
    0x000028ae   0x000028ae   0x0000000a   Data   RO          149    .rodata.gDebug_UARTConfig  ti_msp_dl_config.o
    0x000028b8   0x000028b8   0x00000003   Data   RO          142    .rodata.gKey_taskClockConfig  ti_msp_dl_config.o
    0x000028bb   0x000028bb   0x00000001   PAD
    0x000028bc   0x000028bc   0x00000014   Data   RO          143    .rodata.gKey_taskTimerConfig  ti_msp_dl_config.o
    0x000028d0   0x000028d0   0x00000003   Data   RO          136    .rodata.gMotor_AClockConfig  ti_msp_dl_config.o
    0x000028d3   0x000028d3   0x00000001   PAD
    0x000028d4   0x000028d4   0x00000008   Data   RO          137    .rodata.gMotor_AConfig  ti_msp_dl_config.o
    0x000028dc   0x000028dc   0x00000003   Data   RO          138    .rodata.gMotor_BClockConfig  ti_msp_dl_config.o
    0x000028df   0x000028df   0x00000001   PAD
    0x000028e0   0x000028e0   0x00000008   Data   RO          139    .rodata.gMotor_BConfig  ti_msp_dl_config.o
    0x000028e8   0x000028e8   0x00000002   Data   RO          150    .rodata.gRx_yawClockConfig  ti_msp_dl_config.o
    0x000028ea   0x000028ea   0x0000000a   Data   RO          151    .rodata.gRx_yawConfig  ti_msp_dl_config.o
    0x000028f4   0x000028f4   0x00000028   Data   RO          135    .rodata.gSYSPLLConfig  ti_msp_dl_config.o
    0x0000291c   0x0000291c   0x00000003   Data   RO          144    .rodata.gSpeedmeasurement_TaskClockConfig  ti_msp_dl_config.o
    0x0000291f   0x0000291f   0x00000001   PAD
    0x00002920   0x00002920   0x00000014   Data   RO          145    .rodata.gSpeedmeasurement_TaskTimerConfig  ti_msp_dl_config.o
    0x00002934   0x00002934   0x00000003   Data   RO          146    .rodata.gTrack_taskClockConfig  ti_msp_dl_config.o
    0x00002937   0x00002937   0x00000001   PAD
    0x00002938   0x00002938   0x00000014   Data   RO          147    .rodata.gTrack_taskTimerConfig  ti_msp_dl_config.o
    0x0000294c   0x0000294c   0x00000020   Data   RO          607    Region$$Table       anon$$obj.o


    Execution Region RW_IRAM2 (Exec base: 0x20200000, Load base: 0x00002970, Size: 0x00000610, Max: 0x00008000, ABSOLUTE, COMPRESSED[0x00000068])

    Exec Addr    Load Addr    Size         Type   Attr      Idx    E Section Name        Object

    0x20200000   COMPRESSED   0x00000004   Data   RW          570    .data               mc_p.l(errno.o)
    0x20200004   COMPRESSED   0x00000048   Data   RW          297    .data.bsp_encoder_param  bsp_encouder.o
    0x2020004c   COMPRESSED   0x00000078   Data   RW          193    .data.bsp_key_param  bsp_key.o
    0x202000c4   COMPRESSED   0x00000038   Data   RW          321    .data.bsp_track_param  bsp_track.o
    0x202000fc   COMPRESSED   0x00000004   Data   RW          325    .data.last_coord    bsp_track.o
    0x20200100   COMPRESSED   0x00000020   Data   RW          250    .data.moror_dir_param  bsp_motor.o
    0x20200120   COMPRESSED   0x00000030   Data   RW          251    .data.motor_param   bsp_motor.o
    0x20200150        -       0x00000001   Zero   RW          229    .bss.Yaw_RxFlag     bsp_uart.o
    0x20200151   COMPRESSED   0x00000003   PAD
    0x20200154        -       0x00000004   Zero   RW          228    .bss.Yaw_received   bsp_uart.o
    0x20200158        -       0x00000004   Zero   RW          324    .bss.coord          bsp_track.o
    0x2020015c        -       0x000000bc   Zero   RW          133    .bss.gDebug_BuzzerBackup  ti_msp_dl_config.o
    0x20200218        -       0x000000a0   Zero   RW          131    .bss.gMotor_ABackup  ti_msp_dl_config.o
    0x202002b8        -       0x000000bc   Zero   RW          132    .bss.gMotor_BBackup  ti_msp_dl_config.o
    0x20200374        -       0x000000a0   Zero   RW          134    .bss.gTrack_taskBackup  ti_msp_dl_config.o
    0x20200414        -       0x00000004   Zero   RW          323    .bss.qty            bsp_track.o
    0x20200418        -       0x00000001   Zero   RW          227    .bss.rx_data        bsp_uart.o
    0x20200419   COMPRESSED   0x00000003   PAD
    0x2020041c        -       0x0000001c   Zero   RW          322    .bss.track_position  bsp_track.o
    0x20200438        -       0x00000080   Zero   RW          233    .bss.uart0_rx_buf   bsp_uart.o
    0x202004b8        -       0x00000001   Zero   RW          232    .bss.uart0_rx_index  bsp_uart.o
    0x202004b9   COMPRESSED   0x00000003   PAD
    0x202004bc        -       0x00000004   Zero   RW          167    .bss.uwTick         my_ticks.o
    0x202004c0        -       0x00000050   Zero   RW           11    .bss.vofa_arry      empty.o
    0x20200510        -       0x00000100   Zero   RW           19    STACK               startup_mspm0g350x_uvision.o



  Load Region LR_BCR (Base: 0x41c00000, Size: 0x00000000, Max: 0x00000100, ABSOLUTE)

    Execution Region BCR_CONFIG (Exec base: 0x41c00000, Load base: 0x41c00000, Size: 0x00000000, Max: 0x000000ff, ABSOLUTE)

    **** No section assigned to this execution region ****



  Load Region LR_BSL (Base: 0x41c00100, Size: 0x00000000, Max: 0x00000100, ABSOLUTE)

    Execution Region BSL_CONFIG (Exec base: 0x41c00100, Load base: 0x41c00100, Size: 0x00000000, Max: 0x00000080, ABSOLUTE)

    **** No section assigned to this execution region ****


==============================================================================

Image component sizes


      Code (inc. data)   RO Data    RW Data    ZI Data      Debug   Object Name

       848         48          0         72          0       9294   bsp_encouder.o
       728          8          0        120          0       9067   bsp_key.o
       608         28          0         80          0       6679   bsp_motor.o
       406         32          0         60         36       8457   bsp_track.o
       592         36          0          0        135       7088   bsp_uart.o
       200         28          0          0         80       4112   empty.o
        32          4          0          0          4        986   my_ticks.o
        20          4        192          0        256        620   startup_mspm0g350x_uvision.o
      2672        264        166          0        696      28570   ti_msp_dl_config.o

    ----------------------------------------------------------------------
      6124        452        398        332       1216      74873   Object Totals
         0          0         32          0          0          0   (incl. Generated)
        18          0          8          0          9          0   (incl. Padding)

    ----------------------------------------------------------------------

      Code (inc. data)   RO Data    RW Data    ZI Data      Debug   Library Member Name

        10          0          0          0          0        803   dl_common.o
       312         24          0          0          0      12877   dl_sysctl_mspm0g1x0x_g3x0x.o
       596        188          0          0          0      41557   dl_timer.o
       110         12          0          0          0      14163   dl_uart.o
        44          0          0          0          0         76   atof.o
        86          0          0          0          0          0   __dczerorl2.o
        68          0          0          0          0         76   _sgetc.o
        36          4         64          0          0         60   ctype_c.o
         0          0          0          0          0          0   entry.o
         0          0          0          0          0          0   entry10a.o
         0          0          0          0          0          0   entry11a.o
         8          4          0          0          0          0   entry2.o
         4          0          0          0          0          0   entry5.o
         0          0          0          0          0          0   entry7b.o
         0          0          0          0          0          0   entry8b.o
         8          4          0          0          0          0   entry9a.o
        24         12          0          4          0        120   errno.o
        30          0          0          0          0          0   handlers.o
        48         10          0          0          0         68   init.o
        14          0          0          0          0         68   isspace_c.o
         0          0          0          0          0          0   iusefp.o
        48          0          0          0          0         72   llmul.o
        32          0          0          0          0         68   llshl.o
        34          0          0          0          0         68   llushr.o
       898         14          0          0          0        184   scanf_fp.o
       180         18          0          0          0        120   strtod.o
        56          0          0          0          0         68   d2f.o
       240          6          0          0          0         84   ddiv.o
       236          0          0          0          0        216   depilogue.o
        28          6          0          0          0         68   dfltul.o
       208          6          0          0          0         88   dmul.o
        40          0          0          0          0         60   f2d.o
       178          0          0          0          0        108   fadd.o
        28          0          0          0          0         60   fcmpeq.o
       124          0          0          0          0         72   fdiv.o
       130          0          0          0          0        144   fepilogue.o
        22          0          0          0          0         68   fflti.o
       122          0          0          0          0         72   fmul.o

    ----------------------------------------------------------------------
      4018        308         64          4          0      71488   Library Totals
        16          0          0          0          0          0   (incl. Padding)

    ----------------------------------------------------------------------

      Code (inc. data)   RO Data    RW Data    ZI Data      Debug   Library Name

      1028        224          0          0          0      69400   driverlib.a
        44          0          0          0          0         76   m_ps.l
      1518         66         64          4          0        904   mc_p.l
      1412         18          0          0          0       1108   mf_p.l

    ----------------------------------------------------------------------
      4018        308         64          4          0      71488   Library Totals

    ----------------------------------------------------------------------

==============================================================================


      Code (inc. data)   RO Data    RW Data    ZI Data      Debug   

     10142        760        462        336       1216     145397   Grand Totals
     10142        760        462        104       1216     145397   ELF Image Totals (compressed)
     10142        760        462        104          0          0   ROM Totals

==============================================================================

    Total RO  Size (Code + RO Data)                10604 (  10.36kB)
    Total RW  Size (RW Data + ZI Data)              1552 (   1.52kB)
    Total ROM Size (Code + RO Data + RW Data)      10708 (  10.46kB)

==============================================================================

